Component: ARM Compiler 5.05 update 2 (build 169) Tool: armlink [4d0f33]

==============================================================================

Section Cross References

    main.o(.text) refers to stm32f4xx_hal_rcc.o(.text) for HAL_RCC_OscConfig
    main.o(.text) refers to rt_cmsis.o(i.osKernelInitialize) for osKernelInitialize
    main.o(.text) refers to stm32f4xx_hal.o(.text) for HAL_Init
    main.o(.text) refers to thread_led.o(.text) for initializeLED_IO
    main.o(.text) refers to keypad.o(.text) for start_Thread_keypad
    main.o(.text) refers to adc.o(.text) for initialize_ADC
    main.o(.text) refers to rt_cmsis.o(i.osKernelStart) for osKernelStart
    main.o(.text) refers to rt_time.o(.data) for os_time
    thread_led.o(.text) refers to rt_cmsis.o(i.osThreadCreate) for osThreadCreate
    thread_led.o(.text) refers to rt_cmsis.o(i.osDelay) for osDelay
    thread_led.o(.text) refers to stm32f4xx_hal_gpio.o(.text) for HAL_GPIO_TogglePin
    thread_led.o(.text) refers to thread_led.o(.constdata) for os_thread_def_Thread_LED
    thread_led.o(.text) refers to thread_led.o(.data) for tid_Thread_LED
    thread_led.o(.text) refers to thread_led.o(.bss) for LED_configuration
    thread_led.o(.constdata) refers to thread_led.o(.text) for Thread_LED
    supporting_functions.o(.text) refers to printf1.o(i.__0printf$1) for __2printf
    gpio.o(.text) refers to stm32f4xx_hal_gpio.o(.text) for HAL_GPIO_Init
    adc.o(.text) refers to rt_cmsis.o(i.osThreadCreate) for osThreadCreate
    adc.o(.text) refers to memcpya.o(.text) for __aeabi_memcpy4
    adc.o(.text) refers to rt_cmsis.o(i.osSignalWait) for osSignalWait
    adc.o(.text) refers to stm32f4xx_hal_adc.o(.text) for HAL_ADC_PollForConversion
    adc.o(.text) refers to f2d.o(.text) for __aeabi_f2d
    adc.o(.text) refers to dmul.o(.text) for __aeabi_dmul
    adc.o(.text) refers to ddiv.o(.text) for __aeabi_ddiv
    adc.o(.text) refers to d2f.o(.text) for __aeabi_d2f
    adc.o(.text) refers to display.o(.text) for seven_segment_flash
    adc.o(.text) refers to adc.o(.constdata) for os_thread_def_Thread_ADC
    adc.o(.text) refers to adc.o(.data) for tid_Thread_ADC
    adc.o(.text) refers to adc.o(.bss) for ADC1_Handle
    adc.o(.constdata) refers to adc.o(.text) for Thread_ADC
    timer.o(.text) refers to stm32f4xx_hal_tim.o(.text) for HAL_TIM_PWM_Init
    timer.o(.text) refers to dflti.o(.text) for __aeabi_i2d
    timer.o(.text) refers to ddiv.o(.text) for __aeabi_ddiv
    timer.o(.text) refers to dmul.o(.text) for __aeabi_dmul
    timer.o(.text) refers to dfixui.o(.text) for __aeabi_d2uiz
    timer.o(.text) refers to timer.o(.bss) for TIM_Handle
    display.o(.text) refers to rt_cmsis.o(i.osThreadCreate) for osThreadCreate
    display.o(.text) refers to display.o(.constdata) for os_thread_def_Thread_display
    display.o(.text) refers to display.o(.data) for tid_Thread_display
    display.o(.constdata) refers to display.o(.text) for Thread_display
    accelerometer.o(.text) refers to rt_cmsis.o(i.osThreadCreate) for osThreadCreate
    accelerometer.o(.text) refers to sqrtf.o(i.__hardfp_sqrtf) for __hardfp_sqrtf
    accelerometer.o(.text) refers to atan2f.o(i.__hardfp_atan2f) for __hardfp_atan2f
    accelerometer.o(.text) refers to f2d.o(.text) for __aeabi_f2d
    accelerometer.o(.text) refers to dmul.o(.text) for __aeabi_dmul
    accelerometer.o(.text) refers to ddiv.o(.text) for __aeabi_ddiv
    accelerometer.o(.text) refers to dadd.o(.text) for __aeabi_dadd
    accelerometer.o(.text) refers to d2f.o(.text) for __aeabi_d2f
    accelerometer.o(.text) refers to memcpya.o(.text) for __aeabi_memcpy4
    accelerometer.o(.text) refers to lis3dsh.o(.text) for LIS3DSH_ReadACC
    accelerometer.o(.text) refers to rt_cmsis.o(i.osSignalWait) for osSignalWait
    accelerometer.o(.text) refers to stm32f4xx_hal_gpio.o(.text) for HAL_GPIO_Init
    accelerometer.o(.text) refers to stm32f4xx_hal_cortex.o(.text) for HAL_NVIC_EnableIRQ
    accelerometer.o(.text) refers to accelerometer.o(.constdata) for os_thread_def_Thread_acceleration
    accelerometer.o(.text) refers to accelerometer.o(.data) for tid_Thread_acceleration
    accelerometer.o(.text) refers to accelerometer.o(.bss) for acc
    accelerometer.o(.constdata) refers to accelerometer.o(.text) for Thread_acceleration
    keypad.o(.text) refers to rt_cmsis.o(i.osThreadCreate) for osThreadCreate
    keypad.o(.text) refers to stm32f4xx_hal_gpio.o(.text) for HAL_GPIO_Init
    keypad.o(.text) refers to rt_cmsis.o(i.osSignalWait) for osSignalWait
    keypad.o(.text) refers to printf1.o(i.__0printf$1) for __2printf
    keypad.o(.text) refers to keypad.o(.constdata) for os_thread_def_Thread_keypad
    keypad.o(.text) refers to keypad.o(.data) for tid_Thread_keypad
    keypad.o(.text) refers to keypad.o(.bss) for GPIO_init1
    keypad.o(.constdata) refers to keypad.o(.text) for Thread_keypad
    lis3dsh.o(.text) refers to stm32f4xx_hal_gpio.o(.text) for HAL_GPIO_WritePin
[...]
    C:\McGill\Software_Install\EDU\Keil_v5\ARM\PACK\Keil\STM32F4xx_DFP\2.8.0\Drivers\STM32F4xx_HAL_Driver\Src\stm32f4xx_hal_cortex.c 0x00000000   Number         0  stm32f4xx_hal_cortex.o ABSOLUTE
    C:\McGill\Software_Install\EDU\Keil_v5\ARM\PACK\Keil\STM32F4xx_DFP\2.8.0\Drivers\STM32F4xx_HAL_Driver\Src\stm32f4xx_hal_dma.c 0x00000000   Number         0  stm32f4xx_hal_dma.o ABSOLUTE
    C:\McGill\Software_Install\EDU\Keil_v5\ARM\PACK\Keil\STM32F4xx_DFP\2.8.0\Drivers\STM32F4xx_HAL_Driver\Src\stm32f4xx_hal_dma_ex.c 0x00000000   Number         0  stm32f4xx_hal_dma_ex.o ABSOLUTE
    C:\McGill\Software_Install\EDU\Keil_v5\ARM\PACK\Keil\STM32F4xx_DFP\2.8.0\Drivers\STM32F4xx_HAL_Driver\Src\stm32f4xx_hal_gpio.c 0x00000000   Number         0  stm32f4xx_hal_gpio.o ABSOLUTE
    C:\McGill\Software_Install\EDU\Keil_v5\ARM\PACK\Keil\STM32F4xx_DFP\2.8.0\Drivers\STM32F4xx_HAL_Driver\Src\stm32f4xx_hal_pwr.c 0x00000000   Number         0  stm32f4xx_hal_pwr.o ABSOLUTE
    C:\McGill\Software_Install\EDU\Keil_v5\ARM\PACK\Keil\STM32F4xx_DFP\2.8.0\Drivers\STM32F4xx_HAL_Driver\Src\stm32f4xx_hal_pwr_ex.c 0x00000000   Number         0  stm32f4xx_hal_pwr_ex.o ABSOLUTE
    C:\McGill\Software_Install\EDU\Keil_v5\ARM\PACK\Keil\STM32F4xx_DFP\2.8.0\Drivers\STM32F4xx_HAL_Driver\Src\stm32f4xx_hal_rcc.c 0x00000000   Number         0  stm32f4xx_hal_rcc.o ABSOLUTE
    C:\McGill\Software_Install\EDU\Keil_v5\ARM\PACK\Keil\STM32F4xx_DFP\2.8.0\Drivers\STM32F4xx_HAL_Driver\Src\stm32f4xx_hal_rcc_ex.c 0x00000000   Number         0  stm32f4xx_hal_rcc_ex.o ABSOLUTE
    C:\McGill\Software_Install\EDU\Keil_v5\ARM\PACK\Keil\STM32F4xx_DFP\2.8.0\Drivers\STM32F4xx_HAL_Driver\Src\stm32f4xx_hal_spi.c 0x00000000   Number         0  stm32f4xx_hal_spi.o ABSOLUTE
    C:\McGill\Software_Install\EDU\Keil_v5\ARM\PACK\Keil\STM32F4xx_DFP\2.8.0\Drivers\STM32F4xx_HAL_Driver\Src\stm32f4xx_hal_tim.c 0x00000000   Number         0  stm32f4xx_hal_tim.o ABSOLUTE
    C:\McGill\Software_Install\EDU\Keil_v5\ARM\PACK\Keil\STM32F4xx_DFP\2.8.0\Drivers\STM32F4xx_HAL_Driver\Src\stm32f4xx_hal_tim_ex.c 0x00000000   Number         0  stm32f4xx_hal_tim_ex.o ABSOLUTE
    C:\McGill\Software_Install\EDU\Keil_v5\ARM\PACK\Keil\STM32F4xx_DFP\2.8.0\Drivers\STM32F4xx_HAL_Driver\Src\stm32f4xx_hal_uart.c 0x00000000   Number         0  stm32f4xx_hal_uart.o ABSOLUTE
    C:\McGill\Software_Install\EDU\Keil_v5\ARM\PACK\Keil\STM32F4xx_DFP\2.8.0\Drivers\STM32F4xx_HAL_Driver\Src\stm32f4xx_hal_usart.c 0x00000000   Number         0  stm32f4xx_hal_usart.o ABSOLUTE
    C:\\McGill\\Software_Install\\EDU\\Keil_v5\\ARM\\PACK\\Keil\\STM32F4xx_DFP\\2.8.0\\Drivers\\STM32F4xx_HAL_Driver\\Src\\stm32f4xx_hal.c 0x00000000   Number         0  stm32f4xx_hal.o ABSOLUTE
    C:\\McGill\\Software_Install\\EDU\\Keil_v5\\ARM\\PACK\\Keil\\STM32F4xx_DFP\\2.8.0\\Drivers\\STM32F4xx_HAL_Driver\\Src\\stm32f4xx_hal_adc.c 0x00000000   Number         0  stm32f4xx_hal_adc.o ABSOLUTE
    C:\\McGill\\Software_Install\\EDU\\Keil_v5\\ARM\\PACK\\Keil\\STM32F4xx_DFP\\2.8.0\\Drivers\\STM32F4xx_HAL_Driver\\Src\\stm32f4xx_hal_adc_ex.c 0x00000000   Number         0  stm32f4xx_hal_adc_ex.o ABSOLUTE
    C:\\McGill\\Software_Install\\EDU\\Keil_v5\\ARM\\PACK\\Keil\\STM32F4xx_DFP\\2.8.0\\Drivers\\STM32F4xx_HAL_Driver\\Src\\stm32f4xx_hal_cortex.c 0x00000000   Number         0  stm32f4xx_hal_cortex.o ABSOLUTE
    C:\\McGill\\Software_Install\\EDU\\Keil_v5\\ARM\\PACK\\Keil\\STM32F4xx_DFP\\2.8.0\\Drivers\\STM32F4xx_HAL_Driver\\Src\\stm32f4xx_hal_dma.c 0x00000000   Number         0  stm32f4xx_hal_dma.o ABSOLUTE
    C:\\McGill\\Software_Install\\EDU\\Keil_v5\\ARM\\PACK\\Keil\\STM32F4xx_DFP\\2.8.0\\Drivers\\STM32F4xx_HAL_Driver\\Src\\stm32f4xx_hal_dma_ex.c 0x00000000   Number         0  stm32f4xx_hal_dma_ex.o ABSOLUTE
    C:\\McGill\\Software_Install\\EDU\\Keil_v5\\ARM\\PACK\\Keil\\STM32F4xx_DFP\\2.8.0\\Drivers\\STM32F4xx_HAL_Driver\\Src\\stm32f4xx_hal_gpio.c 0x00000000   Number         0  stm32f4xx_hal_gpio.o ABSOLUTE
    C:\\McGill\\Software_Install\\EDU\\Keil_v5\\ARM\\PACK\\Keil\\STM32F4xx_DFP\\2.8.0\\Drivers\\STM32F4xx_HAL_Driver\\Src\\stm32f4xx_hal_pwr.c 0x00000000   Number         0  stm32f4xx_hal_pwr.o ABSOLUTE
    C:\\McGill\\Software_Install\\EDU\\Keil_v5\\ARM\\PACK\\Keil\\STM32F4xx_DFP\\2.8.0\\Drivers\\STM32F4xx_HAL_Driver\\Src\\stm32f4xx_hal_pwr_ex.c 0x00000000   Number         0  stm32f4xx_hal_pwr_ex.o ABSOLUTE
    C:\\McGill\\Software_Install\\EDU\\Keil_v5\\ARM\\PACK\\Keil\\STM32F4xx_DFP\\2.8.0\\Drivers\\STM32F4xx_HAL_Driver\\Src\\stm32f4xx_hal_rcc.c 0x00000000   Number         0  stm32f4xx_hal_rcc.o ABSOLUTE
    C:\\McGill\\Software_Install\\EDU\\Keil_v5\\ARM\\PACK\\Keil\\STM32F4xx_DFP\\2.8.0\\Drivers\\STM32F4xx_HAL_Driver\\Src\\stm32f4xx_hal_rcc_ex.c 0x00000000   Number         0  stm32f4xx_hal_rcc_ex.o ABSOLUTE
    C:\\McGill\\Software_Install\\EDU\\Keil_v5\\ARM\\PACK\\Keil\\STM32F4xx_DFP\\2.8.0\\Drivers\\STM32F4xx_HAL_Driver\\Src\\stm32f4xx_hal_spi.c 0x00000000   Number         0  stm32f4xx_hal_spi.o ABSOLUTE
    C:\\McGill\\Software_Install\\EDU\\Keil_v5\\ARM\\PACK\\Keil\\STM32F4xx_DFP\\2.8.0\\Drivers\\STM32F4xx_HAL_Driver\\Src\\stm32f4xx_hal_tim.c 0x00000000   Number         0  stm32f4xx_hal_tim.o ABSOLUTE
    C:\\McGill\\Software_Install\\EDU\\Keil_v5\\ARM\\PACK\\Keil\\STM32F4xx_DFP\\2.8.0\\Drivers\\STM32F4xx_HAL_Driver\\Src\\stm32f4xx_hal_tim_ex.c 0x00000000   Number         0  stm32f4xx_hal_tim_ex.o ABSOLUTE
    C:\\McGill\\Software_Install\\EDU\\Keil_v5\\ARM\\PACK\\Keil\\STM32F4xx_DFP\\2.8.0\\Drivers\\STM32F4xx_HAL_Driver\\Src\\stm32f4xx_hal_uart.c 0x00000000   Number         0  stm32f4xx_hal_uart.o ABSOLUTE
    C:\\McGill\\Software_Install\\EDU\\Keil_v5\\ARM\\PACK\\Keil\\STM32F4xx_DFP\\2.8.0\\Drivers\\STM32F4xx_HAL_Driver\\Src\\stm32f4xx_hal_usart.c 0x00000000   Number         0  stm32f4xx_hal_usart.o ABSOLUTE
    HAL_CM4.c                                0x00000000   Number         0  hal_cm4.o ABSOLUTE
    HAL_CM4.c                                0x00000000   Number         0  hal_cm4.o ABSOLUTE
    RTE\CMSIS\RTX_Conf_CM.c                  0x00000000   Number         0  rtx_conf_cm.o ABSOLUTE
    RTE\Device\STM32F407VGTx\startup_stm32f407xx.s 0x00000000   Number         0  startup_stm32f407xx.o ABSOLUTE
    RTE\Device\STM32F407VGTx\system_stm32f4xx.c 0x00000000   Number         0  system_stm32f4xx.o ABSOLUTE
    RTE\\Device\\STM32F407VGTx\\system_stm32f4xx.c 0x00000000   Number         0  system_stm32f4xx.o ABSOLUTE
    SVC_Table.s                              0x00000000   Number         0  svc_table.o ABSOLUTE
    Sources\Thread_LED.c                     0x00000000   Number         0  thread_led.o ABSOLUTE
    Sources\\Thread_LED.c                    0x00000000   Number         0  thread_led.o ABSOLUTE
    Sources\\adc.c                           0x00000000   Number         0  adc.o ABSOLUTE
    Sources\\display.c                       0x00000000   Number         0  display.o ABSOLUTE
    Sources\\gpio.c                          0x00000000   Number         0  gpio.o ABSOLUTE
    Sources\\main.c                          0x00000000   Number         0  main.o ABSOLUTE
    Sources\\timer.c                         0x00000000   Number         0  timer.o ABSOLUTE
    Sources\adc.c                            0x00000000   Number         0  adc.o ABSOLUTE
    Sources\display.c                        0x00000000   Number         0  display.o ABSOLUTE
    Sources\gpio.c                           0x00000000   Number         0  gpio.o ABSOLUTE
    Sources\main.c                           0x00000000   Number         0  main.o ABSOLUTE
    Sources\supporting_functions.c           0x00000000   Number         0  supporting_functions.o ABSOLUTE
    Sources\timer.c                          0x00000000   Number         0  timer.o ABSOLUTE
    accelerometer.c                          0x00000000   Number         0  accelerometer.o ABSOLUTE
    accelerometer.c                          0x00000000   Number         0  accelerometer.o ABSOLUTE
    cdrcmple.s                               0x00000000   Number         0  cdrcmple.o ABSOLUTE
    dc.s                                     0x00000000   Number         0  dc.o ABSOLUTE
    handlers.s                               0x00000000   Number         0  handlers.o ABSOLUTE
    init.s                                   0x00000000   Number         0  init.o ABSOLUTE
    keypad.c                                 0x00000000   Number         0  keypad.o ABSOLUTE
    keypad.c                                 0x00000000   Number         0  keypad.o ABSOLUTE
    RESET                                    0x08000000   Section      392  startup_stm32f407xx.o(RESET)
    .ARM.Collect$$$$00000000                 0x08000188   Section        0  entry.o(.ARM.Collect$$$$00000000)
    .ARM.Collect$$$$00000001                 0x08000188   Section        4  entry2.o(.ARM.Collect$$$$00000001)
    .ARM.Collect$$$$00000004                 0x0800018c   Section        4  entry5.o(.ARM.Collect$$$$00000004)
    .ARM.Collect$$$$00000008                 0x08000190   Section        0  entry7b.o(.ARM.Collect$$$$00000008)
    .ARM.Collect$$$$0000000A                 0x08000190   Section        0  entry8b.o(.ARM.Collect$$$$0000000A)
    .ARM.Collect$$$$0000000D                 0x08000190   Section        0  entry10a.o(.ARM.Collect$$$$0000000D)
    .ARM.Collect$$$$0000000F                 0x08000190   Section        0  entry11a.o(.ARM.Collect$$$$0000000F)
    .ARM.Collect$$$$000000FF                 0x08000190   Section        0  rtx_conf_cm.o(.ARM.Collect$$$$000000FF)
    .ARM.Collect$$$$00002712                 0x080001a8   Section        4  entry2.o(.ARM.Collect$$$$00002712)
    __lit__00000000                          0x080001a8   Data           4  entry2.o(.ARM.Collect$$$$00002712)
    .emb_text                                0x080001ac   Section      408  hal_cm4.o(.emb_text)
    $v0                                      0x080001ac   Number         0  hal_cm4.o(.emb_text)
    .text                                    0x08000344   Section        0  main.o(.text)
    .text                                    0x0800040c   Section        0  thread_led.o(.text)
    .text                                    0x08000494   Section        0  adc.o(.text)
    .text                                    0x080006ec   Section        0  display.o(.text)
    .text                                    0x0800071c   Section        0  keypad.o(.text)
    .text                                    0x08000a5c   Section        0  rtx_conf_cm.o(.text)
    .text                                    0x08000a84   Section        0  stm32f4xx_hal.o(.text)
    .text                                    0x08000c34   Section        0  stm32f4xx_hal_adc.o(.text)
    ADC_Init                                 0x08000c35   Thumb Code   362  stm32f4xx_hal_adc.o(.text)
    ADC_DMAError                             0x08001241   Thumb Code    28  stm32f4xx_hal_adc.o(.text)
    ADC_DMAHalfConvCplt                      0x0800125f   Thumb Code    14  stm32f4xx_hal_adc.o(.text)
    ADC_DMAConvCplt                          0x0800126d   Thumb Code    36  stm32f4xx_hal_adc.o(.text)
    .text                                    0x080015d0   Section        0  stm32f4xx_hal_adc_ex.o(.text)
    ADC_MultiModeDMAError                    0x080018a1   Thumb Code    28  stm32f4xx_hal_adc_ex.o(.text)
    ADC_MultiModeDMAHalfConvCplt             0x080018bd   Thumb Code    14  stm32f4xx_hal_adc_ex.o(.text)
    ADC_MultiModeDMAConvCplt                 0x080018cb   Thumb Code    36  stm32f4xx_hal_adc_ex.o(.text)
    .text                                    0x08001cf0   Section        0  stm32f4xx_hal_cortex.o(.text)
    __NVIC_SetPriority                       0x08001cf1   Thumb Code    32  stm32f4xx_hal_cortex.o(.text)
    __NVIC_GetPriorityGrouping               0x08002023   Thumb Code    12  stm32f4xx_hal_cortex.o(.text)
    .text                                    0x08002044   Section        0  stm32f4xx_hal_dma.o(.text)
    DMA_CalcBaseAndBitshift                  0x08002045   Thumb Code    46  stm32f4xx_hal_dma.o(.text)
    DMA_SetConfig                            0x08002157   Thumb Code    44  stm32f4xx_hal_dma.o(.text)
    .text                                    0x0800265c   Section        0  stm32f4xx_hal_gpio.o(.text)
    .text                                    0x08002a28   Section        0  stm32f4xx_hal_rcc.o(.text)
    .text                                    0x08003474   Section       36  startup_stm32f407xx.o(.text)
    $v0                                      0x08003474   Number         0  startup_stm32f407xx.o(.text)
    .text                                    0x08003498   Section        0  system_stm32f4xx.o(.text)
    .text                                    0x080035b8   Section        0  memcpya.o(.text)
    .text                                    0x080035dc   Section        0  dmul.o(.text)
    .text                                    0x080036c0   Section        0  ddiv.o(.text)
    .text                                    0x0800379e   Section        0  f2d.o(.text)
    .text                                    0x080037c4   Section        0  d2f.o(.text)
    .text                                    0x080037fc   Section        0  uidiv.o(.text)
    .text                                    0x08003828   Section        0  llshl.o(.text)
    .text                                    0x08003846   Section        0  llushr.o(.text)
    .text                                    0x08003866   Section        0  iusefp.o(.text)
    .text                                    0x08003866   Section        0  fepilogue.o(.text)
    .text                                    0x080038d4   Section        0  depilogue.o(.text)
    .text                                    0x08003990   Section       36  init.o(.text)
    .text                                    0x080039b4   Section        0  semi.o(.text)
    .text                                    0x080039b4   Section        0  iusesemip.o(.text)
    SVC_TABLE                                0x080039b4   Section        4  svc_table.o(SVC_TABLE)
    i.__0printf$1                            0x080039b8   Section        0  printf1.o(i.__0printf$1)
    i.__scatterload_copy                     0x080039d8   Section       14  handlers.o(i.__scatterload_copy)
    i.__scatterload_null                     0x080039e6   Section        2  handlers.o(i.__scatterload_null)
    i.__scatterload_zeroinit                 0x080039e8   Section       14  handlers.o(i.__scatterload_zeroinit)
    i._init_box                              0x080039f6   Section        0  rt_membox.o(i._init_box)
    i._printf_core                           0x08003a3c   Section        0  printf1.o(i._printf_core)
    _printf_core                             0x08003a3d   Thumb Code   336  printf1.o(i._printf_core)
    i.dbg_init                               0x08003b90   Section        0  hal_cm.o(i.dbg_init)
    i.dbg_task_notify                        0x08003bc0   Section        0  hal_cm.o(i.dbg_task_notify)
    i.dbg_task_switch                        0x08003be0   Section        0  hal_cm.o(i.dbg_task_switch)
    i.fputc                                  0x08003bf0   Section        0  fputc.o(i.fputc)
    i.isrMessageGet                          0x08003c02   Section        0  rt_cmsis.o(i.isrMessageGet)
    i.isrMessagePut                          0x08003c2c   Section        0  rt_cmsis.o(i.isrMessagePut)
    i.isr_mbx_receive                        0x08003c58   Section        0  rt_mailbox.o(i.isr_mbx_receive)
    i.isr_mbx_send                           0x08003cae   Section        0  rt_mailbox.o(i.isr_mbx_send)
    i.osDelay                                0x08003cbc   Section        0  rt_cmsis.o(i.osDelay)
    i.osKernelInitialize                     0x08003cd4   Section        0  rt_cmsis.o(i.osKernelInitialize)
    i.osKernelStart                          0x08003cf8   Section        0  rt_cmsis.o(i.osKernelStart)
    i.osMessageGet                           0x08003d64   Section        0  rt_cmsis.o(i.osMessageGet)
    i.osSignalWait                           0x08003d7c   Section        0  rt_cmsis.o(i.osSignalWait)
    i.osThreadCreate                         0x08003d94   Section        0  rt_cmsis.o(i.osThreadCreate)
    i.osThreadExit                           0x08003dc0   Section        0  rt_cmsis.o(i.osThreadExit)
    i.osTimerCall                            0x08003dd8   Section        0  rt_cmsis.o(i.osTimerCall)
    i.osTimerThread                          0x08003de4   Section        0  rt_cmsis.o(i.osTimerThread)
    i.os_tick_init                           0x08003e10   Section        0  rt_system.o(i.os_tick_init)
    i.os_tick_irqack                         0x08003e38   Section        0  rt_system.o(i.os_tick_irqack)
    i.rt_alloc_box                           0x08003e3a   Section        0  rt_membox.o(i.rt_alloc_box)
    i.rt_alloc_mem                           0x08003e54   Section        0  rt_memory.o(i.rt_alloc_mem)
    i.rt_block                               0x08003e94   Section        0  rt_task.o(i.rt_block)
    i.rt_chk_robin                           0x08003ecc   Section        0  rt_robin.o(i.rt_chk_robin)
    i.rt_dec_dly                             0x08003f14   Section        0  rt_list.o(i.rt_dec_dly)
    i.rt_dispatch                            0x08003f84   Section        0  rt_task.o(i.rt_dispatch)
    i.rt_dly_wait                            0x08003fc8   Section        0  rt_time.o(i.rt_dly_wait)
    i.rt_evt_psh                             0x08003fd0   Section        0  rt_event.o(i.rt_evt_psh)
    i.rt_evt_wait                            0x08004020   Section        0  rt_event.o(i.rt_evt_wait)
    i.rt_free_box                            0x0800405c   Section        0  rt_membox.o(i.rt_free_box)
    i.rt_free_mem                            0x08004088   Section        0  rt_memory.o(i.rt_free_mem)
    i.rt_get_first                           0x080040b0   Section        0  rt_list.o(i.rt_get_first)
    i.rt_id2obj                              0x080040d8   Section        0  rt_cmsis.o(i.rt_id2obj)
    rt_id2obj                                0x080040d9   Thumb Code     8  rt_cmsis.o(i.rt_id2obj)
    i.rt_init_context                        0x080040e0   Section        0  rt_task.o(i.rt_init_context)
    rt_init_context                          0x080040e1   Thumb Code    66  rt_task.o(i.rt_init_context)
    i.rt_init_mem                            0x08004128   Section        0  rt_memory.o(i.rt_init_mem)
    i.rt_init_robin                          0x08004144   Section        0  rt_robin.o(i.rt_init_robin)
    i.rt_init_stack                          0x0800415c   Section        0  hal_cm.o(i.rt_init_stack)
    i.rt_mbx_check                           0x080041dc   Section        0  rt_mailbox.o(i.rt_mbx_check)
    i.rt_mbx_init                            0x080041e4   Section        0  rt_mailbox.o(i.rt_mbx_init)
    i.rt_mbx_psh                             0x08004200   Section        0  rt_mailbox.o(i.rt_mbx_psh)
    i.rt_mbx_wait                            0x080042f0   Section        0  rt_mailbox.o(i.rt_mbx_wait)
    i.rt_ms2tick                             0x080043a4   Section        0  rt_cmsis.o(i.rt_ms2tick)
    rt_ms2tick                               0x080043a5   Thumb Code    58  rt_cmsis.o(i.rt_ms2tick)
    i.rt_pop_req                             0x080043e8   Section        0  rt_system.o(i.rt_pop_req)
    i.rt_psh_req                             0x08004464   Section        0  rt_system.o(i.rt_psh_req)
    i.rt_psq_enq                             0x08004484   Section        0  rt_list.o(i.rt_psq_enq)
    i.rt_put_dly                             0x080044e0   Section        0  rt_list.o(i.rt_put_dly)
    i.rt_put_prio                            0x08004528   Section        0  rt_list.o(i.rt_put_prio)
    i.rt_put_rdy_first                       0x08004560   Section        0  rt_list.o(i.rt_put_rdy_first)
    i.rt_resort_prio                         0x08004574   Section        0  rt_list.o(i.rt_resort_prio)
    i.rt_ret_regs                            0x080045a8   Section        0  hal_cm.o(i.rt_ret_regs)
    rt_ret_regs                              0x080045a9   Thumb Code    16  hal_cm.o(i.rt_ret_regs)
    i.rt_ret_val                             0x080045b8   Section        0  hal_cm.o(i.rt_ret_val)
    i.rt_ret_val2                            0x080045c4   Section        0  hal_cm.o(i.rt_ret_val2)
    i.rt_rmv_dly                             0x080045d4   Section        0  rt_list.o(i.rt_rmv_dly)
    i.rt_rmv_list                            0x080045fc   Section        0  rt_list.o(i.rt_rmv_list)
    i.rt_sem_psh                             0x0800462c   Section        0  rt_semaphore.o(i.rt_sem_psh)
    i.rt_stk_check                           0x08004660   Section        0  rt_system.o(i.rt_stk_check)
    i.rt_switch_req                          0x08004684   Section        0  rt_task.o(i.rt_switch_req)
    i.rt_sys_init                            0x080046ac   Section        0  rt_task.o(i.rt_sys_init)
    i.rt_sys_start                           0x08004778   Section        0  rt_task.o(i.rt_sys_start)
    i.rt_systick                             0x080047f0   Section        0  rt_system.o(i.rt_systick)
    i.rt_tid2ptcb                            0x08004830   Section        0  rt_cmsis.o(i.rt_tid2ptcb)
    rt_tid2ptcb                              0x08004831   Thumb Code    18  rt_cmsis.o(i.rt_tid2ptcb)
    i.rt_timer_insert                        0x08004844   Section        0  rt_cmsis.o(i.rt_timer_insert)
    rt_timer_insert                          0x08004845   Thumb Code    48  rt_cmsis.o(i.rt_timer_insert)
    i.rt_tsk_create                          0x08004878   Section        0  rt_task.o(i.rt_tsk_create)
    i.rt_tsk_delete                          0x08004900   Section        0  rt_task.o(i.rt_tsk_delete)
    i.rt_tsk_prio                            0x08004a7c   Section        0  rt_task.o(i.rt_tsk_prio)
    i.rt_tsk_self                            0x08004af8   Section        0  rt_task.o(i.rt_tsk_self)
    i.svcDelay                               0x08004b08   Section        0  rt_cmsis.o(i.svcDelay)
    i.svcKernelInitialize                    0x08004b1c   Section        0  rt_cmsis.o(i.svcKernelInitialize)
    i.svcKernelStart                         0x08004b8c   Section        0  rt_cmsis.o(i.svcKernelStart)
    i.svcMessageCreate                       0x08004bd4   Section        0  rt_cmsis.o(i.svcMessageCreate)
    i.svcMessageGet                          0x08004bf8   Section        0  rt_cmsis.o(i.svcMessageGet)
    i.svcSignalWait                          0x08004c34   Section        0  rt_cmsis.o(i.svcSignalWait)
    i.svcThreadCreate                        0x08004c88   Section        0  rt_cmsis.o(i.svcThreadCreate)
    i.svcThreadGetId                         0x08004cf4   Section        0  rt_cmsis.o(i.svcThreadGetId)
    i.svcThreadTerminate                     0x08004d10   Section        0  rt_cmsis.o(i.svcThreadTerminate)
    i.svcTimerCall                           0x08004d48   Section        0  rt_cmsis.o(i.svcTimerCall)
    i.sysTimerTick                           0x08004d60   Section        0  rt_cmsis.o(i.sysTimerTick)
    .constdata                               0x08004dbc   Section       16  thread_led.o(.constdata)
    .constdata                               0x08004dcc   Section       36  adc.o(.constdata)
    .constdata                               0x08004df0   Section       16  display.o(.constdata)
    .constdata                               0x08004e00   Section       64  keypad.o(.constdata)
    .constdata                               0x08004e40   Section      104  rtx_conf_cm.o(.constdata)
    __tagsym$$used                           0x08004e5c   Number         0  rtx_conf_cm.o(.constdata)
    __tagsym$$used                           0x08004e60   Number         0  rtx_conf_cm.o(.constdata)
    __tagsym$$used                           0x08004e64   Number         0  rtx_conf_cm.o(.constdata)
    __tagsym$$used                           0x08004e68   Number         0  rtx_conf_cm.o(.constdata)
    .constdata                               0x08004ea8   Section        8  stm32f4xx_hal_dma.o(.constdata)
    flagBitshiftOffset                       0x08004ea8   Data           8  stm32f4xx_hal_dma.o(.constdata)
    .constdata                               0x08004eb0   Section       16  stm32f4xx_hal_rcc.o(.constdata)
    .constdata                               0x08004ec0   Section       16  system_stm32f4xx.o(.constdata)
    .data                                    0x20000000   Section        4  thread_led.o(.data)
    .data                                    0x20000004   Section        4  adc.o(.data)
    .data                                    0x20000008   Section       16  display.o(.data)
    .data                                    0x20000018   Section        8  keypad.o(.data)
    .data                                    0x20000020   Section       16  rtx_conf_cm.o(.data)
    .data                                    0x20000030   Section        4  stm32f4xx_hal.o(.data)
    uwTick                                   0x20000030   Data           4  stm32f4xx_hal.o(.data)
    .data                                    0x20000034   Section        4  system_stm32f4xx.o(.data)
    .data                                    0x20000038   Section        8  rt_cmsis.o(.data)
    .data                                    0x20000040   Section        4  rt_time.o(.data)
    .data                                    0x20000044   Section        8  rt_task.o(.data)
    .data                                    0x2000004c   Section        8  rt_system.o(.data)
    os_lock                                  0x2000004c   Data           1  rt_system.o(.data)
    os_psh_flag                              0x2000004d   Data           1  rt_system.o(.data)
    pend_flags                               0x2000004e   Data           1  rt_system.o(.data)
    .data                                    0x20000054   Section        1  hal_cm.o(.data)
    .data                                    0x20000058   Section        8  rt_robin.o(.data)
    .data                                    0x20000060   Section        4  stdout.o(.data)
    .bss                                     0x20000064   Section       20  thread_led.o(.bss)
    .bss                                     0x20000078   Section       68  adc.o(.bss)
    .bss                                     0x200000bc   Section       40  keypad.o(.bss)
    .bss                                     0x200000e8   Section     6640  rtx_conf_cm.o(.bss)
    .bss                                     0x20001ad8   Section       52  rt_task.o(.bss)
    .bss                                     0x20001b0c   Section       48  rt_list.o(.bss)
    STACK                                    0x20001b40   Section     1024  startup_stm32f407xx.o(STACK)

    Global Symbols

    Symbol Name                              Value     Ov Type        Size  Object(Section)

    BuildAttributes$$THM_ISAv4$E$P$D$K$B$S$7EM$VFPi3$EXTD16$VFPS$VFMA$PE$A:L22UL41UL21$X:L11$S22US41US21$IEEE1$IW$USESV6$~STKCKD$USESV7$~SHL$OTIME$ROPI$IEEEX$EBA8$MICROLIB$REQ8$PRES8$EABIv2 0x00000000   Number         0  anon$$obj.o ABSOLUTE
    __ARM_use_no_argv                        0x00000000   Number         0  main.o ABSOLUTE
    _printf_a                                0x00000000   Number         0  stubs.o ABSOLUTE
    _printf_c                                0x00000000   Number         0  stubs.o ABSOLUTE
    _printf_charcount                        0x00000000   Number         0  stubs.o ABSOLUTE
    _printf_d                                0x00000000   Number         0  stubs.o ABSOLUTE
    _printf_e                                0x00000000   Number         0  stubs.o ABSOLUTE
    _printf_f                                0x00000000   Number         0  stubs.o ABSOLUTE
    _printf_flags                            0x00000000   Number         0  stubs.o ABSOLUTE
    _printf_fp_dec                           0x00000000   Number         0  stubs.o ABSOLUTE
    _printf_fp_hex                           0x00000000   Number         0  stubs.o ABSOLUTE
    _printf_g                                0x00000000   Number         0  stubs.o ABSOLUTE
    _printf_i                                0x00000000   Number         0  stubs.o ABSOLUTE
    _printf_int_dec                          0x00000000   Number         0  stubs.o ABSOLUTE
    _printf_l                                0x00000000   Number         0  stubs.o ABSOLUTE
    _printf_lc                               0x00000000   Number         0  stubs.o ABSOLUTE
    _printf_ll                               0x00000000   Number         0  stubs.o ABSOLUTE
    _printf_lld                              0x00000000   Number         0  stubs.o ABSOLUTE
    _printf_lli                              0x00000000   Number         0  stubs.o ABSOLUTE
    _printf_llo                              0x00000000   Number         0  stubs.o ABSOLUTE
    _printf_llu                              0x00000000   Number         0  stubs.o ABSOLUTE
    _printf_llx                              0x00000000   Number         0  stubs.o ABSOLUTE
    _printf_longlong_dec                     0x00000000   Number         0  stubs.o ABSOLUTE
    _printf_longlong_hex                     0x00000000   Number         0  stubs.o ABSOLUTE
    _printf_longlong_oct                     0x00000000   Number         0  stubs.o ABSOLUTE
    _printf_ls                               0x00000000   Number         0  stubs.o ABSOLUTE
    _printf_mbtowc                           0x00000000   Number         0  stubs.o ABSOLUTE
    _printf_n                                0x00000000   Number         0  stubs.o ABSOLUTE
    _printf_o                                0x00000000   Number         0  stubs.o ABSOLUTE
    _printf_p                                0x00000000   Number         0  stubs.o ABSOLUTE
    _printf_percent                          0x00000000   Number         0  stubs.o ABSOLUTE
    _printf_pre_padding                      0x00000000   Number         0  stubs.o ABSOLUTE
    _printf_return_value                     0x00000000   Number         0  stubs.o ABSOLUTE
    _printf_s                                0x00000000   Number         0  stubs.o ABSOLUTE
    _printf_sizespec                         0x00000000   Number         0  stubs.o ABSOLUTE
    _printf_str                              0x00000000   Number         0  stubs.o ABSOLUTE
    _printf_truncate_signed                  0x00000000   Number         0  stubs.o ABSOLUTE
    _printf_truncate_unsigned                0x00000000   Number         0  stubs.o ABSOLUTE
    _printf_u                                0x00000000   Number         0  stubs.o ABSOLUTE
    _printf_wc                               0x00000000   Number         0  stubs.o ABSOLUTE
    _printf_wctomb                           0x00000000   Number         0  stubs.o ABSOLUTE
    _printf_widthprec                        0x00000000   Number         0  stubs.o ABSOLUTE
    _printf_x                                0x00000000   Number         0  stubs.o ABSOLUTE
    __cpp_initialize__aeabi_                  - Undefined Weak Reference
    __cxa_finalize                            - Undefined Weak Reference
    __decompress                              - Undefined Weak Reference
    _clock_init                               - Undefined Weak Reference
    _microlib_exit                            - Undefined Weak Reference
    __Vectors_Size                           0x00000188   Number         0  startup_stm32f407xx.o ABSOLUTE
    __RL_RTX_VER                             0x00000482   Number         0  rt_system.o ABSOLUTE
    __Vectors                                0x08000000   Data           4  startup_stm32f407xx.o(RESET)
    __Vectors_End                            0x08000188   Data           0  startup_stm32f407xx.o(RESET)
    __main                                   0x08000189   Thumb Code     0  entry.o(.ARM.Collect$$$$00000000)
    _main_stk                                0x08000189   Thumb Code     0  entry2.o(.ARM.Collect$$$$00000001)
    _main_scatterload                        0x0800018d   Thumb Code     0  entry5.o(.ARM.Collect$$$$00000004)
    __main_after_scatterload                 0x08000191   Thumb Code     0  entry5.o(.ARM.Collect$$$$00000004)
    __rt_final_cpp                           0x08000191   Thumb Code     0  entry10a.o(.ARM.Collect$$$$0000000D)
    __rt_final_exit                          0x08000191   Thumb Code     0  entry11a.o(.ARM.Collect$$$$0000000F)
    _main_clock                              0x08000191   Thumb Code     0  entry7b.o(.ARM.Collect$$$$00000008)
    _main_cpp_init                           0x08000191   Thumb Code     0  entry8b.o(.ARM.Collect$$$$0000000A)
    _main_init                               0x08000191   Thumb Code    18  rtx_conf_cm.o(.ARM.Collect$$$$000000FF)
    rt_set_PSP                               0x080001ad   Thumb Code     6  hal_cm4.o(.emb_text)
    rt_get_PSP                               0x080001b3   Thumb Code     6  hal_cm4.o(.emb_text)
    os_set_env                               0x080001b9   Thumb Code    24  hal_cm4.o(.emb_text)
    _alloc_box                               0x080001d5   Thumb Code    28  hal_cm4.o(.emb_text)
    _free_box                                0x080001f5   Thumb Code    28  hal_cm4.o(.emb_text)
    SVC_Handler                              0x08000215   Thumb Code   168  hal_cm4.o(.emb_text)
    PendSV_Handler                           0x080002cd   Thumb Code    96  hal_cm4.o(.emb_text)
    SysTick_Handler                          0x08000331   Thumb Code     8  hal_cm4.o(.emb_text)
    OS_Tick_Handler                          0x08000339   Thumb Code    12  hal_cm4.o(.emb_text)
    HAL_GetTick                              0x08000345   Thumb Code     6  main.o(.text)
    SystemClock_Config                       0x0800034b   Thumb Code   142  main.o(.text)
    main                                     0x080003d9   Thumb Code    38  main.o(.text)
    start_Thread_LED                         0x0800040d   Thumb Code    30  thread_led.o(.text)
    Thread_LED                               0x0800042b   Thumb Code    22  thread_led.o(.text)
    initializeLED_IO                         0x08000441   Thumb Code    62  thread_led.o(.text)
    tempConversion                           0x08000495   Thumb Code    38  adc.o(.text)
    FIR_C                                    0x080004bb   Thumb Code    82  adc.o(.text)
    start_Thread_ADC                         0x0800050d   Thumb Code    30  adc.o(.text)
    Thread_ADC                               0x0800052b   Thumb Code   248  adc.o(.text)
    initialize_ADC                           0x08000623   Thumb Code   146  adc.o(.text)
    start_Thread_display                     0x080006ed   Thumb Code    30  display.o(.text)
    Thread_display                           0x0800070b   Thumb Code     2  display.o(.text)
    seven_segment_flash                      0x0800070d   Thumb Code     2  display.o(.text)
    seven_segment_stop_flash                 0x0800070f   Thumb Code     2  display.o(.text)
    seven_segment_set_temp                   0x08000711   Thumb Code     2  display.o(.text)
    start_Thread_keypad                      0x0800071d   Thumb Code    30  keypad.o(.text)
    set_keypad_column                        0x0800073b   Thumb Code   120  keypad.o(.text)
    set_keypad_row                           0x080007b3   Thumb Code   120  keypad.o(.text)
    get_column                               0x0800082b   Thumb Code    60  keypad.o(.text)
    get_row                                  0x08000867   Thumb Code    76  keypad.o(.text)
    get_key                                  0x080008b3   Thumb Code    46  keypad.o(.text)
    reset_key                                0x080008e1   Thumb Code    54  keypad.o(.text)
    Thread_keypad                            0x08000917   Thumb Code   230  keypad.o(.text)
    os_idle_demon                            0x08000a5d   Thumb Code     4  rtx_conf_cm.o(.text)
    os_error                                 0x08000a61   Thumb Code    34  rtx_conf_cm.o(.text)
    HAL_MspInit                              0x08000a85   Thumb Code    10  stm32f4xx_hal.o(.text)
    HAL_InitTick                             0x08000a8f   Thumb Code    36  stm32f4xx_hal.o(.text)
    HAL_Init                                 0x08000ab3   Thumb Code    54  stm32f4xx_hal.o(.text)
    HAL_MspDeInit                            0x08000ae9   Thumb Code    10  stm32f4xx_hal.o(.text)
    HAL_DeInit                               0x08000af3   Thumb Code    64  stm32f4xx_hal.o(.text)
    HAL_IncTick                              0x08000b33   Thumb Code    12  stm32f4xx_hal.o(.text)
    HAL_Delay                                0x08000b45   Thumb Code    26  stm32f4xx_hal.o(.text)
    HAL_SuspendTick                          0x08000b5f   Thumb Code    18  stm32f4xx_hal.o(.text)
    HAL_ResumeTick                           0x08000b71   Thumb Code    18  stm32f4xx_hal.o(.text)
    HAL_GetHalVersion                        0x08000b83   Thumb Code     4  stm32f4xx_hal.o(.text)
    HAL_GetREVID                             0x08000b87   Thumb Code     8  stm32f4xx_hal.o(.text)
    HAL_GetDEVID                             0x08000b8f   Thumb Code    10  stm32f4xx_hal.o(.text)
    HAL_DBGMCU_EnableDBGSleepMode            0x08000b99   Thumb Code    14  stm32f4xx_hal.o(.text)
    HAL_DBGMCU_DisableDBGSleepMode           0x08000ba7   Thumb Code    14  stm32f4xx_hal.o(.text)
    HAL_DBGMCU_EnableDBGStopMode             0x08000bb5   Thumb Code    14  stm32f4xx_hal.o(.text)
    HAL_DBGMCU_DisableDBGStopMode            0x08000bc3   Thumb Code    14  stm32f4xx_hal.o(.text)
    HAL_DBGMCU_EnableDBGStandbyMode          0x08000bd1   Thumb Code    14  stm32f4xx_hal.o(.text)
    HAL_DBGMCU_DisableDBGStandbyMode         0x08000bdf   Thumb Code    14  stm32f4xx_hal.o(.text)
    HAL_EnableCompensationCell               0x08000bed   Thumb Code    22  stm32f4xx_hal.o(.text)
    HAL_DisableCompensationCell              0x08000c03   Thumb Code    24  stm32f4xx_hal.o(.text)
    HAL_ADC_MspInit                          0x08000d9f   Thumb Code     2  stm32f4xx_hal_adc.o(.text)
    HAL_ADC_Init                             0x08000da1   Thumb Code    74  stm32f4xx_hal_adc.o(.text)
    HAL_ADC_MspDeInit                        0x08000deb   Thumb Code     2  stm32f4xx_hal_adc.o(.text)
    HAL_ADC_DeInit                           0x08000ded   Thumb Code    34  stm32f4xx_hal_adc.o(.text)
    HAL_ADC_Start                            0x08000e0f   Thumb Code   182  stm32f4xx_hal_adc.o(.text)
    HAL_ADC_Stop                             0x08000ec5   Thumb Code    24  stm32f4xx_hal_adc.o(.text)
    HAL_ADC_PollForConversion                0x08000edd   Thumb Code   130  stm32f4xx_hal_adc.o(.text)
    HAL_ADC_PollForEvent                     0x08000f5f   Thumb Code   104  stm32f4xx_hal_adc.o(.text)
    HAL_ADC_Start_IT                         0x08000fc7   Thumb Code   232  stm32f4xx_hal_adc.o(.text)
    HAL_ADC_Stop_IT                          0x080010af   Thumb Code    48  stm32f4xx_hal_adc.o(.text)
    HAL_ADC_ErrorCallback                    0x080010df   Thumb Code     2  stm32f4xx_hal_adc.o(.text)
    HAL_ADC_LevelOutOfWindowCallback         0x080010e1   Thumb Code     2  stm32f4xx_hal_adc.o(.text)
    HAL_ADC_ConvCpltCallback                 0x080010e3   Thumb Code     2  stm32f4xx_hal_adc.o(.text)
    HAL_ADC_IRQHandler                       0x080010e5   Thumb Code   348  stm32f4xx_hal_adc.o(.text)
    HAL_ADC_ConvHalfCpltCallback             0x0800125d   Thumb Code     2  stm32f4xx_hal_adc.o(.text)
    HAL_ADC_Start_DMA                        0x08001291   Thumb Code   186  stm32f4xx_hal_adc.o(.text)
    HAL_ADC_Stop_DMA                         0x0800134b   Thumb Code    56  stm32f4xx_hal_adc.o(.text)
    HAL_ADC_GetValue                         0x08001383   Thumb Code     8  stm32f4xx_hal_adc.o(.text)
    HAL_ADC_ConfigChannel                    0x0800138b   Thumb Code   416  stm32f4xx_hal_adc.o(.text)
    HAL_ADC_AnalogWDGConfig                  0x0800152b   Thumb Code   132  stm32f4xx_hal_adc.o(.text)
    HAL_ADC_GetState                         0x080015af   Thumb Code     8  stm32f4xx_hal_adc.o(.text)
    HAL_ADC_GetError                         0x080015b7   Thumb Code     6  stm32f4xx_hal_adc.o(.text)
    HAL_ADCEx_InjectedStart                  0x080015d1   Thumb Code   230  stm32f4xx_hal_adc_ex.o(.text)
    HAL_ADCEx_InjectedStart_IT               0x080016b7   Thumb Code   258  stm32f4xx_hal_adc_ex.o(.text)
    HAL_ADCEx_InjectedStop                   0x080017b9   Thumb Code    24  stm32f4xx_hal_adc_ex.o(.text)
    HAL_ADCEx_InjectedPollForConversion      0x080017d1   Thumb Code    90  stm32f4xx_hal_adc_ex.o(.text)
    HAL_ADCEx_InjectedStop_IT                0x0800182b   Thumb Code    48  stm32f4xx_hal_adc_ex.o(.text)
    HAL_ADCEx_InjectedGetValue               0x0800185b   Thumb Code    70  stm32f4xx_hal_adc_ex.o(.text)
    HAL_ADCEx_MultiModeStart_DMA             0x080018ef   Thumb Code   206  stm32f4xx_hal_adc_ex.o(.text)
    HAL_ADCEx_MultiModeStop_DMA              0x080019bd   Thumb Code   116  stm32f4xx_hal_adc_ex.o(.text)
    HAL_ADCEx_MultiModeGetValue              0x08001a31   Thumb Code     8  stm32f4xx_hal_adc_ex.o(.text)
    HAL_ADCEx_InjectedConvCpltCallback       0x08001a39   Thumb Code     2  stm32f4xx_hal_adc_ex.o(.text)
    HAL_ADCEx_InjectedConfigChannel          0x08001a3b   Thumb Code   552  stm32f4xx_hal_adc_ex.o(.text)
    HAL_ADCEx_MultiModeConfigChannel         0x08001c63   Thumb Code   130  stm32f4xx_hal_adc_ex.o(.text)
    HAL_NVIC_SetPriorityGrouping             0x08001d11   Thumb Code    36  stm32f4xx_hal_cortex.o(.text)
    HAL_NVIC_SetPriority                     0x08001d35   Thumb Code   124  stm32f4xx_hal_cortex.o(.text)
    HAL_NVIC_EnableIRQ                       0x08001db1   Thumb Code    32  stm32f4xx_hal_cortex.o(.text)
    HAL_NVIC_DisableIRQ                      0x08001dd1   Thumb Code    30  stm32f4xx_hal_cortex.o(.text)
    HAL_NVIC_SystemReset                     0x08001def   Thumb Code    64  stm32f4xx_hal_cortex.o(.text)
    HAL_SYSTICK_Config                       0x08001e2f   Thumb Code    52  stm32f4xx_hal_cortex.o(.text)
    HAL_MPU_ConfigRegion                     0x08001e63   Thumb Code    90  stm32f4xx_hal_cortex.o(.text)
    HAL_NVIC_GetPriorityGrouping             0x08001ebd   Thumb Code     8  stm32f4xx_hal_cortex.o(.text)
    HAL_NVIC_GetPriority                     0x08001ec5   Thumb Code   138  stm32f4xx_hal_cortex.o(.text)
    HAL_NVIC_SetPendingIRQ                   0x08001f4f   Thumb Code    32  stm32f4xx_hal_cortex.o(.text)
    HAL_NVIC_GetPendingIRQ                   0x08001f6f   Thumb Code    46  stm32f4xx_hal_cortex.o(.text)
    HAL_NVIC_ClearPendingIRQ                 0x08001f9d   Thumb Code    30  stm32f4xx_hal_cortex.o(.text)
    HAL_NVIC_GetActive                       0x08001fbb   Thumb Code    46  stm32f4xx_hal_cortex.o(.text)
    HAL_SYSTICK_CLKSourceConfig              0x08001fe9   Thumb Code    40  stm32f4xx_hal_cortex.o(.text)
    HAL_SYSTICK_Callback                     0x08002011   Thumb Code    10  stm32f4xx_hal_cortex.o(.text)
    HAL_SYSTICK_IRQHandler                   0x0800201b   Thumb Code     8  stm32f4xx_hal_cortex.o(.text)
    HAL_DMA_Init                             0x08002073   Thumb Code   128  stm32f4xx_hal_dma.o(.text)
    HAL_DMA_DeInit                           0x080020f3   Thumb Code   100  stm32f4xx_hal_dma.o(.text)
    HAL_DMA_Start                            0x08002183   Thumb Code    82  stm32f4xx_hal_dma.o(.text)
    HAL_DMA_Start_IT                         0x080021d5   Thumb Code   106  stm32f4xx_hal_dma.o(.text)
    HAL_DMA_Abort                            0x0800223f   Thumb Code    94  stm32f4xx_hal_dma.o(.text)
    HAL_DMA_PollForTransfer                  0x0800229d   Thumb Code   412  stm32f4xx_hal_dma.o(.text)
    HAL_DMA_IRQHandler                       0x08002439   Thumb Code   530  stm32f4xx_hal_dma.o(.text)
    HAL_DMA_GetState                         0x0800264b   Thumb Code     8  stm32f4xx_hal_dma.o(.text)
    HAL_DMA_GetError                         0x08002653   Thumb Code     6  stm32f4xx_hal_dma.o(.text)
    HAL_GPIO_Init                            0x0800265d   Thumb Code   476  stm32f4xx_hal_gpio.o(.text)
    HAL_GPIO_DeInit                          0x08002839   Thumb Code   326  stm32f4xx_hal_gpio.o(.text)
    HAL_GPIO_ReadPin                         0x0800297f   Thumb Code    16  stm32f4xx_hal_gpio.o(.text)
    HAL_GPIO_WritePin                        0x0800298f   Thumb Code    12  stm32f4xx_hal_gpio.o(.text)
    HAL_GPIO_TogglePin                       0x0800299b   Thumb Code     8  stm32f4xx_hal_gpio.o(.text)
    HAL_GPIO_LockPin                         0x080029a3   Thumb Code    46  stm32f4xx_hal_gpio.o(.text)
    HAL_GPIO_EXTI_Callback                   0x080029d1   Thumb Code    10  stm32f4xx_hal_gpio.o(.text)
    HAL_GPIO_EXTI_IRQHandler                 0x080029db   Thumb Code    28  stm32f4xx_hal_gpio.o(.text)
    HAL_RCC_OscConfig                        0x08002a2b   Thumb Code  1032  stm32f4xx_hal_rcc.o(.text)
    HAL_RCC_ClockConfig                      0x08002e33   Thumb Code   680  stm32f4xx_hal_rcc.o(.text)
    HAL_RCC_MCOConfig                        0x080030db   Thumb Code   178  stm32f4xx_hal_rcc.o(.text)
    HAL_RCC_EnableCSS                        0x0800318d   Thumb Code     8  stm32f4xx_hal_rcc.o(.text)
    HAL_RCC_DisableCSS                       0x08003195   Thumb Code     8  stm32f4xx_hal_rcc.o(.text)
    HAL_RCC_GetSysClockFreq                  0x0800319d   Thumb Code   198  stm32f4xx_hal_rcc.o(.text)
    HAL_RCC_GetHCLKFreq                      0x08003263   Thumb Code    42  stm32f4xx_hal_rcc.o(.text)
    HAL_RCC_GetPCLK1Freq                     0x0800328d   Thumb Code    36  stm32f4xx_hal_rcc.o(.text)
    HAL_RCC_GetPCLK2Freq                     0x080032b1   Thumb Code    36  stm32f4xx_hal_rcc.o(.text)
    HAL_RCC_GetOscConfig                     0x080032d5   Thumb Code   296  stm32f4xx_hal_rcc.o(.text)
    HAL_RCC_GetClockConfig                   0x080033fd   Thumb Code    58  stm32f4xx_hal_rcc.o(.text)
    HAL_RCC_CSSCallback                      0x08003437   Thumb Code    10  stm32f4xx_hal_rcc.o(.text)
    HAL_RCC_NMI_IRQHandler                   0x08003441   Thumb Code    30  stm32f4xx_hal_rcc.o(.text)
    Reset_Handler                            0x08003475   Thumb Code     8  startup_stm32f407xx.o(.text)
    NMI_Handler                              0x0800347d   Thumb Code     2  startup_stm32f407xx.o(.text)
    HardFault_Handler                        0x0800347f   Thumb Code     2  startup_stm32f407xx.o(.text)
    MemManage_Handler                        0x08003481   Thumb Code     2  startup_stm32f407xx.o(.text)
    BusFault_Handler                         0x08003483   Thumb Code     2  startup_stm32f407xx.o(.text)
    UsageFault_Handler                       0x08003485   Thumb Code     2  startup_stm32f407xx.o(.text)
    DebugMon_Handler                         0x08003489   Thumb Code     2  startup_stm32f407xx.o(.text)
    ADC_IRQHandler                           0x0800348f   Thumb Code     0  startup_stm32f407xx.o(.text)
    CAN1_RX0_IRQHandler                      0x0800348f   Thumb Code     0  startup_stm32f407xx.o(.text)
    CAN1_RX1_IRQHandler                      0x0800348f   Thumb Code     0  startup_stm32f407xx.o(.text)
    CAN1_SCE_IRQHandler                      0x0800348f   Thumb Code     0  startup_stm32f407xx.o(.text)
    CAN1_TX_IRQHandler                       0x0800348f   Thumb Code     0  startup_stm32f407xx.o(.text)
    CAN2_RX0_IRQHandler                      0x0800348f   Thumb Code     0  startup_stm32f407xx.o(.text)
    CAN2_RX1_IRQHandler                      0x0800348f   Thumb Code     0  startup_stm32f407xx.o(.text)
    CAN2_SCE_IRQHandler                      0x0800348f   Thumb Code     0  startup_stm32f407xx.o(.text)
    CAN2_TX_IRQHandler                       0x0800348f   Thumb Code     0  startup_stm32f407xx.o(.text)
    DCMI_IRQHandler                          0x0800348f   Thumb Code     0  startup_stm32f407xx.o(.text)
    DMA1_Stream0_IRQHandler                  0x0800348f   Thumb Code     0  startup_stm32f407xx.o(.text)
    DMA1_Stream1_IRQHandler                  0x0800348f   Thumb Code     0  startup_stm32f407xx.o(.text)
    DMA1_Stream2_IRQHandler                  0x0800348f   Thumb Code     0  startup_stm32f407xx.o(.text)
    DMA1_Stream3_IRQHandler                  0x0800348f   Thumb Code     0  startup_stm32f407xx.o(.text)
    DMA1_Stream4_IRQHandler                  0x0800348f   Thumb Code     0  startup_stm32f407xx.o(.text)
    DMA1_Stream5_IRQHandler                  0x0800348f   Thumb Code     0  startup_stm32f407xx.o(.text)
    DMA1_Stream6_IRQHandler                  0x0800348f   Thumb Code     0  startup_stm32f407xx.o(.text)
    DMA1_Stream7_IRQHandler                  0x0800348f   Thumb Code     0  startup_stm32f407xx.o(.text)
    DMA2_Stream0_IRQHandler                  0x0800348f   Thumb Code     0  startup_stm32f407xx.o(.text)
    DMA2_Stream1_IRQHandler                  0x0800348f   Thumb Code     0  startup_stm32f407xx.o(.text)
    DMA2_Stream2_IRQHandler                  0x0800348f   Thumb Code     0  startup_stm32f407xx.o(.text)
    DMA2_Stream3_IRQHandler                  0x0800348f   Thumb Code     0  startup_stm32f407xx.o(.text)
    DMA2_Stream4_IRQHandler                  0x0800348f   Thumb Code     0  startup_stm32f407xx.o(.text)
    DMA2_Stream5_IRQHandler                  0x0800348f   Thumb Code     0  startup_stm32f407xx.o(.text)
    DMA2_Stream6_IRQHandler                  0x0800348f   Thumb Code     0  startup_stm32f407xx.o(.text)
    DMA2_Stream7_IRQHandler                  0x0800348f   Thumb Code     0  startup_stm32f407xx.o(.text)
    ETH_IRQHandler                           0x0800348f   Thumb Code     0  startup_stm32f407xx.o(.text)
    ETH_WKUP_IRQHandler                      0x0800348f   Thumb Code     0  startup_stm32f407xx.o(.text)
    EXTI0_IRQHandler                         0x0800348f   Thumb Code     0  startup_stm32f407xx.o(.text)
    EXTI15_10_IRQHandler                     0x0800348f   Thumb Code     0  startup_stm32f407xx.o(.text)
    EXTI1_IRQHandler                         0x0800348f   Thumb Code     0  startup_stm32f407xx.o(.text)
    EXTI2_IRQHandler                         0x0800348f   Thumb Code     0  startup_stm32f407xx.o(.text)
    EXTI3_IRQHandler                         0x0800348f   Thumb Code     0  startup_stm32f407xx.o(.text)
    EXTI4_IRQHandler                         0x0800348f   Thumb Code     0  startup_stm32f407xx.o(.text)
    EXTI9_5_IRQHandler                       0x0800348f   Thumb Code     0  startup_stm32f407xx.o(.text)
    FLASH_IRQHandler                         0x0800348f   Thumb Code     0  startup_stm32f407xx.o(.text)
    FMC_IRQHandler                           0x0800348f   Thumb Code     0  startup_stm32f407xx.o(.text)
    FPU_IRQHandler                           0x0800348f   Thumb Code     0  startup_stm32f407xx.o(.text)
    HASH_RNG_IRQHandler                      0x0800348f   Thumb Code     0  startup_stm32f407xx.o(.text)
    I2C1_ER_IRQHandler                       0x0800348f   Thumb Code     0  startup_stm32f407xx.o(.text)
    I2C1_EV_IRQHandler                       0x0800348f   Thumb Code     0  startup_stm32f407xx.o(.text)
    I2C2_ER_IRQHandler                       0x0800348f   Thumb Code     0  startup_stm32f407xx.o(.text)
    I2C2_EV_IRQHandler                       0x0800348f   Thumb Code     0  startup_stm32f407xx.o(.text)
    I2C3_ER_IRQHandler                       0x0800348f   Thumb Code     0  startup_stm32f407xx.o(.text)
    I2C3_EV_IRQHandler                       0x0800348f   Thumb Code     0  startup_stm32f407xx.o(.text)
    OTG_FS_IRQHandler                        0x0800348f   Thumb Code     0  startup_stm32f407xx.o(.text)
    OTG_FS_WKUP_IRQHandler                   0x0800348f   Thumb Code     0  startup_stm32f407xx.o(.text)
    OTG_HS_EP1_IN_IRQHandler                 0x0800348f   Thumb Code     0  startup_stm32f407xx.o(.text)
    OTG_HS_EP1_OUT_IRQHandler                0x0800348f   Thumb Code     0  startup_stm32f407xx.o(.text)
    OTG_HS_IRQHandler                        0x0800348f   Thumb Code     0  startup_stm32f407xx.o(.text)
    OTG_HS_WKUP_IRQHandler                   0x0800348f   Thumb Code     0  startup_stm32f407xx.o(.text)
    PVD_IRQHandler                           0x0800348f   Thumb Code     0  startup_stm32f407xx.o(.text)
    RCC_IRQHandler                           0x0800348f   Thumb Code     0  startup_stm32f407xx.o(.text)
    RTC_Alarm_IRQHandler                     0x0800348f   Thumb Code     0  startup_stm32f407xx.o(.text)
    RTC_WKUP_IRQHandler                      0x0800348f   Thumb Code     0  startup_stm32f407xx.o(.text)
    SDIO_IRQHandler                          0x0800348f   Thumb Code     0  startup_stm32f407xx.o(.text)
    SPI1_IRQHandler                          0x0800348f   Thumb Code     0  startup_stm32f407xx.o(.text)
    SPI2_IRQHandler                          0x0800348f   Thumb Code     0  startup_stm32f407xx.o(.text)
    SPI3_IRQHandler                          0x0800348f   Thumb Code     0  startup_stm32f407xx.o(.text)
    TAMP_STAMP_IRQHandler                    0x0800348f   Thumb Code     0  startup_stm32f407xx.o(.text)
    TIM1_BRK_TIM9_IRQHandler                 0x0800348f   Thumb Code     0  startup_stm32f407xx.o(.text)
    TIM1_CC_IRQHandler                       0x0800348f   Thumb Code     0  startup_stm32f407xx.o(.text)
    TIM1_TRG_COM_TIM11_IRQHandler            0x0800348f   Thumb Code     0  startup_stm32f407xx.o(.text)
    TIM1_UP_TIM10_IRQHandler                 0x0800348f   Thumb Code     0  startup_stm32f407xx.o(.text)
    TIM2_IRQHandler                          0x0800348f   Thumb Code     0  startup_stm32f407xx.o(.text)
    TIM3_IRQHandler                          0x0800348f   Thumb Code     0  startup_stm32f407xx.o(.text)
    TIM4_IRQHandler                          0x0800348f   Thumb Code     0  startup_stm32f407xx.o(.text)
    TIM5_IRQHandler                          0x0800348f   Thumb Code     0  startup_stm32f407xx.o(.text)
    TIM6_DAC_IRQHandler                      0x0800348f   Thumb Code     0  startup_stm32f407xx.o(.text)
    TIM7_IRQHandler                          0x0800348f   Thumb Code     0  startup_stm32f407xx.o(.text)
    TIM8_BRK_TIM12_IRQHandler                0x0800348f   Thumb Code     0  startup_stm32f407xx.o(.text)
    TIM8_CC_IRQHandler                       0x0800348f   Thumb Code     0  startup_stm32f407xx.o(.text)
    TIM8_TRG_COM_TIM14_IRQHandler            0x0800348f   Thumb Code     0  startup_stm32f407xx.o(.text)
    TIM8_UP_TIM13_IRQHandler                 0x0800348f   Thumb Code     0  startup_stm32f407xx.o(.text)
    UART4_IRQHandler                         0x0800348f   Thumb Code     0  startup_stm32f407xx.o(.text)
    UART5_IRQHandler                         0x0800348f   Thumb Code     0  startup_stm32f407xx.o(.text)
    USART1_IRQHandler                        0x0800348f   Thumb Code     0  startup_stm32f407xx.o(.text)
    USART2_IRQHandler                        0x0800348f   Thumb Code     0  startup_stm32f407xx.o(.text)
    USART3_IRQHandler                        0x0800348f   Thumb Code     0  startup_stm32f407xx.o(.text)
    USART6_IRQHandler                        0x0800348f   Thumb Code     0  startup_stm32f407xx.o(.text)
    WWDG_IRQHandler                          0x0800348f   Thumb Code     0  startup_stm32f407xx.o(.text)
    SystemInit                               0x08003499   Thumb Code    82  system_stm32f4xx.o(.text)
    SystemCoreClockUpdate                    0x080034eb   Thumb Code   174  system_stm32f4xx.o(.text)
    __aeabi_memcpy                           0x080035b9   Thumb Code    36  memcpya.o(.text)
    __aeabi_memcpy4                          0x080035b9   Thumb Code     0  memcpya.o(.text)
    __aeabi_memcpy8                          0x080035b9   Thumb Code     0  memcpya.o(.text)
    __aeabi_dmul                             0x080035dd   Thumb Code   228  dmul.o(.text)
    __aeabi_ddiv                             0x080036c1   Thumb Code   222  ddiv.o(.text)
    __aeabi_f2d                              0x0800379f   Thumb Code    38  f2d.o(.text)
    __aeabi_d2f                              0x080037c5   Thumb Code    56  d2f.o(.text)
    __aeabi_uidiv                            0x080037fd   Thumb Code     0  uidiv.o(.text)
    __aeabi_uidivmod                         0x080037fd   Thumb Code    44  uidiv.o(.text)
    __aeabi_llsl                             0x08003829   Thumb Code    30  llshl.o(.text)
    _ll_shift_l                              0x08003829   Thumb Code     0  llshl.o(.text)
    __aeabi_llsr                             0x08003847   Thumb Code    32  llushr.o(.text)
    _ll_ushift_r                             0x08003847   Thumb Code     0  llushr.o(.text)
    __I$use$fp                               0x08003867   Thumb Code     0  iusefp.o(.text)
    _float_round                             0x08003867   Thumb Code    18  fepilogue.o(.text)
    _float_epilogue                          0x08003879   Thumb Code    92  fepilogue.o(.text)
    _double_round                            0x080038d5   Thumb Code    30  depilogue.o(.text)
    _double_epilogue                         0x080038f3   Thumb Code   156  depilogue.o(.text)
    __scatterload                            0x08003991   Thumb Code    28  init.o(.text)
    __scatterload_rt2                        0x08003991   Thumb Code     0  init.o(.text)
    SVC_Count                                0x080039b4   Data           4  svc_table.o(SVC_TABLE)
    __I$use$semihosting$fputc                0x080039b5   Thumb Code     0  iusesemip.o(.text)
    __semihosting_library_function           0x080039b5   Thumb Code     0  semi.o(.text)
    SVC_Table                                0x080039b8   Data           0  svc_table.o(SVC_TABLE)
    __0printf$1                              0x080039b9   Thumb Code    22  printf1.o(i.__0printf$1)
    __1printf$1                              0x080039b9   Thumb Code     0  printf1.o(i.__0printf$1)
    __2printf                                0x080039b9   Thumb Code     0  printf1.o(i.__0printf$1)
    __scatterload_copy                       0x080039d9   Thumb Code    14  handlers.o(i.__scatterload_copy)
    __scatterload_null                       0x080039e7   Thumb Code     2  handlers.o(i.__scatterload_null)
    __scatterload_zeroinit                   0x080039e9   Thumb Code    14  handlers.o(i.__scatterload_zeroinit)
    _init_box                                0x080039f7   Thumb Code    70  rt_membox.o(i._init_box)
    dbg_init                                 0x08003b91   Thumb Code    34  hal_cm.o(i.dbg_init)
    dbg_task_notify                          0x08003bc1   Thumb Code    32  hal_cm.o(i.dbg_task_notify)
    dbg_task_switch                          0x08003be1   Thumb Code    16  hal_cm.o(i.dbg_task_switch)
    fputc                                    0x08003bf1   Thumb Code    18  fputc.o(i.fputc)
    isrMessageGet                            0x08003c03   Thumb Code    42  rt_cmsis.o(i.isrMessageGet)
    isrMessagePut                            0x08003c2d   Thumb Code    44  rt_cmsis.o(i.isrMessagePut)
    isr_mbx_receive                          0x08003c59   Thumb Code    86  rt_mailbox.o(i.isr_mbx_receive)
    isr_mbx_send                             0x08003caf   Thumb Code    14  rt_mailbox.o(i.isr_mbx_send)
    osDelay                                  0x08003cbd   Thumb Code    18  rt_cmsis.o(i.osDelay)
    osKernelInitialize                       0x08003cd5   Thumb Code    30  rt_cmsis.o(i.osKernelInitialize)
    osKernelStart                            0x08003cf9   Thumb Code    98  rt_cmsis.o(i.osKernelStart)
    osMessageGet                             0x08003d65   Thumb Code    18  rt_cmsis.o(i.osMessageGet)
    osSignalWait                             0x08003d7d   Thumb Code    18  rt_cmsis.o(i.osSignalWait)
    osThreadCreate                           0x08003d95   Thumb Code    36  rt_cmsis.o(i.osThreadCreate)
    osThreadExit                             0x08003dc1   Thumb Code    14  rt_cmsis.o(i.osThreadExit)
    osTimerCall                              0x08003dd9   Thumb Code     8  rt_cmsis.o(i.osTimerCall)
    osTimerThread                            0x08003de5   Thumb Code    38  rt_cmsis.o(i.osTimerThread)
    os_tick_init                             0x08003e11   Thumb Code    32  rt_system.o(i.os_tick_init)
    os_tick_irqack                           0x08003e39   Thumb Code     2  rt_system.o(i.os_tick_irqack)
    rt_alloc_box                             0x08003e3b   Thumb Code    26  rt_membox.o(i.rt_alloc_box)
    rt_alloc_mem                             0x08003e55   Thumb Code    62  rt_memory.o(i.rt_alloc_mem)
    rt_block                                 0x08003e95   Thumb Code    48  rt_task.o(i.rt_block)
    rt_chk_robin                             0x08003ecd   Thumb Code    60  rt_robin.o(i.rt_chk_robin)
    rt_dec_dly                               0x08003f15   Thumb Code   102  rt_list.o(i.rt_dec_dly)
    rt_dispatch                              0x08003f85   Thumb Code    60  rt_task.o(i.rt_dispatch)
    rt_dly_wait                              0x08003fc9   Thumb Code     6  rt_time.o(i.rt_dly_wait)
    rt_evt_psh                               0x08003fd1   Thumb Code    76  rt_event.o(i.rt_evt_psh)
    rt_evt_wait                              0x08004021   Thumb Code    56  rt_event.o(i.rt_evt_wait)
    rt_free_box                              0x0800405d   Thumb Code    44  rt_membox.o(i.rt_free_box)
    rt_free_mem                              0x08004089   Thumb Code    40  rt_memory.o(i.rt_free_mem)
    rt_get_first                             0x080040b1   Thumb Code    40  rt_list.o(i.rt_get_first)
    rt_init_mem                              0x08004129   Thumb Code    26  rt_memory.o(i.rt_init_mem)
    rt_init_robin                            0x08004145   Thumb Code    14  rt_robin.o(i.rt_init_robin)
    rt_init_stack                            0x0800415d   Thumb Code   118  hal_cm.o(i.rt_init_stack)
    rt_mbx_check                             0x080041dd   Thumb Code     8  rt_mailbox.o(i.rt_mbx_check)
    rt_mbx_init                              0x080041e5   Thumb Code    26  rt_mailbox.o(i.rt_mbx_init)
    rt_mbx_psh                               0x08004201   Thumb Code   236  rt_mailbox.o(i.rt_mbx_psh)
    rt_mbx_wait                              0x080042f1   Thumb Code   174  rt_mailbox.o(i.rt_mbx_wait)
    rt_pop_req                               0x080043e9   Thumb Code   112  rt_system.o(i.rt_pop_req)
    rt_psh_req                               0x08004465   Thumb Code    22  rt_system.o(i.rt_psh_req)
    rt_psq_enq                               0x08004485   Thumb Code    88  rt_list.o(i.rt_psq_enq)
    rt_put_dly                               0x080044e1   Thumb Code    68  rt_list.o(i.rt_put_dly)
    rt_put_prio                              0x08004529   Thumb Code    54  rt_list.o(i.rt_put_prio)
    rt_put_rdy_first                         0x08004561   Thumb Code    14  rt_list.o(i.rt_put_rdy_first)
    rt_resort_prio                           0x08004575   Thumb Code    46  rt_list.o(i.rt_resort_prio)
    rt_ret_val                               0x080045b9   Thumb Code    12  hal_cm.o(i.rt_ret_val)
    rt_ret_val2                              0x080045c5   Thumb Code    16  hal_cm.o(i.rt_ret_val2)
    rt_rmv_dly                               0x080045d5   Thumb Code    40  rt_list.o(i.rt_rmv_dly)
    rt_rmv_list                              0x080045fd   Thumb Code    44  rt_list.o(i.rt_rmv_list)
    rt_sem_psh                               0x0800462d   Thumb Code    48  rt_semaphore.o(i.rt_sem_psh)
    rt_stk_check                             0x08004661   Thumb Code    28  rt_system.o(i.rt_stk_check)
    rt_switch_req                            0x08004685   Thumb Code    30  rt_task.o(i.rt_switch_req)
    rt_sys_init                              0x080046ad   Thumb Code   138  rt_task.o(i.rt_sys_init)
    rt_sys_start                             0x08004779   Thumb Code   110  rt_task.o(i.rt_sys_start)
    rt_systick                               0x080047f1   Thumb Code    50  rt_system.o(i.rt_systick)
    rt_tsk_create                            0x08004879   Thumb Code   118  rt_task.o(i.rt_tsk_create)
    rt_tsk_delete                            0x08004901   Thumb Code   352  rt_task.o(i.rt_tsk_delete)
    rt_tsk_prio                              0x08004a7d   Thumb Code   108  rt_task.o(i.rt_tsk_prio)
    rt_tsk_self                              0x08004af9   Thumb Code    12  rt_task.o(i.rt_tsk_self)
    svcDelay                                 0x08004b09   Thumb Code    18  rt_cmsis.o(i.svcDelay)
    svcKernelInitialize                      0x08004b1d   Thumb Code    80  rt_cmsis.o(i.svcKernelInitialize)
    svcKernelStart                           0x08004b8d   Thumb Code    62  rt_cmsis.o(i.svcKernelStart)
    svcMessageCreate                         0x08004bd5   Thumb Code    36  rt_cmsis.o(i.svcMessageCreate)
    svcMessageGet                            0x08004bf9   Thumb Code    58  rt_cmsis.o(i.svcMessageGet)
    svcSignalWait                            0x08004c35   Thumb Code    80  rt_cmsis.o(i.svcSignalWait)
    svcThreadCreate                          0x08004c89   Thumb Code    96  rt_cmsis.o(i.svcThreadCreate)
    svcThreadGetId                           0x08004cf5   Thumb Code    22  rt_cmsis.o(i.svcThreadGetId)
    svcThreadTerminate                       0x08004d11   Thumb Code    50  rt_cmsis.o(i.svcThreadTerminate)
    svcTimerCall                             0x08004d49   Thumb Code    24  rt_cmsis.o(i.svcTimerCall)
    sysTimerTick                             0x08004d61   Thumb Code    84  rt_cmsis.o(i.sysTimerTick)
    os_thread_def_Thread_LED                 0x08004dbc   Data          16  thread_led.o(.constdata)
    os_thread_def_Thread_ADC                 0x08004dcc   Data          16  adc.o(.constdata)
    os_thread_def_Thread_display             0x08004df0   Data          16  display.o(.constdata)
    keypad_map                               0x08004e00   Data          48  keypad.o(.constdata)
    os_thread_def_Thread_keypad              0x08004e30   Data          16  keypad.o(.constdata)
    os_maxtaskrun                            0x08004e40   Data           2  rtx_conf_cm.o(.constdata)
    os_stackinfo                             0x08004e44   Data           4  rtx_conf_cm.o(.constdata)
    os_rrobin                                0x08004e48   Data           4  rtx_conf_cm.o(.constdata)
    os_tickfreq                              0x08004e4c   Data           4  rtx_conf_cm.o(.constdata)
    os_tickus_i                              0x08004e50   Data           2  rtx_conf_cm.o(.constdata)
    os_tickus_f                              0x08004e52   Data           2  rtx_conf_cm.o(.constdata)
    os_trv                                   0x08004e54   Data           4  rtx_conf_cm.o(.constdata)
    os_flags                                 0x08004e58   Data           1  rtx_conf_cm.o(.constdata)
    CMSIS_RTOS_API_Version                   0x08004e5c   Data           4  rtx_conf_cm.o(.constdata)
    CMSIS_RTOS_RTX_Version                   0x08004e60   Data           4  rtx_conf_cm.o(.constdata)
    os_clockrate                             0x08004e64   Data           4  rtx_conf_cm.o(.constdata)
    os_timernum                              0x08004e68   Data           4  rtx_conf_cm.o(.constdata)
    mp_tcb_size                              0x08004e6c   Data           2  rtx_conf_cm.o(.constdata)
    mp_stk_size                              0x08004e70   Data           4  rtx_conf_cm.o(.constdata)
    os_stack_sz                              0x08004e74   Data           4  rtx_conf_cm.o(.constdata)
    os_fifo_size                             0x08004e78   Data           1  rtx_conf_cm.o(.constdata)
    os_thread_def_osTimerThread              0x08004e7c   Data          16  rtx_conf_cm.o(.constdata)
    os_messageQ_def_osTimerMessageQ          0x08004e8c   Data           8  rtx_conf_cm.o(.constdata)
    mp_tmr_size                              0x08004e94   Data           2  rtx_conf_cm.o(.constdata)
    os_thread_def_main                       0x08004e98   Data          16  rtx_conf_cm.o(.constdata)
    APBAHBPrescTable                         0x08004eb0   Data          16  stm32f4xx_hal_rcc.o(.constdata)
    AHBPrescTable                            0x08004ec0   Data          16  system_stm32f4xx.o(.constdata)
    Region$$Table$$Base                      0x08004ed0   Number         0  anon$$obj.o(Region$$Table)
    Region$$Table$$Limit                     0x08004ef0   Number         0  anon$$obj.o(Region$$Table)
    tid_Thread_LED                           0x20000000   Data           4  thread_led.o(.data)
    tid_Thread_ADC                           0x20000004   Data           4  adc.o(.data)
    tid_Thread_display                       0x20000008   Data           4  display.o(.data)
    mode                                     0x2000000c   Data           4  display.o(.data)
    submode                                  0x20000010   Data           4  display.o(.data)
    flash                                    0x20000014   Data           4  display.o(.data)
    temp_mode                                0x20000018   Data           4  keypad.o(.data)
    tid_Thread_keypad                        0x2000001c   Data           4  keypad.o(.data)
    osThreadId_osTimerThread                 0x20000020   Data           4  rtx_conf_cm.o(.data)
    osMessageQId_osTimerMessageQ             0x20000024   Data           4  rtx_conf_cm.o(.data)
    os_tmr                                   0x20000028   Data           4  rtx_conf_cm.o(.data)
    m_tmr                                    0x2000002c   Data           4  rtx_conf_cm.o(.data)
    SystemCoreClock                          0x20000034   Data           4  system_stm32f4xx.o(.data)
    os_initialized                           0x20000038   Data           1  rt_cmsis.o(.data)
    os_running                               0x20000039   Data           1  rt_cmsis.o(.data)
    os_timer_head                            0x2000003c   Data           4  rt_cmsis.o(.data)
    os_time                                  0x20000040   Data           4  rt_time.o(.data)
    os_tsk                                   0x20000044   Data           8  rt_task.o(.data)
    os_tick_irqn                             0x20000050   Data           4  rt_system.o(.data)
    dbg_msg                                  0x20000054   Data           1  hal_cm.o(.data)
    os_robin                                 0x20000058   Data           8  rt_robin.o(.data)
    __stdout                                 0x20000060   Data           4  stdout.o(.data)
    LED_configuration                        0x20000064   Data          20  thread_led.o(.bss)
    ADC1_Handle                              0x20000078   Data          68  adc.o(.bss)
    GPIO_init1                               0x200000bc   Data          20  keypad.o(.bss)
    GPIO_init2                               0x200000d0   Data          20  keypad.o(.bss)
    mp_tcb                                   0x200000e8   Data         376  rtx_conf_cm.o(.bss)
    mp_stk                                   0x20000260   Data        4816  rtx_conf_cm.o(.bss)
    os_stack_mem                             0x20001530   Data        1256  rtx_conf_cm.o(.bss)
    os_fifo                                  0x20001a18   Data         132  rtx_conf_cm.o(.bss)
    os_active_TCB                            0x20001a9c   Data          28  rtx_conf_cm.o(.bss)
    os_messageQ_q_osTimerMessageQ            0x20001ab8   Data          32  rtx_conf_cm.o(.bss)
    os_idle_TCB                              0x20001ad8   Data          52  rt_task.o(.bss)
    os_rdy                                   0x20001b0c   Data          24  rt_list.o(.bss)
    os_dly                                   0x20001b24   Data          24  rt_list.o(.bss)
    __initial_sp                             0x20001f40   Data           0  startup_stm32f407xx.o(STACK)



==============================================================================

Memory Map of the image

  Image Entry point : 0x08000189

  Load Region LR_IROM1 (Base: 0x08000000, Size: 0x00004f54, Max: 0x00100000, ABSOLUTE)

    Execution Region ER_IROM1 (Base: 0x08000000, Size: 0x00004ef0, Max: 0x00100000, ABSOLUTE)

    Base Addr    Size         Type   Attr      Idx    E Section Name        Object

    0x08000000   0x00000188   Data   RO          845    RESET               startup_stm32f407xx.o
    0x08000188   0x00000000   Code   RO         2118  * .ARM.Collect$$$$00000000  mc_w.l(entry.o)
    0x08000188   0x00000004   Code   RO         2418    .ARM.Collect$$$$00000001  mc_w.l(entry2.o)
    0x0800018c   0x00000004   Code   RO         2421    .ARM.Collect$$$$00000004  mc_w.l(entry5.o)
    0x08000190   0x00000000   Code   RO         2423    .ARM.Collect$$$$00000008  mc_w.l(entry7b.o)
    0x08000190   0x00000000   Code   RO         2425    .ARM.Collect$$$$0000000A  mc_w.l(entry8b.o)
    0x08000190   0x00000000   Code   RO         2426    .ARM.Collect$$$$0000000D  mc_w.l(entry10a.o)
    0x08000190   0x00000000   Code   RO         2428    .ARM.Collect$$$$0000000F  mc_w.l(entry11a.o)
    0x08000190   0x00000018   Code   RO          420    .ARM.Collect$$$$000000FF  rtx_conf_cm.o
    0x080001a8   0x00000004   Code   RO         2419    .ARM.Collect$$$$00002712  mc_w.l(entry2.o)
    0x080001ac   0x00000198   Code   RO         2081    .emb_text           RTX_CM4.lib(hal_cm4.o)
    0x08000344   0x000000c8   Code   RO            4    .text               main.o
    0x0800040c   0x00000088   Code   RO          147    .text               thread_led.o
    0x08000494   0x00000258   Code   RO          225    .text               adc.o
    0x080006ec   0x00000030   Code   RO          295    .text               display.o
    0x0800071c   0x00000340   Code   RO          362    .text               keypad.o
    0x08000a5c   0x00000026   Code   RO          421    .text               rtx_conf_cm.o
    0x08000a82   0x00000002   PAD
    0x08000a84   0x000001b0   Code   RO          452    .text               stm32f4xx_hal.o
    0x08000c34   0x0000099c   Code   RO          478    .text               stm32f4xx_hal_adc.o
    0x080015d0   0x00000720   Code   RO          502    .text               stm32f4xx_hal_adc_ex.o
    0x08001cf0   0x00000354   Code   RO          526    .text               stm32f4xx_hal_cortex.o
    0x08002044   0x00000618   Code   RO          554    .text               stm32f4xx_hal_dma.o
    0x0800265c   0x000003cc   Code   RO          603    .text               stm32f4xx_hal_gpio.o
    0x08002a28   0x00000a4c   Code   RO          675    .text               stm32f4xx_hal_rcc.o
    0x08003474   0x00000024   Code   RO          846    .text               startup_stm32f407xx.o
    0x08003498   0x00000120   Code   RO          853    .text               system_stm32f4xx.o
    0x080035b8   0x00000024   Code   RO         2123    .text               mc_w.l(memcpya.o)
    0x080035dc   0x000000e4   Code   RO         2390    .text               mf_w.l(dmul.o)
    0x080036c0   0x000000de   Code   RO         2392    .text               mf_w.l(ddiv.o)
    0x0800379e   0x00000026   Code   RO         2398    .text               mf_w.l(f2d.o)
    0x080037c4   0x00000038   Code   RO         2400    .text               mf_w.l(d2f.o)
    0x080037fc   0x0000002c   Code   RO         2433    .text               mc_w.l(uidiv.o)
    0x08003828   0x0000001e   Code   RO         2435    .text               mc_w.l(llshl.o)
    0x08003846   0x00000020   Code   RO         2437    .text               mc_w.l(llushr.o)
    0x08003866   0x00000000   Code   RO         2448    .text               mc_w.l(iusefp.o)
    0x08003866   0x0000006e   Code   RO         2449    .text               mf_w.l(fepilogue.o)
    0x080038d4   0x000000ba   Code   RO         2451    .text               mf_w.l(depilogue.o)
    0x0800398e   0x00000002   PAD
    0x08003990   0x00000024   Code   RO         2457    .text               mc_w.l(init.o)
    0x080039b4   0x00000000   Code   RO         2459    .text               mc_w.l(semi.o)
    0x080039b4   0x00000000   Code   RO         2460    .text               mc_w.l(iusesemip.o)
    0x080039b4   0x00000004   Code   RO         2091    SVC_TABLE           RTX_CM4.lib(svc_table.o)
    0x080039b8   0x00000020   Code   RO         2172    i.__0printf$1       mc_w.l(printf1.o)
    0x080039d8   0x0000000e   Code   RO         2463    i.__scatterload_copy  mc_w.l(handlers.o)
    0x080039e6   0x00000002   Code   RO         2464    i.__scatterload_null  mc_w.l(handlers.o)
    0x080039e8   0x0000000e   Code   RO         2465    i.__scatterload_zeroinit  mc_w.l(handlers.o)
    0x080039f6   0x00000046   Code   RO         1954    i._init_box         RTX_CM4.lib(rt_membox.o)
    0x08003a3c   0x00000154   Code   RO         2179    i._printf_core      mc_w.l(printf1.o)
    0x08003b90   0x00000030   Code   RO         2007    i.dbg_init          RTX_CM4.lib(hal_cm.o)
    0x08003bc0   0x00000020   Code   RO         2008    i.dbg_task_notify   RTX_CM4.lib(hal_cm.o)
    0x08003be0   0x00000010   Code   RO         2009    i.dbg_task_switch   RTX_CM4.lib(hal_cm.o)
    0x08003bf0   0x00000012   Code   RO         2430    i.fputc             mc_w.l(fputc.o)
    0x08003c02   0x0000002a   Code   RO          884    i.isrMessageGet     RTX_CM4.lib(rt_cmsis.o)
    0x08003c2c   0x0000002c   Code   RO          885    i.isrMessagePut     RTX_CM4.lib(rt_cmsis.o)
    0x08003c58   0x00000056   Code   RO         1833    i.isr_mbx_receive   RTX_CM4.lib(rt_mailbox.o)
    0x08003cae   0x0000000e   Code   RO         1834    i.isr_mbx_send      RTX_CM4.lib(rt_mailbox.o)
    0x08003cbc   0x00000018   Code   RO          888    i.osDelay           RTX_CM4.lib(rt_cmsis.o)
    0x08003cd4   0x00000024   Code   RO          889    i.osKernelInitialize  RTX_CM4.lib(rt_cmsis.o)
    0x08003cf8   0x0000006c   Code   RO          891    i.osKernelStart     RTX_CM4.lib(rt_cmsis.o)
    0x08003d64   0x00000018   Code   RO          900    i.osMessageGet      RTX_CM4.lib(rt_cmsis.o)
    0x08003d7c   0x00000018   Code   RO          916    i.osSignalWait      RTX_CM4.lib(rt_cmsis.o)
    0x08003d94   0x0000002c   Code   RO          917    i.osThreadCreate    RTX_CM4.lib(rt_cmsis.o)
    0x08003dc0   0x00000018   Code   RO          918    i.osThreadExit      RTX_CM4.lib(rt_cmsis.o)
    0x08003dd8   0x0000000c   Code   RO          924    i.osTimerCall       RTX_CM4.lib(rt_cmsis.o)
    0x08003de4   0x0000002c   Code   RO          929    i.osTimerThread     RTX_CM4.lib(rt_cmsis.o)
    0x08003e10   0x00000028   Code   RO         1621    i.os_tick_init      RTX_CM4.lib(rt_system.o)
    0x08003e38   0x00000002   Code   RO         1622    i.os_tick_irqack    RTX_CM4.lib(rt_system.o)
    0x08003e3a   0x0000001a   Code   RO         1955    i.rt_alloc_box      RTX_CM4.lib(rt_membox.o)
    0x08003e54   0x0000003e   Code   RO         1983    i.rt_alloc_mem      RTX_CM4.lib(rt_memory.o)
    0x08003e92   0x00000002   PAD
    0x08003e94   0x00000038   Code   RO         1536    i.rt_block          RTX_CM4.lib(rt_task.o)
    0x08003ecc   0x00000048   Code   RO         2060    i.rt_chk_robin      RTX_CM4.lib(rt_robin.o)
    0x08003f14   0x00000070   Code   RO         1757    i.rt_dec_dly        RTX_CM4.lib(rt_list.o)
    0x08003f84   0x00000044   Code   RO         1537    i.rt_dispatch       RTX_CM4.lib(rt_task.o)
    0x08003fc8   0x00000006   Code   RO         1503    i.rt_dly_wait       RTX_CM4.lib(rt_time.o)
    0x08003fce   0x00000002   PAD
    0x08003fd0   0x00000050   Code   RO         1714    i.rt_evt_psh        RTX_CM4.lib(rt_event.o)
    0x08004020   0x0000003c   Code   RO         1716    i.rt_evt_wait       RTX_CM4.lib(rt_event.o)
    0x0800405c   0x0000002c   Code   RO         1956    i.rt_free_box       RTX_CM4.lib(rt_membox.o)
    0x08004088   0x00000028   Code   RO         1984    i.rt_free_mem       RTX_CM4.lib(rt_memory.o)
    0x080040b0   0x00000028   Code   RO         1758    i.rt_get_first      RTX_CM4.lib(rt_list.o)
    0x080040d8   0x00000008   Code   RO          934    i.rt_id2obj         RTX_CM4.lib(rt_cmsis.o)
    0x080040e0   0x00000048   Code   RO         1538    i.rt_init_context   RTX_CM4.lib(rt_task.o)
    0x08004128   0x0000001a   Code   RO         1985    i.rt_init_mem       RTX_CM4.lib(rt_memory.o)
    0x08004142   0x00000002   PAD
    0x08004144   0x00000018   Code   RO         2061    i.rt_init_robin     RTX_CM4.lib(rt_robin.o)
    0x0800415c   0x00000080   Code   RO         2010    i.rt_init_stack     RTX_CM4.lib(hal_cm.o)
    0x080041dc   0x00000008   Code   RO         1835    i.rt_mbx_check      RTX_CM4.lib(rt_mailbox.o)
    0x080041e4   0x0000001a   Code   RO         1836    i.rt_mbx_init       RTX_CM4.lib(rt_mailbox.o)
    0x080041fe   0x00000002   PAD
    0x08004200   0x000000f0   Code   RO         1837    i.rt_mbx_psh        RTX_CM4.lib(rt_mailbox.o)
    0x080042f0   0x000000b4   Code   RO         1839    i.rt_mbx_wait       RTX_CM4.lib(rt_mailbox.o)
    0x080043a4   0x00000044   Code   RO          935    i.rt_ms2tick        RTX_CM4.lib(rt_cmsis.o)
    0x080043e8   0x0000007c   Code   RO         1625    i.rt_pop_req        RTX_CM4.lib(rt_system.o)
    0x08004464   0x00000020   Code   RO         1626    i.rt_psh_req        RTX_CM4.lib(rt_system.o)
    0x08004484   0x0000005c   Code   RO         1760    i.rt_psq_enq        RTX_CM4.lib(rt_list.o)
    0x080044e0   0x00000048   Code   RO         1761    i.rt_put_dly        RTX_CM4.lib(rt_list.o)
    0x08004528   0x00000036   Code   RO         1762    i.rt_put_prio       RTX_CM4.lib(rt_list.o)
    0x0800455e   0x00000002   PAD
    0x08004560   0x00000014   Code   RO         1763    i.rt_put_rdy_first  RTX_CM4.lib(rt_list.o)
    0x08004574   0x00000034   Code   RO         1764    i.rt_resort_prio    RTX_CM4.lib(rt_list.o)
    0x080045a8   0x00000010   Code   RO         2011    i.rt_ret_regs       RTX_CM4.lib(hal_cm.o)
    0x080045b8   0x0000000c   Code   RO         2012    i.rt_ret_val        RTX_CM4.lib(hal_cm.o)
    0x080045c4   0x00000010   Code   RO         2013    i.rt_ret_val2       RTX_CM4.lib(hal_cm.o)
    0x080045d4   0x00000028   Code   RO         1765    i.rt_rmv_dly        RTX_CM4.lib(rt_list.o)
    0x080045fc   0x00000030   Code   RO         1766    i.rt_rmv_list       RTX_CM4.lib(rt_list.o)
    0x0800462c   0x00000034   Code   RO         1884    i.rt_sem_psh        RTX_CM4.lib(rt_semaphore.o)
    0x08004660   0x00000024   Code   RO         1628    i.rt_stk_check      RTX_CM4.lib(rt_system.o)
    0x08004684   0x00000028   Code   RO         1539    i.rt_switch_req     RTX_CM4.lib(rt_task.o)
    0x080046ac   0x000000cc   Code   RO         1540    i.rt_sys_init       RTX_CM4.lib(rt_task.o)
    0x08004778   0x00000078   Code   RO         1541    i.rt_sys_start      RTX_CM4.lib(rt_task.o)
    0x080047f0   0x00000040   Code   RO         1630    i.rt_systick        RTX_CM4.lib(rt_system.o)
    0x08004830   0x00000012   Code   RO          936    i.rt_tid2ptcb       RTX_CM4.lib(rt_cmsis.o)
    0x08004842   0x00000002   PAD
    0x08004844   0x00000034   Code   RO          937    i.rt_timer_insert   RTX_CM4.lib(rt_cmsis.o)
    0x08004878   0x00000088   Code   RO         1542    i.rt_tsk_create     RTX_CM4.lib(rt_task.o)
    0x08004900   0x0000017c   Code   RO         1543    i.rt_tsk_delete     RTX_CM4.lib(rt_task.o)
    0x08004a7c   0x0000007c   Code   RO         1545    i.rt_tsk_prio       RTX_CM4.lib(rt_task.o)
    0x08004af8   0x00000010   Code   RO         1546    i.rt_tsk_self       RTX_CM4.lib(rt_task.o)
    0x08004b08   0x00000012   Code   RO          939    i.svcDelay          RTX_CM4.lib(rt_cmsis.o)
    0x08004b1a   0x00000002   PAD
    0x08004b1c   0x00000070   Code   RO          940    i.svcKernelInitialize  RTX_CM4.lib(rt_cmsis.o)
    0x08004b8c   0x00000048   Code   RO          942    i.svcKernelStart    RTX_CM4.lib(rt_cmsis.o)
    0x08004bd4   0x00000024   Code   RO          945    i.svcMessageCreate  RTX_CM4.lib(rt_cmsis.o)
    0x08004bf8   0x0000003a   Code   RO          946    i.svcMessageGet     RTX_CM4.lib(rt_cmsis.o)
    0x08004c32   0x00000002   PAD
    0x08004c34   0x00000054   Code   RO          959    i.svcSignalWait     RTX_CM4.lib(rt_cmsis.o)
    0x08004c88   0x0000006c   Code   RO          960    i.svcThreadCreate   RTX_CM4.lib(rt_cmsis.o)
    0x08004cf4   0x0000001c   Code   RO          961    i.svcThreadGetId    RTX_CM4.lib(rt_cmsis.o)
    0x08004d10   0x00000038   Code   RO          964    i.svcThreadTerminate  RTX_CM4.lib(rt_cmsis.o)
    0x08004d48   0x00000018   Code   RO          966    i.svcTimerCall      RTX_CM4.lib(rt_cmsis.o)
    0x08004d60   0x0000005c   Code   RO          975    i.sysTimerTick      RTX_CM4.lib(rt_cmsis.o)
    0x08004dbc   0x00000010   Data   RO          149    .constdata          thread_led.o
    0x08004dcc   0x00000024   Data   RO          227    .constdata          adc.o
    0x08004df0   0x00000010   Data   RO          296    .constdata          display.o
    0x08004e00   0x00000040   Data   RO          364    .constdata          keypad.o
    0x08004e40   0x00000068   Data   RO          423    .constdata          rtx_conf_cm.o
    0x08004ea8   0x00000008   Data   RO          555    .constdata          stm32f4xx_hal_dma.o
    0x08004eb0   0x00000010   Data   RO          676    .constdata          stm32f4xx_hal_rcc.o
    0x08004ec0   0x00000010   Data   RO          854    .constdata          system_stm32f4xx.o
    0x08004ed0   0x00000020   Data   RO         2461    Region$$Table       anon$$obj.o


    Execution Region RW_IRAM1 (Base: 0x20000000, Size: 0x00001f40, Max: 0x00020000, ABSOLUTE)

    Base Addr    Size         Type   Attr      Idx    E Section Name        Object

    0x20000000   0x00000004   Data   RW          150    .data               thread_led.o
    0x20000004   0x00000004   Data   RW          228    .data               adc.o
    0x20000008   0x00000010   Data   RW          297    .data               display.o
    0x20000018   0x00000008   Data   RW          365    .data               keypad.o
    0x20000020   0x00000010   Data   RW          424    .data               rtx_conf_cm.o
    0x20000030   0x00000004   Data   RW          453    .data               stm32f4xx_hal.o
    0x20000034   0x00000004   Data   RW          855    .data               system_stm32f4xx.o
    0x20000038   0x00000008   Data   RW          978    .data               RTX_CM4.lib(rt_cmsis.o)
    0x20000040   0x00000004   Data   RW         1507    .data               RTX_CM4.lib(rt_time.o)
    0x20000044   0x00000008   Data   RW         1548    .data               RTX_CM4.lib(rt_task.o)
    0x2000004c   0x00000008   Data   RW         1633    .data               RTX_CM4.lib(rt_system.o)
    0x20000054   0x00000001   Data   RW         2014    .data               RTX_CM4.lib(hal_cm.o)
    0x20000055   0x00000003   PAD
    0x20000058   0x00000008   Data   RW         2062    .data               RTX_CM4.lib(rt_robin.o)
    0x20000060   0x00000004   Data   RW         2432    .data               mc_w.l(stdout.o)
    0x20000064   0x00000014   Zero   RW          148    .bss                thread_led.o
    0x20000078   0x00000044   Zero   RW          226    .bss                adc.o
    0x200000bc   0x00000028   Zero   RW          363    .bss                keypad.o
    0x200000e4   0x00000004   PAD
    0x200000e8   0x000019f0   Zero   RW          422    .bss                rtx_conf_cm.o
    0x20001ad8   0x00000034   Zero   RW         1547    .bss                RTX_CM4.lib(rt_task.o)
    0x20001b0c   0x00000030   Zero   RW         1767    .bss                RTX_CM4.lib(rt_list.o)
    0x20001b3c   0x00000004   PAD
    0x20001b40   0x00000400   Zero   RW          843    STACK               startup_stm32f407xx.o


==============================================================================

Image component sizes


      Code (inc. data)   RO Data    RW Data    ZI Data      Debug   Object Name

       600         56         36          4         68       3064   adc.o
        48         10         16         16          0       2339   display.o
       832         96         64          8         40      33552   keypad.o
       200         14          0          0          0     362125   main.o
        62          6        104         16       6640       7598   rtx_conf_cm.o
        36          8        392          0       1024        852   startup_stm32f407xx.o
       432         26          0          4          0       5158   stm32f4xx_hal.o
      2460         70          0          0          0       7715   stm32f4xx_hal_adc.o
      1824         40          0          0          0       5834   stm32f4xx_hal_adc_ex.o
       852         22          0          0          0      35667   stm32f4xx_hal_cortex.o
      1560         16          8          0          0       5156   stm32f4xx_hal_dma.o
       972         50          0          0          0       3975   stm32f4xx_hal_gpio.o
      2636         66         16          0          0       5910   stm32f4xx_hal_rcc.o
       288         32         16          4          0       1643   system_stm32f4xx.o
       136         22         16          4         20       1683   thread_led.o

    ----------------------------------------------------------------------
     12940        534        700         56       7796     482271   Object Totals
         0          0         32          0          0          0   (incl. Generated)
         2          0          0          0          4          0   (incl. Padding)

    ----------------------------------------------------------------------

      Code (inc. data)   RO Data    RW Data    ZI Data      Debug   Library Member Name

       268         24          0          1          0       4524   hal_cm.o
       408         34          0          0          0        824   hal_cm4.o
      1260        154          0          8          0      37161   rt_cmsis.o
       140          8          0          0          0       1499   rt_event.o
       530         34          0          0         48       8685   rt_list.o
       554         10          0          0          0       4237   rt_mailbox.o
       140          0          0          0          0       2069   rt_membox.o
       128          0          0          0          0       2451   rt_memory.o
        96         22          0          8          0       1254   rt_robin.o
        52          4          0          0          0        621   rt_semaphore.o
       298         52          0          8          0       6511   rt_system.o
      1216        174          0          8         52      10129   rt_task.o
         6          0          0          4          0        700   rt_time.o
         4          4          0          0          0        208   svc_table.o
         0          0          0          0          0          0   entry.o
         0          0          0          0          0          0   entry10a.o
         0          0          0          0          0          0   entry11a.o
         8          4          0          0          0          0   entry2.o
         4          0          0          0          0          0   entry5.o
         0          0          0          0          0          0   entry7b.o
         0          0          0          0          0          0   entry8b.o
        18          0          0          0          0         80   fputc.o
        30          0          0          0          0          0   handlers.o
        36          8          0          0          0         68   init.o
         0          0          0          0          0          0   iusefp.o
         0          0          0          0          0          0   iusesemip.o
        30          0          0          0          0         68   llshl.o
        32          0          0          0          0         68   llushr.o
        36          0          0          0          0         68   memcpya.o
       372         14          0          0          0        184   printf1.o
         0          0          0          0          0          0   semi.o
         0          0          0          4          0          0   stdout.o
        44          0          0          0          0         80   uidiv.o
        56          0          0          0          0         88   d2f.o
       222          0          0          0          0        100   ddiv.o
       186          0          0          0          0        176   depilogue.o
       228          0          0          0          0         96   dmul.o
        38          0          0          0          0         68   f2d.o
       110          0          0          0          0        168   fepilogue.o

    ----------------------------------------------------------------------
      6568        546          0         44        104      82185   Library Totals
        18          0          0          3          4          0   (incl. Padding)

    ----------------------------------------------------------------------

      Code (inc. data)   RO Data    RW Data    ZI Data      Debug   Library Name

      5100        520          0         37        100      80873   RTX_CM4.lib
       610         26          0          4          0        616   mc_w.l
       840          0          0          0          0        696   mf_w.l

    ----------------------------------------------------------------------
      6568        546          0         44        104      82185   Library Totals

    ----------------------------------------------------------------------

==============================================================================


      Code (inc. data)   RO Data    RW Data    ZI Data      Debug   

     19508       1080        700        100       7900     553688   Grand Totals
     19508       1080        700        100       7900     553688   ELF Image Totals
     19508       1080        700        100          0          0   ROM Totals

==============================================================================

    Total RO  Size (Code + RO Data)                20208 (  19.73kB)
    Total RW  Size (RW Data + ZI Data)              8000 (   7.81kB)
    Total ROM Size (Code + RO Data + RW Data)      20308 (  19.83kB)

==============================================================================

