


ARM Macro Assembler    Page 1 


    1 00000000                 AREA             text, CODE, READONLY
    2 00000000                 EXPORT           FIR_asm
    3 00000000         
    4 00000000         ; function FIR_asm
    5 00000000         ; R0: pointer to input
    6 00000000         ; R1: pointer to output
    7 00000000         ; R2: coefficient
    8 00000000         ; R3: length
    9 00000000         ; R4: order
   10 00000000         
   11 00000000         FIR_asm
   12 00000000 ED92 0A00       VLDR.f32         S0, [R2, #0] ; load coefficient
                                                             1 into S0
   13 00000004 EDD2 0A01       VLDR.f32         S1, [R2, #4] ; load coefficient
                                                             2 into S1
   14 00000008 ED92 1A02       VLDR.f32         S2, [R2, #8] ; load coefficient
                                                             3 into S2
   15 0000000C EDD2 1A03       VLDR.f32         S3, [R2, #12] ; load coefficien
                                                            t 4 into S3
   16 00000010 ED92 2A04       VLDR.f32         S4, [R2, #16] ; load coefficien
                                                            t 5 into S4
   17 00000014 F1A3 0704       SUB              R7, R3, #4
   18 00000018         
   19 00000018         loop
   20 00000018 2F00            CMP              R7, #0      ; loop through inpu
                                                            t array
   21 0000001A D024            BEQ              exit        ; go to exit input 
                                                            - 4 = 0
   22 0000001C         
   23 0000001C EDD0 2A00       VLDR.f32         S5, [R0, #0] ; load first eleme
                                                            nt of input array i
                                                            nto S5
   24 00000020 EE22 3A80       VMUL.f32         S6, S5, S0  ; multiply first el
                                                            ement by first coef
                                                            ficient
   25 00000024 EE73 3A83       VADD.f32         S7, S7, S6  ; add S6 to S7
   26 00000028         
   27 00000028 EDD0 2A01       VLDR.f32         S5, [R0, #4] ; load second elem
                                                            ent of input array 
                                                            into S5
   28 0000002C EE22 3AA0       VMUL.f32         S6, S5, S1  ; multiply second e
                                                            lement by correspon
                                                            ding coefficient
   29 00000030 EE73 3A83       VADD.f32         S7, S7, S6  ; add S6 to S7
   30 00000034         
   31 00000034 EDD0 2A02       VLDR.f32         S5, [R0, #8] ; load third eleme
                                                            nt of input array i
                                                            nto S5
   32 00000038 EE22 3A81       VMUL.f32         S6, S5, S2  ; multiply third el
                                                            ement by correspond
                                                            ing coefficient
   33 0000003C EE73 3A83       VADD.f32         S7, S7, S6  ; add S6 to S7
   34 00000040         
   35 00000040 EDD0 2A03       VLDR.f32         S5, [R0, #12] ; load fourth ele
                                                            ment of input array
                                                             into S5
   36 00000044 EE22 3AA1       VMUL.f32         S6, S5, S3  ; multiply fourth e
                                                            lement by correspon
                                                            ding coefficient



ARM Macro Assembler    Page 2 


   37 00000048 EE73 3A83       VADD.f32         S7, S7, S6  ; add S6 to S7
   38 0000004C         
   39 0000004C EDD0 2A04       VLDR.f32         S5, [R0, #16] ; load fifth elem
                                                            ent of input array 
                                                            into S5
   40 00000050 EE22 3A82       VMUL.f32         S6, S5, S4  ; multiply fifth el
                                                            ement by correspond
                                                            ing coefficient
   41 00000054 EE73 3A83       VADD.f32         S7, S7, S6  ; add S6 to S7
   42 00000058         ; VSTR.f32  S7, R1
   43 00000058 F100 0004       ADD              R0, R0, #4  ; increment input a
                                                            rray memory address
                                                             
   44 0000005C F101 0104       ADD              R1, R1, #4  ; increment output 
                                                            array memory addres
                                                            s
   45 00000060 F1A7 0701       SUB              R7, R7, #1  ; decrease counter
   46 00000064         
   47 00000064 E7D8            B                loop        ; return to the beg
                                                            inning of the loop
   48 00000066         
   49 00000066         exit
   50 00000066         
   51 00000066 4770            BX               LR
   52 00000068                 END
Command Line: --debug --xref --diag_suppress=9931 --cpu=Cortex-M4.fp --apcs=int
erwork --depend=.\objects\assembly.d -o.\objects\assembly.o -I"P:\Winter 2017\E
CSE 426\Lab1_STM32F4Cube_Base_project\RTE" -IC:\McGill\Software_Install\EDU\Kei
l_v5\ARM\PACK\ARM\CMSIS\5.0.0\CMSIS\Include -IC:\McGill\Software_Install\EDU\Ke
il_v5\ARM\PACK\Keil\STM32F4xx_DFP\2.11.0\Drivers\CMSIS\Device\ST\STM32F4xx\Incl
ude --predefine="__UVISION_VERSION SETA 515" --predefine="_RTE_ SETA 1" --prede
fine="STM32F407xx SETA 1" --list=.\listings\assembly.lst Sources\Assembly.s



ARM Macro Assembler    Page 1 Alphabetic symbol ordering
Relocatable symbols

FIR_asm 00000000

Symbol: FIR_asm
   Definitions
      At line 11 in file Sources\Assembly.s
   Uses
      At line 2 in file Sources\Assembly.s
Comment: FIR_asm used once
exit 00000066

Symbol: exit
   Definitions
      At line 49 in file Sources\Assembly.s
   Uses
      At line 21 in file Sources\Assembly.s
Comment: exit used once
loop 00000018

Symbol: loop
   Definitions
      At line 19 in file Sources\Assembly.s
   Uses
      At line 47 in file Sources\Assembly.s
Comment: loop used once
text 00000000

Symbol: text
   Definitions
      At line 1 in file Sources\Assembly.s
   Uses
      None
Comment: text unused
4 symbols
338 symbols in table
