Component: ARM Compiler 5.05 update 2 (build 169) Tool: armlink [4d0f33]

==============================================================================

Section Cross References

    main.o(.text) refers to _printf_percent.o(.ARM.Collect$$_printf_percent$$00000000) for _printf_percent
    main.o(.text) refers to _printf_d.o(.ARM.Collect$$_printf_percent$$00000009) for _printf_d
    main.o(.text) refers to _printf_f.o(.ARM.Collect$$_printf_percent$$00000003) for _printf_f
    main.o(.text) refers to _printf_dec.o(.text) for _printf_int_dec
    main.o(.text) refers to printf1.o(x$fpl$printf1) for _printf_fp_dec
    main.o(.text) refers to _printf_i.o(.ARM.Collect$$_printf_percent$$00000008) for _printf_i
    main.o(.text) refers to f2d.o(x$fpl$f2d) for __aeabi_f2d
    main.o(.text) refers to sqrt.o(i.__hardfp_sqrt) for __hardfp_sqrt
    main.o(.text) refers to d2f.o(x$fpl$d2f) for __aeabi_d2f
    main.o(.text) refers to rt_memcpy_w.o(.text) for __aeabi_memcpy4
    main.o(.text) refers to h1_alloc.o(.text) for malloc
    main.o(.text) refers to noretval__2printf.o(.text) for __2printf
    main.o(.text) refers to assembly.o(text) for FIR_asm
    main.o(.text) refers to h1_free.o(.text) for free
    main.o(.text) refers to main.o(.constdata) for .constdata
    startup_stm32f407xx.o(STACK) refers (Special) to heapauxi.o(.text) for __use_two_region_memory
    startup_stm32f407xx.o(HEAP) refers (Special) to heapauxi.o(.text) for __use_two_region_memory
    startup_stm32f407xx.o(RESET) refers (Special) to heapauxi.o(.text) for __use_two_region_memory
    startup_stm32f407xx.o(RESET) refers to startup_stm32f407xx.o(STACK) for __initial_sp
    startup_stm32f407xx.o(RESET) refers to startup_stm32f407xx.o(.text) for Reset_Handler
    startup_stm32f407xx.o(.text) refers (Special) to heapauxi.o(.text) for __use_two_region_memory
    startup_stm32f407xx.o(.text) refers to __main.o(!!!main) for __main
    startup_stm32f407xx.o(.text) refers to assembly.o(text) for FIR_asm
    startup_stm32f407xx.o(.text) refers to startup_stm32f407xx.o(HEAP) for Heap_Mem
    startup_stm32f407xx.o(.text) refers to startup_stm32f407xx.o(STACK) for Stack_Mem
    system_stm32f4xx.o(.text) refers to system_stm32f4xx.o(.data) for SystemCoreClock
    system_stm32f4xx.o(.text) refers to system_stm32f4xx.o(.constdata) for AHBPrescTable
    malloc.o(.text) refers (Special) to hguard.o(.text) for __heap$guard
    malloc.o(.text) refers (Special) to init_alloc.o(.text) for _init_alloc
    malloc.o(.text) refers to rt_heap_descriptor_intlibspace.o(.text) for __rt_heap_descriptor
    malloc.o(.text) refers to heapstubs.o(.text) for __Heap_Alloc
    free.o(.text) refers (Special) to hguard.o(.text) for __heap$guard
    free.o(.text) refers to rt_heap_descriptor_intlibspace.o(.text) for __rt_heap_descriptor
    free.o(.text) refers to heapstubs.o(.text) for __Heap_Free
    h1_alloc.o(.text) refers (Special) to h1_init.o(.text) for __Heap_Initialize
    h1_alloc.o(.text) refers to rt_heap_descriptor_intlibspace.o(.text) for __rt_heap_descriptor
    h1_alloc.o(.text) refers to init_alloc.o(.text) for __Heap_Full
    h1_free.o(.text) refers to rt_heap_descriptor_intlibspace.o(.text) for __rt_heap_descriptor
    h1_alloc_mt.o(.text) refers (Special) to h1_init.o(.text) for __Heap_Initialize
    h1_alloc_mt.o(.text) refers to init_alloc.o(.text) for __Heap_Full
    h1_alloc_mt.o(.text) refers to rt_heap_descriptor_intlibspace.o(.text) for __rt_heap_descriptor
    h1_free_mt.o(.text) refers to rt_heap_descriptor_intlibspace.o(.text) for __rt_heap_descriptor
    heap2.o(i._FDIterate) refers to heap2.o(.conststring) for .conststring
    heap2.o(i.___Heap_ProvideMemory$realtime) refers to fdtree.o(i._FDTree_Delete) for _FDTree_Delete
    heap2.o(i.___Heap_ProvideMemory$realtime) refers to fdtree.o(i._FDTree_Insert) for _FDTree_Insert
    heap2.o(i.___Heap_Stats$realtime) refers to heap2.o(i._Heap2_StatsIterate) for _Heap2_StatsIterate
    heap2.o(i.___Heap_Valid$realtime) refers to heap2.o(i._FDIterate) for _FDIterate
    heap2.o(i.___Heap_Valid$realtime) refers to heap2.o(.conststring) for .conststring
    heap2.o(i._free$realtime) refers to rt_heap_descriptor_intlibspace.o(.text) for __rt_heap_descriptor
    heap2.o(i._free$realtime) refers to fdtree.o(i._FDTree_Delete) for _FDTree_Delete
    heap2.o(i._free$realtime) refers to fdtree.o(i._FDTree_Insert) for _FDTree_Insert
    heap2.o(i._malloc$realtime) refers to rt_heap_descriptor_intlibspace.o(.text) for __rt_heap_descriptor
    heap2.o(i._malloc$realtime) refers to fdtree.o(i._FDTree_FindFirst) for _FDTree_FindFirst
    heap2.o(i._malloc$realtime) refers to init_alloc.o(.text) for __Heap_Full
    heap2.o(i._malloc$realtime) refers to fdtree.o(i._FDTree_RemoveNode) for _FDTree_RemoveNode
    heap2.o(i._malloc$realtime) refers to fdtree.o(i._FDTree_Insert) for _FDTree_Insert
    heap2.o(i._posix_memalign$realtime) refers to rt_heap_descriptor_intlibspace.o(.text) for __rt_heap_descriptor
[...]
    libinit.o(.ARM.Collect$$libinit$$00000000) refers (Special) to libinit2.o(.ARM.Collect$$libinit$$00000033) for __rt_lib_init_return
    libinit.o(.ARM.Collect$$libinit$$00000000) refers (Special) to libinit2.o(.ARM.Collect$$libinit$$0000001D) for __rt_lib_init_signal_1
    libinit.o(.ARM.Collect$$libinit$$00000000) refers (Special) to libinit2.o(.ARM.Collect$$libinit$$00000025) for __rt_lib_init_stdio_1
    libinit.o(.ARM.Collect$$libinit$$00000000) refers (Special) to libinit2.o(.ARM.Collect$$libinit$$0000000C) for __rt_lib_init_user_alloc_1
    libshutdown2.o(.ARM.Collect$$libshutdown$$00000002) refers (Weak) to initio.o(.text) for _terminateio
    libshutdown2.o(.ARM.Collect$$libshutdown$$0000000C) refers (Weak) to term_alloc.o(.text) for _terminate_alloc
    sys_exit.o(.text) refers (Special) to use_no_semi.o(.text) for __I$use$semihosting
    sys_exit.o(.text) refers (Special) to indicate_semi.o(.text) for __semihosting_library_function
    rtexit.o(.ARM.Collect$$rtexit$$00000000) refers (Special) to rtexit2.o(.ARM.Collect$$rtexit$$00000004) for __rt_exit_exit
    rtexit.o(.ARM.Collect$$rtexit$$00000000) refers (Special) to rtexit2.o(.ARM.Collect$$rtexit$$00000003) for __rt_exit_ls
    rtexit.o(.ARM.Collect$$rtexit$$00000000) refers (Special) to rtexit2.o(.ARM.Collect$$rtexit$$00000002) for __rt_exit_prels_1
    rtexit.o(.ARM.exidx) refers (Special) to rtexit2.o(.ARM.Collect$$rtexit$$00000004) for __rt_exit_exit
    rtexit.o(.ARM.exidx) refers (Special) to rtexit2.o(.ARM.Collect$$rtexit$$00000003) for __rt_exit_ls
    rtexit.o(.ARM.exidx) refers (Special) to rtexit2.o(.ARM.Collect$$rtexit$$00000002) for __rt_exit_prels_1
    rtexit.o(.ARM.exidx) refers to rtexit.o(.ARM.Collect$$rtexit$$00000000) for .ARM.Collect$$rtexit$$00000000
    fseek.o(.text) refers to sys_io.o(.text) for _sys_istty
    fseek.o(.text) refers to ftell.o(.text) for _ftell_internal
    fseek.o(.text) refers to stdio.o(.text) for _seterr
    stdio.o(.text) refers to sys_io.o(.text) for _sys_seek
    __raise.o(.text) refers to defsig.o(CL$$defsig) for __default_signal_handler
    defsig_general.o(.text) refers to sys_wrch.o(.text) for _ttywrch
    defsig_rtred_inner.o(.text) refers to defsig_general.o(.text) for __default_signal_display
    sys_wrch.o(.text) refers (Special) to use_no_semi.o(.text) for __I$use$semihosting
    sys_wrch.o(.text) refers (Special) to indicate_semi.o(.text) for __semihosting_library_function
    rtexit2.o(.ARM.Collect$$rtexit$$00000003) refers to libshutdown.o(.ARM.Collect$$libshutdown$$00000000) for __rt_lib_shutdown
    rtexit2.o(.ARM.Collect$$rtexit$$00000004) refers to sys_exit.o(.text) for _sys_exit
    rtexit2.o(.ARM.exidx) refers to rtexit2.o(.ARM.Collect$$rtexit$$00000001) for .ARM.Collect$$rtexit$$00000001
    rtexit2.o(.ARM.exidx) refers to rtexit2.o(.ARM.Collect$$rtexit$$00000003) for .ARM.Collect$$rtexit$$00000003
    rtexit2.o(.ARM.exidx) refers to rtexit2.o(.ARM.Collect$$rtexit$$00000004) for .ARM.Collect$$rtexit$$00000004
    ftell.o(.text) refers to rt_errno_addr_intlibspace.o(.text) for __aeabi_errno_addr
    defsig.o(CL$$defsig) refers to defsig_rtred_inner.o(.text) for __rt_SIGRTRED_inner
    defsig.o(CL$$defsig) refers to defsig_rtmem_inner.o(.text) for __rt_SIGRTMEM_inner
    defsig_abrt_inner.o(.text) refers to defsig_general.o(.text) for __default_signal_display
    defsig_fpe_inner.o(.text) refers to defsig_general.o(.text) for __default_signal_display
    defsig_stak_inner.o(.text) refers to defsig_general.o(.text) for __default_signal_display
    defsig_pvfn_inner.o(.text) refers to defsig_general.o(.text) for __default_signal_display
    defsig_cppl_inner.o(.text) refers to defsig_general.o(.text) for __default_signal_display
    defsig_segv_inner.o(.text) refers to defsig_general.o(.text) for __default_signal_display
    defsig_other.o(.text) refers to defsig_general.o(.text) for __default_signal_display
    libshutdown.o(.ARM.Collect$$libshutdown$$00000000) refers (Special) to libshutdown2.o(.ARM.Collect$$libshutdown$$00000006) for __rt_lib_shutdown_fp_trap_1
    libshutdown.o(.ARM.Collect$$libshutdown$$00000000) refers (Special) to libshutdown2.o(.ARM.Collect$$libshutdown$$0000000E) for __rt_lib_shutdown_heap_1
    libshutdown.o(.ARM.Collect$$libshutdown$$00000000) refers (Special) to libshutdown2.o(.ARM.Collect$$libshutdown$$0000000F) for __rt_lib_shutdown_return
    libshutdown.o(.ARM.Collect$$libshutdown$$00000000) refers (Special) to libshutdown2.o(.ARM.Collect$$libshutdown$$00000009) for __rt_lib_shutdown_signal_1
    libshutdown.o(.ARM.Collect$$libshutdown$$00000000) refers (Special) to libshutdown2.o(.ARM.Collect$$libshutdown$$00000003) for __rt_lib_shutdown_stdio_1
    libshutdown.o(.ARM.Collect$$libshutdown$$00000000) refers (Special) to libshutdown2.o(.ARM.Collect$$libshutdown$$0000000B) for __rt_lib_shutdown_user_alloc_1


==============================================================================

Removing Unused input sections from the image.

    Removing fput_debug.o(.rev16_text), (4 bytes).
    Removing fput_debug.o(.revsh_text), (4 bytes).
    Removing fput_debug.o(.rrx_text), (6 bytes).
    Removing system_stm32f4xx.o(.rev16_text), (4 bytes).
    Removing system_stm32f4xx.o(.revsh_text), (4 bytes).
    Removing system_stm32f4xx.o(.rrx_text), (6 bytes).
    Removing system_stm32f4xx.o(.text), (288 bytes).
    Removing system_stm32f4xx.o(.constdata), (16 bytes).
    Removing system_stm32f4xx.o(.data), (4 bytes).

9 unused section(s) (total 336 bytes) removed from the image.

==============================================================================

Image Symbol Table

    Local Symbols

    Symbol Name                              Value     Ov Type        Size  Object(Section)

    ../clib/angel/boardlib.s                 0x00000000   Number         0  boardshut.o ABSOLUTE
    ../clib/angel/boardlib.s                 0x00000000   Number         0  boardinit2.o ABSOLUTE
    ../clib/angel/boardlib.s                 0x00000000   Number         0  boardinit1.o ABSOLUTE
    ../clib/angel/boardlib.s                 0x00000000   Number         0  boardinit3.o ABSOLUTE
    ../clib/angel/handlers.s                 0x00000000   Number         0  __scatter_zi.o ABSOLUTE
    ../clib/angel/handlers.s                 0x00000000   Number         0  __scatter_copy.o ABSOLUTE
    ../clib/angel/kernel.s                   0x00000000   Number         0  __rtentry.o ABSOLUTE
    ../clib/angel/kernel.s                   0x00000000   Number         0  rtexit2.o ABSOLUTE
    ../clib/angel/kernel.s                   0x00000000   Number         0  __rtentry2.o ABSOLUTE
    ../clib/angel/kernel.s                   0x00000000   Number         0  rtexit.o ABSOLUTE
    ../clib/angel/kernel.s                   0x00000000   Number         0  __rtentry4.o ABSOLUTE
    ../clib/angel/rt.s                       0x00000000   Number         0  rt_errno_addr_intlibspace.o ABSOLUTE
    ../clib/angel/rt.s                       0x00000000   Number         0  rt_errno_addr.o ABSOLUTE
    ../clib/angel/rt.s                       0x00000000   Number         0  rt_locale_intlibspace.o ABSOLUTE
    ../clib/angel/rt.s                       0x00000000   Number         0  rt_locale.o ABSOLUTE
    ../clib/angel/rt.s                       0x00000000   Number         0  rt_raise.o ABSOLUTE
    ../clib/angel/rt.s                       0x00000000   Number         0  rt_heap_descriptor.o ABSOLUTE
    ../clib/angel/rt.s                       0x00000000   Number         0  rt_heap_descriptor_intlibspace.o ABSOLUTE
    ../clib/angel/scatter.s                  0x00000000   Number         0  __scatter.o ABSOLUTE
    ../clib/angel/startup.s                  0x00000000   Number         0  __main.o ABSOLUTE
    ../clib/angel/sys.s                      0x00000000   Number         0  sys_stackheap_outer.o ABSOLUTE
    ../clib/angel/sys.s                      0x00000000   Number         0  use_no_semi.o ABSOLUTE
    ../clib/angel/sys.s                      0x00000000   Number         0  mutex_dummy.o ABSOLUTE
    ../clib/angel/sys.s                      0x00000000   Number         0  indicate_semi.o ABSOLUTE
    ../clib/angel/sys.s                      0x00000000   Number         0  libspace.o ABSOLUTE
    ../clib/angel/sysapp.c                   0x00000000   Number         0  sys_wrch.o ABSOLUTE
    ../clib/angel/sysapp.c                   0x00000000   Number         0  sys_exit.o ABSOLUTE
    ../clib/angel/sysapp.c                   0x00000000   Number         0  sys_io.o ABSOLUTE
    ../clib/angel/sysapp.c                   0x00000000   Number         0  sys_command.o ABSOLUTE
    ../clib/armsys.c                         0x00000000   Number         0  argv_veneer.o ABSOLUTE
    ../clib/armsys.c                         0x00000000   Number         0  argv_veneer.o ABSOLUTE
    ../clib/armsys.c                         0x00000000   Number         0  _get_argv.o ABSOLUTE
    ../clib/armsys.c                         0x00000000   Number         0  _get_argv_nomalloc.o ABSOLUTE
    ../clib/armsys.c                         0x00000000   Number         0  no_argv.o ABSOLUTE
    ../clib/bigflt.c                         0x00000000   Number         0  bigflt0.o ABSOLUTE
    ../clib/btod.s                           0x00000000   Number         0  btod.o ABSOLUTE
    ../clib/fenv.c                           0x00000000   Number         0  _rserrno.o ABSOLUTE
    ../clib/heap1.c                          0x00000000   Number         0  h1_final_mt.o ABSOLUTE
    ../clib/heap1.c                          0x00000000   Number         0  h1_extend.o ABSOLUTE
    ../clib/heap1.c                          0x00000000   Number         0  h1_extend_mt.o ABSOLUTE
    ../clib/heap1.c                          0x00000000   Number         0  h1_alloc.o ABSOLUTE
    ../clib/heap1.c                          0x00000000   Number         0  h1_init_mt.o ABSOLUTE
    ../clib/heap1.c                          0x00000000   Number         0  h1_free.o ABSOLUTE
    ../clib/heap1.c                          0x00000000   Number         0  h1_init.o ABSOLUTE
    ../clib/heap1.c                          0x00000000   Number         0  h1_free_mt.o ABSOLUTE
    ../clib/heap1.c                          0x00000000   Number         0  h1_final.o ABSOLUTE
    ../clib/heap1.c                          0x00000000   Number         0  h1_alloc_mt.o ABSOLUTE
    ../clib/heap2.c                          0x00000000   Number         0  heap2mt.o ABSOLUTE
    ../clib/heap2.c                          0x00000000   Number         0  heap2.o ABSOLUTE
    ../clib/heap2.c                          0x00000000   Number         0  fdtree.o ABSOLUTE
    ../clib/heapalloc.c                      0x00000000   Number         0  maybetermalloc2.o ABSOLUTE
    ../clib/heapalloc.c                      0x00000000   Number         0  maybetermalloc2.o ABSOLUTE
    ../clib/heapalloc.c                      0x00000000   Number         0  init_alloc.o ABSOLUTE
    ../clib/heapalloc.c                      0x00000000   Number         0  hguard.o ABSOLUTE
    ../clib/heapalloc.c                      0x00000000   Number         0  free.o ABSOLUTE
    ../clib/heapalloc.c                      0x00000000   Number         0  malloc.o ABSOLUTE
    ../clib/heapalloc.c                      0x00000000   Number         0  hrguard.o ABSOLUTE
    ../clib/heapalloc.c                      0x00000000   Number         0  heapstubs.o ABSOLUTE
    ../clib/heapalloc.c                      0x00000000   Number         0  term_alloc.o ABSOLUTE
    ../clib/heapalloc.c                      0x00000000   Number         0  maybetermalloc1.o ABSOLUTE
    ../clib/heapalloc.c                      0x00000000   Number         0  maybetermalloc1.o ABSOLUTE
    ../clib/heapaux.c                        0x00000000   Number         0  heapauxi.o ABSOLUTE
    ../clib/heapaux.c                        0x00000000   Number         0  heapauxa.o ABSOLUTE
    ../clib/libinit.s                        0x00000000   Number         0  libinit2.o ABSOLUTE
    ../clib/libinit.s                        0x00000000   Number         0  libshutdown.o ABSOLUTE
    ../clib/libinit.s                        0x00000000   Number         0  libinit.o ABSOLUTE
    ../clib/libinit.s                        0x00000000   Number         0  libshutdown2.o ABSOLUTE
    ../clib/locale.s                         0x00000000   Number         0  lc_numeric_c.o ABSOLUTE
    ../clib/longlong.s                       0x00000000   Number         0  lludiv10.o ABSOLUTE
    ../clib/memcpset.s                       0x00000000   Number         0  rt_memclr_w.o ABSOLUTE
    ../clib/memcpset.s                       0x00000000   Number         0  strcmpv7m.o ABSOLUTE
    ../clib/memcpset.s                       0x00000000   Number         0  rt_memcpy_w.o ABSOLUTE
    ../clib/printf.c                         0x00000000   Number         0  __printf_flags_ss.o ABSOLUTE
    ../clib/printf.c                         0x00000000   Number         0  __printf_wp.o ABSOLUTE
    ../clib/printf.c                         0x00000000   Number         0  __printf_flags_wp.o ABSOLUTE
    ../clib/printf.c                         0x00000000   Number         0  __printf_ss_wp.o ABSOLUTE
    ../clib/printf.c                         0x00000000   Number         0  __printf_flags_ss_wp.o ABSOLUTE
    ../clib/printf.c                         0x00000000   Number         0  __printf_flags.o ABSOLUTE
    ../clib/printf.c                         0x00000000   Number         0  _printf_intcommon.o ABSOLUTE
    ../clib/printf.c                         0x00000000   Number         0  _printf_fp_dec.o ABSOLUTE
    ../clib/printf.c                         0x00000000   Number         0  _printf_char_file.o ABSOLUTE
    ../clib/printf.c                         0x00000000   Number         0  __printf_nopercent.o ABSOLUTE
    ../clib/printf.c                         0x00000000   Number         0  _printf_fp_infnan.o ABSOLUTE
    ../clib/printf.c                         0x00000000   Number         0  _printf_char_common.o ABSOLUTE
    ../clib/printf.c                         0x00000000   Number         0  __printf_ss.o ABSOLUTE
    ../clib/printf.c                         0x00000000   Number         0  __2printf.o ABSOLUTE
    ../clib/printf.c                         0x00000000   Number         0  noretval__2printf.o ABSOLUTE
    ../clib/printf.c                         0x00000000   Number         0  __printf.o ABSOLUTE
    ../clib/printf.c                         0x00000000   Number         0  _printf_dec.o ABSOLUTE
    ../clib/printf_percent.s                 0x00000000   Number         0  _printf_d.o ABSOLUTE
    ../clib/printf_percent.s                 0x00000000   Number         0  _printf_percent.o ABSOLUTE
    ../clib/printf_percent.s                 0x00000000   Number         0  _printf_i.o ABSOLUTE
    ../clib/printf_percent.s                 0x00000000   Number         0  _printf_f.o ABSOLUTE
    ../clib/printf_percent.s                 0x00000000   Number         0  _printf_percent_end.o ABSOLUTE
    ../clib/signal.c                         0x00000000   Number         0  defsig_rtred_outer.o ABSOLUTE
    ../clib/signal.c                         0x00000000   Number         0  defsig_exit.o ABSOLUTE
    ../clib/signal.c                         0x00000000   Number         0  defsig_abrt_inner.o ABSOLUTE
    ../clib/signal.c                         0x00000000   Number         0  defsig_rtred_formal.o ABSOLUTE
    ../clib/signal.c                         0x00000000   Number         0  defsig_other.o ABSOLUTE
    ../clib/signal.c                         0x00000000   Number         0  defsig_fpe_inner.o ABSOLUTE
    ../clib/signal.c                         0x00000000   Number         0  defsig_stak_inner.o ABSOLUTE
    ../clib/signal.c                         0x00000000   Number         0  defsig_pvfn_inner.o ABSOLUTE
    ../clib/signal.c                         0x00000000   Number         0  defsig_rtmem_outer.o ABSOLUTE
    ../clib/signal.c                         0x00000000   Number         0  defsig_rtmem_formal.o ABSOLUTE
    ../clib/signal.c                         0x00000000   Number         0  defsig_cppl_inner.o ABSOLUTE
    ../clib/signal.c                         0x00000000   Number         0  defsig_segv_inner.o ABSOLUTE
    ../clib/signal.c                         0x00000000   Number         0  defsig_rtmem_inner.o ABSOLUTE
    ../clib/signal.c                         0x00000000   Number         0  __raise.o ABSOLUTE
    ../clib/signal.c                         0x00000000   Number         0  defsig_general.o ABSOLUTE
    ../clib/signal.c                         0x00000000   Number         0  defsig_rtred_inner.o ABSOLUTE
    ../clib/signal.s                         0x00000000   Number         0  defsig.o ABSOLUTE
    ../clib/stdio.c                          0x00000000   Number         0  ferror.o ABSOLUTE
    ../clib/stdio.c                          0x00000000   Number         0  ferror_locked.o ABSOLUTE
    ../clib/stdio.c                          0x00000000   Number         0  ftell.o ABSOLUTE
    ../clib/stdio.c                          0x00000000   Number         0  fseek.o ABSOLUTE
    ../clib/stdio.c                          0x00000000   Number         0  initio.o ABSOLUTE
    ../clib/stdio.c                          0x00000000   Number         0  stdio_streams.o ABSOLUTE
    ../clib/stdio.c                          0x00000000   Number         0  fopen_locked.o ABSOLUTE
    ../clib/stdio.c                          0x00000000   Number         0  setvbuf_locked.o ABSOLUTE
    ../clib/stdio.c                          0x00000000   Number         0  fclose.o ABSOLUTE
    ../clib/stdio.c                          0x00000000   Number         0  fopen.o ABSOLUTE
    ../clib/stdio.c                          0x00000000   Number         0  stdio.o ABSOLUTE
    ../clib/stdio.c                          0x00000000   Number         0  streamlock.o ABSOLUTE
    ../clib/stdio.c                          0x00000000   Number         0  setvbuf.o ABSOLUTE
    ../clib/stdio.c                          0x00000000   Number         0  initio_locked.o ABSOLUTE
    ../clib/stdlib.c                         0x00000000   Number         0  exit.o ABSOLUTE
    ../clib/string.c                         0x00000000   Number         0  strlen.o ABSOLUTE
    ../fplib/d2f.s                           0x00000000   Number         0  d2f.o ABSOLUTE
    ../fplib/dcmpi.s                         0x00000000   Number         0  dcmpi.o ABSOLUTE
    ../fplib/dleqf.s                         0x00000000   Number         0  dleqf.o ABSOLUTE
    ../fplib/dnaninf.s                       0x00000000   Number         0  dnaninf.o ABSOLUTE
    ../fplib/dretinf.s                       0x00000000   Number         0  dretinf.o ABSOLUTE
    ../fplib/dsqrt.s                         0x00000000   Number         0  dsqrt_umaal.o ABSOLUTE
    ../fplib/f2d.s                           0x00000000   Number         0  f2d.o ABSOLUTE
    ../fplib/fnaninf.s                       0x00000000   Number         0  fnaninf.o ABSOLUTE
    ../fplib/fpinit.s                        0x00000000   Number         0  fpinit.o ABSOLUTE
    ../fplib/fretinf.s                       0x00000000   Number         0  fretinf.o ABSOLUTE
    ../fplib/istatus.s                       0x00000000   Number         0  istatus.o ABSOLUTE
    ../fplib/printf1.s                       0x00000000   Number         0  printf1.o ABSOLUTE
    ../fplib/usenofp.s                       0x00000000   Number         0  usenofp.o ABSOLUTE
    ../mathlib/fpclassify.c                  0x00000000   Number         0  fpclassify.o ABSOLUTE
    ../mathlib/sqrt.c                        0x00000000   Number         0  sqrt.o ABSOLUTE
    ../mathlib/sqrt.c                        0x00000000   Number         0  sqrt_x.o ABSOLUTE
    RTE\Device\STM32F407VGTx\startup_stm32f407xx.s 0x00000000   Number         0  startup_stm32f407xx.o ABSOLUTE
    RTE\Device\STM32F407VGTx\system_stm32f4xx.c 0x00000000   Number         0  system_stm32f4xx.o ABSOLUTE
    RTE\\Device\\STM32F407VGTx\\system_stm32f4xx.c 0x00000000   Number         0  system_stm32f4xx.o ABSOLUTE
    Sources\Assembly.s                       0x00000000   Number         0  assembly.o ABSOLUTE
    Sources\\fput_debug.c                    0x00000000   Number         0  fput_debug.o ABSOLUTE
    Sources\fput_debug.c                     0x00000000   Number         0  fput_debug.o ABSOLUTE
    Sources\main.c                           0x00000000   Number         0  main.o ABSOLUTE
    dc.s                                     0x00000000   Number         0  dc.o ABSOLUTE
    RESET                                    0x08000000   Section      392  startup_stm32f407xx.o(RESET)
    !!!main                                  0x08000188   Section        8  __main.o(!!!main)
    !!!scatter                               0x08000190   Section       52  __scatter.o(!!!scatter)
    !!handler_copy                           0x080001c4   Section       26  __scatter_copy.o(!!handler_copy)
    !!handler_zi                             0x080001e0   Section       28  __scatter_zi.o(!!handler_zi)
    .ARM.Collect$$_printf_percent$$00000000  0x080001fc   Section        0  _printf_percent.o(.ARM.Collect$$_printf_percent$$00000000)
    .ARM.Collect$$_printf_percent$$00000003  0x080001fc   Section        6  _printf_f.o(.ARM.Collect$$_printf_percent$$00000003)
    .ARM.Collect$$_printf_percent$$00000008  0x08000202   Section        6  _printf_i.o(.ARM.Collect$$_printf_percent$$00000008)
    .ARM.Collect$$_printf_percent$$00000009  0x08000208   Section        6  _printf_d.o(.ARM.Collect$$_printf_percent$$00000009)
    .ARM.Collect$$_printf_percent$$00000017  0x0800020e   Section        4  _printf_percent_end.o(.ARM.Collect$$_printf_percent$$00000017)
    .ARM.Collect$$libinit$$00000000          0x08000212   Section        2  libinit.o(.ARM.Collect$$libinit$$00000000)
    .ARM.Collect$$libinit$$00000001          0x08000214   Section        4  libinit2.o(.ARM.Collect$$libinit$$00000001)
    .ARM.Collect$$libinit$$00000004          0x08000218   Section        0  libinit2.o(.ARM.Collect$$libinit$$00000004)
    .ARM.Collect$$libinit$$00000005          0x08000218   Section        8  libinit2.o(.ARM.Collect$$libinit$$00000005)
    .ARM.Collect$$libinit$$0000000A          0x08000220   Section        0  libinit2.o(.ARM.Collect$$libinit$$0000000A)
    .ARM.Collect$$libinit$$0000000C          0x08000220   Section        0  libinit2.o(.ARM.Collect$$libinit$$0000000C)
    .ARM.Collect$$libinit$$0000000E          0x08000220   Section        0  libinit2.o(.ARM.Collect$$libinit$$0000000E)
    .ARM.Collect$$libinit$$0000000F          0x08000220   Section        6  libinit2.o(.ARM.Collect$$libinit$$0000000F)
    .ARM.Collect$$libinit$$00000011          0x08000226   Section        0  libinit2.o(.ARM.Collect$$libinit$$00000011)
    .ARM.Collect$$libinit$$00000013          0x08000226   Section        0  libinit2.o(.ARM.Collect$$libinit$$00000013)
    .ARM.Collect$$libinit$$00000015          0x08000226   Section        0  libinit2.o(.ARM.Collect$$libinit$$00000015)
    .ARM.Collect$$libinit$$00000016          0x08000226   Section       10  libinit2.o(.ARM.Collect$$libinit$$00000016)
    .ARM.Collect$$libinit$$00000017          0x08000230   Section        0  libinit2.o(.ARM.Collect$$libinit$$00000017)
    .ARM.Collect$$libinit$$00000019          0x08000230   Section        0  libinit2.o(.ARM.Collect$$libinit$$00000019)
    .ARM.Collect$$libinit$$0000001B          0x08000230   Section        0  libinit2.o(.ARM.Collect$$libinit$$0000001B)
    .ARM.Collect$$libinit$$0000001D          0x08000230   Section        0  libinit2.o(.ARM.Collect$$libinit$$0000001D)
    .ARM.Collect$$libinit$$0000001F          0x08000230   Section        0  libinit2.o(.ARM.Collect$$libinit$$0000001F)
    .ARM.Collect$$libinit$$00000021          0x08000230   Section        0  libinit2.o(.ARM.Collect$$libinit$$00000021)
    .ARM.Collect$$libinit$$00000023          0x08000230   Section        0  libinit2.o(.ARM.Collect$$libinit$$00000023)
    .ARM.Collect$$libinit$$00000024          0x08000230   Section        4  libinit2.o(.ARM.Collect$$libinit$$00000024)
    .ARM.Collect$$libinit$$00000025          0x08000234   Section        0  libinit2.o(.ARM.Collect$$libinit$$00000025)
    .ARM.Collect$$libinit$$0000002C          0x08000234   Section        0  libinit2.o(.ARM.Collect$$libinit$$0000002C)
    .ARM.Collect$$libinit$$0000002E          0x08000234   Section        0  libinit2.o(.ARM.Collect$$libinit$$0000002E)
    .ARM.Collect$$libinit$$00000030          0x08000234   Section        0  libinit2.o(.ARM.Collect$$libinit$$00000030)
    .ARM.Collect$$libinit$$00000032          0x08000234   Section        0  libinit2.o(.ARM.Collect$$libinit$$00000032)
    .ARM.Collect$$libinit$$00000033          0x08000234   Section        2  libinit2.o(.ARM.Collect$$libinit$$00000033)
    .ARM.Collect$$libshutdown$$00000000      0x08000236   Section        2  libshutdown.o(.ARM.Collect$$libshutdown$$00000000)
    .ARM.Collect$$libshutdown$$00000002      0x08000238   Section        4  libshutdown2.o(.ARM.Collect$$libshutdown$$00000002)
    .ARM.Collect$$libshutdown$$00000003      0x0800023c   Section        0  libshutdown2.o(.ARM.Collect$$libshutdown$$00000003)
    .ARM.Collect$$libshutdown$$00000006      0x0800023c   Section        0  libshutdown2.o(.ARM.Collect$$libshutdown$$00000006)
    .ARM.Collect$$libshutdown$$00000009      0x0800023c   Section        0  libshutdown2.o(.ARM.Collect$$libshutdown$$00000009)
    .ARM.Collect$$libshutdown$$0000000B      0x0800023c   Section        0  libshutdown2.o(.ARM.Collect$$libshutdown$$0000000B)
    .ARM.Collect$$libshutdown$$0000000E      0x0800023c   Section        0  libshutdown2.o(.ARM.Collect$$libshutdown$$0000000E)
    .ARM.Collect$$libshutdown$$0000000F      0x0800023c   Section        2  libshutdown2.o(.ARM.Collect$$libshutdown$$0000000F)
    .ARM.Collect$$rtentry$$00000000          0x0800023e   Section        0  __rtentry.o(.ARM.Collect$$rtentry$$00000000)
    .ARM.Collect$$rtentry$$00000002          0x0800023e   Section        0  __rtentry2.o(.ARM.Collect$$rtentry$$00000002)
    .ARM.Collect$$rtentry$$00000004          0x0800023e   Section        6  __rtentry4.o(.ARM.Collect$$rtentry$$00000004)
    .ARM.Collect$$rtentry$$00000009          0x08000244   Section        0  __rtentry2.o(.ARM.Collect$$rtentry$$00000009)
    .ARM.Collect$$rtentry$$0000000A          0x08000244   Section        4  __rtentry2.o(.ARM.Collect$$rtentry$$0000000A)
    .ARM.Collect$$rtentry$$0000000C          0x08000248   Section        0  __rtentry2.o(.ARM.Collect$$rtentry$$0000000C)
    .ARM.Collect$$rtentry$$0000000D          0x08000248   Section        8  __rtentry2.o(.ARM.Collect$$rtentry$$0000000D)
    .ARM.Collect$$rtexit$$00000000           0x08000250   Section        2  rtexit.o(.ARM.Collect$$rtexit$$00000000)
    .ARM.Collect$$rtexit$$00000002           0x08000252   Section        0  rtexit2.o(.ARM.Collect$$rtexit$$00000002)
    .ARM.Collect$$rtexit$$00000003           0x08000252   Section        4  rtexit2.o(.ARM.Collect$$rtexit$$00000003)
    .ARM.Collect$$rtexit$$00000004           0x08000256   Section        6  rtexit2.o(.ARM.Collect$$rtexit$$00000004)
    .emb_text                                0x0800025c   Section        0  maybetermalloc1.o(.emb_text)
    .text                                    0x0800025c   Section        0  main.o(.text)
    .text                                    0x08000564   Section        0  fput_debug.o(.text)
    .text                                    0x0800059c   Section       92  startup_stm32f407xx.o(.text)
    $v0                                      0x0800059c   Number         0  startup_stm32f407xx.o(.text)
    .text                                    0x080005f8   Section        0  h1_alloc.o(.text)
    .text                                    0x08000656   Section        0  h1_free.o(.text)
    .text                                    0x080006a4   Section        0  noretval__2printf.o(.text)
    .text                                    0x080006bc   Section        0  __printf.o(.text)
    .text                                    0x08000724   Section        0  _printf_dec.o(.text)
    .text                                    0x0800079c   Section      100  rt_memcpy_w.o(.text)
    .text                                    0x08000800   Section        0  heapauxi.o(.text)
    .text                                    0x08000808   Section        8  rt_heap_descriptor_intlibspace.o(.text)
    .text                                    0x08000810   Section        0  hguard.o(.text)
    .text                                    0x08000814   Section        0  init_alloc.o(.text)
    .text                                    0x0800089e   Section        0  h1_init.o(.text)
    .text                                    0x080008ac   Section        0  _rserrno.o(.text)
    .text                                    0x080008c2   Section        0  _printf_intcommon.o(.text)
    .text                                    0x08000974   Section        0  _printf_fp_dec.o(.text)
    _fp_digits                               0x08000977   Thumb Code   428  _printf_fp_dec.o(.text)
    .text                                    0x08000d90   Section        0  _printf_char_file.o(.text)
    .text                                    0x08000db4   Section        8  libspace.o(.text)
    .text                                    0x08000dbc   Section        8  rt_locale_intlibspace.o(.text)
    .text                                    0x08000dc4   Section        8  rt_errno_addr_intlibspace.o(.text)
    .text                                    0x08000dcc   Section        0  h1_extend.o(.text)
    .text                                    0x08000e00   Section      138  lludiv10.o(.text)
    .text                                    0x08000e8c   Section        0  _printf_char_common.o(.text)
    _printf_input_char                       0x08000e8d   Thumb Code    10  _printf_char_common.o(.text)
    .text                                    0x08000ebc   Section        0  _printf_fp_infnan.o(.text)
    .text                                    0x08000f3c   Section        0  bigflt0.o(.text)
    .text                                    0x08001018   Section        0  ferror.o(.text)
    .text                                    0x08001020   Section        0  initio.o(.text)
    .text                                    0x08001158   Section        0  defsig_rtmem_outer.o(.text)
    .text                                    0x08001166   Section        0  sys_io.o(.text)
    .text                                    0x080011cc   Section        2  use_no_semi.o(.text)
    .text                                    0x080011ce   Section        0  indicate_semi.o(.text)
    .text                                    0x080011ce   Section       74  sys_stackheap_outer.o(.text)
    .text                                    0x08001218   Section        0  setvbuf.o(.text)
    .text                                    0x08001260   Section        0  fopen.o(.text)
    _freopen_locked                          0x08001261   Thumb Code     0  fopen.o(.text)
    .text                                    0x0800134c   Section        0  fclose.o(.text)
    .text                                    0x08001398   Section        0  exit.o(.text)
    .text                                    0x080013a4   Section        0  defsig_exit.o(.text)
    .text                                    0x080013ae   Section        0  defsig_rtred_outer.o(.text)
    .text                                    0x080013bc   Section        0  defsig_rtmem_inner.o(.text)
    .text                                    0x0800140c   Section       78  rt_memclr_w.o(.text)
    .text                                    0x0800145c   Section      128  strcmpv7m.o(.text)
    .text                                    0x080014dc   Section        0  sys_exit.o(.text)
    .text                                    0x080014e8   Section        0  fseek.o(.text)
    .text                                    0x080015e0   Section        0  stdio.o(.text)
    .text                                    0x080016d0   Section        0  defsig_general.o(.text)
    .text                                    0x08001704   Section        0  defsig_rtred_inner.o(.text)
    .text                                    0x08001738   Section        0  strlen.o(.text)
    .text                                    0x08001776   Section        0  sys_wrch.o(.text)
    .text                                    0x08001784   Section        0  ftell.o(.text)
    CL$$btod_d2e                             0x080017c6   Section       62  btod.o(CL$$btod_d2e)
    CL$$btod_d2e_denorm_low                  0x08001804   Section       70  btod.o(CL$$btod_d2e_denorm_low)
    CL$$btod_d2e_norm_op1                    0x0800184a   Section       96  btod.o(CL$$btod_d2e_norm_op1)
    CL$$btod_div_common                      0x080018aa   Section      824  btod.o(CL$$btod_div_common)
    CL$$btod_e2e                             0x08001be2   Section      198  btod.o(CL$$btod_e2e)
    CL$$btod_ediv                            0x08001ca8   Section       40  btod.o(CL$$btod_ediv)
    CL$$btod_emul                            0x08001cd0   Section       40  btod.o(CL$$btod_emul)
    CL$$btod_mult_common                     0x08001cf8   Section      580  btod.o(CL$$btod_mult_common)
    i.__ARM_fpclassify                       0x08001f3c   Section        0  fpclassify.o(i.__ARM_fpclassify)
    i.__hardfp_sqrt                          0x08001f6c   Section        0  sqrt.o(i.__hardfp_sqrt)
    locale$$code                             0x08001fe8   Section       44  lc_numeric_c.o(locale$$code)
    text                                     0x08002014   Section      104  assembly.o(text)
    $v0                                      0x08002014   Number         0  assembly.o(text)
    x$fpl$d2f                                0x0800207c   Section       98  d2f.o(x$fpl$d2f)
    $v0                                      0x0800207c   Number         0  d2f.o(x$fpl$d2f)
    x$fpl$dnaninf                            0x080020de   Section      156  dnaninf.o(x$fpl$dnaninf)
    $v0                                      0x080020de   Number         0  dnaninf.o(x$fpl$dnaninf)
    x$fpl$dretinf                            0x0800217a   Section       12  dretinf.o(x$fpl$dretinf)
    $v0                                      0x0800217a   Number         0  dretinf.o(x$fpl$dretinf)
    x$fpl$dsqrt                              0x08002188   Section      408  dsqrt_umaal.o(x$fpl$dsqrt)
    $v0                                      0x08002188   Number         0  dsqrt_umaal.o(x$fpl$dsqrt)
    x$fpl$f2d                                0x08002320   Section       86  f2d.o(x$fpl$f2d)
    $v0                                      0x08002320   Number         0  f2d.o(x$fpl$f2d)
    x$fpl$fnaninf                            0x08002376   Section      140  fnaninf.o(x$fpl$fnaninf)
    $v0                                      0x08002376   Number         0  fnaninf.o(x$fpl$fnaninf)
    x$fpl$fpinit                             0x08002402   Section       10  fpinit.o(x$fpl$fpinit)
    $v0                                      0x08002402   Number         0  fpinit.o(x$fpl$fpinit)
    x$fpl$fretinf                            0x0800240c   Section       10  fretinf.o(x$fpl$fretinf)
    $v0                                      0x0800240c   Number         0  fretinf.o(x$fpl$fretinf)
    x$fpl$printf1                            0x08002416   Section        4  printf1.o(x$fpl$printf1)
    $v0                                      0x08002416   Number         0  printf1.o(x$fpl$printf1)
    x$fpl$usenofp                            0x0800241a   Section        0  usenofp.o(x$fpl$usenofp)
    .constdata                               0x0800241c   Section       64  main.o(.constdata)
    .constdata                               0x0800245c   Section      148  bigflt0.o(.constdata)
    tenpwrs_x                                0x0800245c   Data          60  bigflt0.o(.constdata)
    tenpwrs_i                                0x08002498   Data          64  bigflt0.o(.constdata)
    .constdata                               0x080024f0   Section        4  sys_io.o(.constdata)
    .constdata                               0x080024f4   Section        4  sys_io.o(.constdata)
    .constdata                               0x080024f8   Section        4  sys_io.o(.constdata)
    locale$$data                             0x0800251c   Section       28  lc_numeric_c.o(locale$$data)
    __lcnum_c_name                           0x08002520   Data           2  lc_numeric_c.o(locale$$data)
    __lcnum_c_start                          0x08002528   Data           0  lc_numeric_c.o(locale$$data)
    __lcnum_c_point                          0x08002534   Data           0  lc_numeric_c.o(locale$$data)
    __lcnum_c_thousands                      0x08002536   Data           0  lc_numeric_c.o(locale$$data)
    __lcnum_c_grouping                       0x08002537   Data           0  lc_numeric_c.o(locale$$data)
    __lcnum_c_end                            0x08002538   Data           0  lc_numeric_c.o(locale$$data)
    .data                                    0x20000000   Section        4  stdio_streams.o(.data)
    .data                                    0x20000004   Section        4  stdio_streams.o(.data)
    .data                                    0x20000008   Section        4  stdio_streams.o(.data)
    .bss                                     0x2000000c   Section       84  stdio_streams.o(.bss)
    .bss                                     0x20000060   Section       84  stdio_streams.o(.bss)
    .bss                                     0x200000b4   Section       84  stdio_streams.o(.bss)
    .bss                                     0x20000108   Section       96  libspace.o(.bss)
    HEAP                                     0x20000168   Section      512  startup_stm32f407xx.o(HEAP)
    Heap_Mem                                 0x20000168   Data         512  startup_stm32f407xx.o(HEAP)
    STACK                                    0x20000368   Section     1024  startup_stm32f407xx.o(STACK)
    Stack_Mem                                0x20000368   Data        1024  startup_stm32f407xx.o(STACK)
    __initial_sp                             0x20000768   Data           0  startup_stm32f407xx.o(STACK)

    Global Symbols

    Symbol Name                              Value     Ov Type        Size  Object(Section)

    BuildAttributes$$THM_ISAv4$E$P$D$K$B$S$7EM$VFPi3$EXTD16$VFPS$VFMA$PE$A:L22UL41UL21$X:L11$S22US41US21$IEEE1$IW$USESV6$~STKCKD$USESV7$~SHL$OTIME$ROPI$IEEEJ$EBA8$UX$STANDARDLIB$REQ8$PRES8$EABIv2 0x00000000   Number         0  anon$$obj.o ABSOLUTE
    __ARM_use_no_argv                        0x00000000   Number         0  main.o ABSOLUTE
    __ARM_exceptions_init                     - Undefined Weak Reference
    __alloca_initialize                       - Undefined Weak Reference
    __arm_preinit_                            - Undefined Weak Reference
    __cpp_initialize__aeabi_                  - Undefined Weak Reference
    __cxa_finalize                            - Undefined Weak Reference
    __sigvec_lookup                           - Undefined Weak Reference
    __user_heap_extent                        - Undefined Weak Reference
    _atexit_init                              - Undefined Weak Reference
    _call_atexit_fns                          - Undefined Weak Reference
    _clock_init                               - Undefined Weak Reference
    _fp_trap_init                             - Undefined Weak Reference
    _fp_trap_shutdown                         - Undefined Weak Reference
    _get_lc_collate                           - Undefined Weak Reference
    _get_lc_ctype                             - Undefined Weak Reference
    _get_lc_monetary                          - Undefined Weak Reference
    _get_lc_time                              - Undefined Weak Reference
    _getenv_init                              - Undefined Weak Reference
    _handle_redirection                       - Undefined Weak Reference
    _mutex_acquire                            - Undefined Weak Reference
    _mutex_free                               - Undefined Weak Reference
    _mutex_release                            - Undefined Weak Reference
    _printf_post_padding                      - Undefined Weak Reference
    _printf_pre_padding                       - Undefined Weak Reference
    _printf_truncate_signed                   - Undefined Weak Reference
    _printf_truncate_unsigned                 - Undefined Weak Reference
    _rand_init                                - Undefined Weak Reference
    _signal_finish                            - Undefined Weak Reference
    _signal_init                              - Undefined Weak Reference
    __Vectors_Size                           0x00000188   Number         0  startup_stm32f407xx.o ABSOLUTE
    __Vectors                                0x08000000   Data           4  startup_stm32f407xx.o(RESET)
    __Vectors_End                            0x08000188   Data           0  startup_stm32f407xx.o(RESET)
    __main                                   0x08000189   Thumb Code     8  __main.o(!!!main)
    __scatterload                            0x08000191   Thumb Code     0  __scatter.o(!!!scatter)
    __scatterload_rt2                        0x08000191   Thumb Code    44  __scatter.o(!!!scatter)
    __scatterload_rt2_thumb_only             0x08000191   Thumb Code     0  __scatter.o(!!!scatter)
    __scatterload_null                       0x0800019f   Thumb Code     0  __scatter.o(!!!scatter)
    __scatterload_copy                       0x080001c5   Thumb Code    26  __scatter_copy.o(!!handler_copy)
    __scatterload_zeroinit                   0x080001e1   Thumb Code    28  __scatter_zi.o(!!handler_zi)
    _printf_f                                0x080001fd   Thumb Code     0  _printf_f.o(.ARM.Collect$$_printf_percent$$00000003)
    _printf_percent                          0x080001fd   Thumb Code     0  _printf_percent.o(.ARM.Collect$$_printf_percent$$00000000)
    _printf_i                                0x08000203   Thumb Code     0  _printf_i.o(.ARM.Collect$$_printf_percent$$00000008)
    _printf_d                                0x08000209   Thumb Code     0  _printf_d.o(.ARM.Collect$$_printf_percent$$00000009)
    _printf_percent_end                      0x0800020f   Thumb Code     0  _printf_percent_end.o(.ARM.Collect$$_printf_percent$$00000017)
    __rt_lib_init                            0x08000213   Thumb Code     0  libinit.o(.ARM.Collect$$libinit$$00000000)
    __rt_lib_init_fp_1                       0x08000215   Thumb Code     0  libinit2.o(.ARM.Collect$$libinit$$00000001)
    __rt_lib_init_heap_2                     0x08000219   Thumb Code     0  libinit2.o(.ARM.Collect$$libinit$$00000005)
    __rt_lib_init_preinit_1                  0x08000219   Thumb Code     0  libinit2.o(.ARM.Collect$$libinit$$00000004)
    __rt_lib_init_heap_1                     0x08000221   Thumb Code     0  libinit2.o(.ARM.Collect$$libinit$$0000000A)
    __rt_lib_init_lc_common                  0x08000221   Thumb Code     0  libinit2.o(.ARM.Collect$$libinit$$0000000F)
    __rt_lib_init_rand_1                     0x08000221   Thumb Code     0  libinit2.o(.ARM.Collect$$libinit$$0000000E)
    __rt_lib_init_user_alloc_1               0x08000221   Thumb Code     0  libinit2.o(.ARM.Collect$$libinit$$0000000C)
    __rt_lib_init_lc_collate_1               0x08000227   Thumb Code     0  libinit2.o(.ARM.Collect$$libinit$$00000011)
    __rt_lib_init_lc_ctype_1                 0x08000227   Thumb Code     0  libinit2.o(.ARM.Collect$$libinit$$00000013)
    __rt_lib_init_lc_monetary_1              0x08000227   Thumb Code     0  libinit2.o(.ARM.Collect$$libinit$$00000015)
    __rt_lib_init_lc_numeric_2               0x08000227   Thumb Code     0  libinit2.o(.ARM.Collect$$libinit$$00000016)
    __rt_lib_init_atexit_1                   0x08000231   Thumb Code     0  libinit2.o(.ARM.Collect$$libinit$$0000001B)
    __rt_lib_init_clock_1                    0x08000231   Thumb Code     0  libinit2.o(.ARM.Collect$$libinit$$00000021)
    __rt_lib_init_fp_trap_1                  0x08000231   Thumb Code     0  libinit2.o(.ARM.Collect$$libinit$$0000001F)
    __rt_lib_init_getenv_1                   0x08000231   Thumb Code     0  libinit2.o(.ARM.Collect$$libinit$$00000023)
    __rt_lib_init_lc_numeric_1               0x08000231   Thumb Code     0  libinit2.o(.ARM.Collect$$libinit$$00000017)
    __rt_lib_init_lc_time_1                  0x08000231   Thumb Code     0  libinit2.o(.ARM.Collect$$libinit$$00000019)
    __rt_lib_init_signal_1                   0x08000231   Thumb Code     0  libinit2.o(.ARM.Collect$$libinit$$0000001D)
    __rt_lib_init_stdio_2                    0x08000231   Thumb Code     0  libinit2.o(.ARM.Collect$$libinit$$00000024)
    __rt_lib_init_alloca_1                   0x08000235   Thumb Code     0  libinit2.o(.ARM.Collect$$libinit$$0000002E)
    __rt_lib_init_argv_1                     0x08000235   Thumb Code     0  libinit2.o(.ARM.Collect$$libinit$$0000002C)
    __rt_lib_init_cpp_1                      0x08000235   Thumb Code     0  libinit2.o(.ARM.Collect$$libinit$$00000032)
    __rt_lib_init_exceptions_1               0x08000235   Thumb Code     0  libinit2.o(.ARM.Collect$$libinit$$00000030)
    __rt_lib_init_return                     0x08000235   Thumb Code     0  libinit2.o(.ARM.Collect$$libinit$$00000033)
    __rt_lib_init_stdio_1                    0x08000235   Thumb Code     0  libinit2.o(.ARM.Collect$$libinit$$00000025)
    __rt_lib_shutdown                        0x08000237   Thumb Code     0  libshutdown.o(.ARM.Collect$$libshutdown$$00000000)
    __rt_lib_shutdown_stdio_2                0x08000239   Thumb Code     0  libshutdown2.o(.ARM.Collect$$libshutdown$$00000002)
    __rt_lib_shutdown_fp_trap_1              0x0800023d   Thumb Code     0  libshutdown2.o(.ARM.Collect$$libshutdown$$00000006)
    __rt_lib_shutdown_heap_1                 0x0800023d   Thumb Code     0  libshutdown2.o(.ARM.Collect$$libshutdown$$0000000E)
    __rt_lib_shutdown_return                 0x0800023d   Thumb Code     0  libshutdown2.o(.ARM.Collect$$libshutdown$$0000000F)
    __rt_lib_shutdown_signal_1               0x0800023d   Thumb Code     0  libshutdown2.o(.ARM.Collect$$libshutdown$$00000009)
    __rt_lib_shutdown_stdio_1                0x0800023d   Thumb Code     0  libshutdown2.o(.ARM.Collect$$libshutdown$$00000003)
    __rt_lib_shutdown_user_alloc_1           0x0800023d   Thumb Code     0  libshutdown2.o(.ARM.Collect$$libshutdown$$0000000B)
    __rt_entry                               0x0800023f   Thumb Code     0  __rtentry.o(.ARM.Collect$$rtentry$$00000000)
    __rt_entry_presh_1                       0x0800023f   Thumb Code     0  __rtentry2.o(.ARM.Collect$$rtentry$$00000002)
    __rt_entry_sh                            0x0800023f   Thumb Code     0  __rtentry4.o(.ARM.Collect$$rtentry$$00000004)
    __rt_entry_li                            0x08000245   Thumb Code     0  __rtentry2.o(.ARM.Collect$$rtentry$$0000000A)
    __rt_entry_postsh_1                      0x08000245   Thumb Code     0  __rtentry2.o(.ARM.Collect$$rtentry$$00000009)
    __rt_entry_main                          0x08000249   Thumb Code     0  __rtentry2.o(.ARM.Collect$$rtentry$$0000000D)
    __rt_entry_postli_1                      0x08000249   Thumb Code     0  __rtentry2.o(.ARM.Collect$$rtentry$$0000000C)
    __rt_exit                                0x08000251   Thumb Code     0  rtexit.o(.ARM.Collect$$rtexit$$00000000)
    __rt_exit_ls                             0x08000253   Thumb Code     0  rtexit2.o(.ARM.Collect$$rtexit$$00000003)
    __rt_exit_prels_1                        0x08000253   Thumb Code     0  rtexit2.o(.ARM.Collect$$rtexit$$00000002)
    __rt_exit_exit                           0x08000257   Thumb Code     0  rtexit2.o(.ARM.Collect$$rtexit$$00000004)
    _maybe_terminate_alloc                   0x0800025d   Thumb Code     0  maybetermalloc1.o(.emb_text)
    subtraction                              0x0800025d   Thumb Code    46  main.o(.text)
    avg                                      0x0800028b   Thumb Code    50  main.o(.text)
    standard_deviation                       0x080002bd   Thumb Code   146  main.o(.text)
    FIR_C                                    0x0800034f   Thumb Code    82  main.o(.text)
    main                                     0x080003a1   Thumb Code   300  main.o(.text)
    fputc                                    0x08000565   Thumb Code    52  fput_debug.o(.text)
    Reset_Handler                            0x0800059d   Thumb Code    30  startup_stm32f407xx.o(.text)
    NMI_Handler                              0x080005bb   Thumb Code     2  startup_stm32f407xx.o(.text)
    HardFault_Handler                        0x080005bd   Thumb Code     2  startup_stm32f407xx.o(.text)
    MemManage_Handler                        0x080005bf   Thumb Code     2  startup_stm32f407xx.o(.text)
    BusFault_Handler                         0x080005c1   Thumb Code     2  startup_stm32f407xx.o(.text)
    UsageFault_Handler                       0x080005c3   Thumb Code     2  startup_stm32f407xx.o(.text)
    SVC_Handler                              0x080005c5   Thumb Code     2  startup_stm32f407xx.o(.text)
    DebugMon_Handler                         0x080005c7   Thumb Code     2  startup_stm32f407xx.o(.text)
    PendSV_Handler                           0x080005c9   Thumb Code     2  startup_stm32f407xx.o(.text)
    SysTick_Handler                          0x080005cb   Thumb Code     2  startup_stm32f407xx.o(.text)
    ADC_IRQHandler                           0x080005cd   Thumb Code     0  startup_stm32f407xx.o(.text)
    CAN1_RX0_IRQHandler                      0x080005cd   Thumb Code     0  startup_stm32f407xx.o(.text)
    CAN1_RX1_IRQHandler                      0x080005cd   Thumb Code     0  startup_stm32f407xx.o(.text)
    CAN1_SCE_IRQHandler                      0x080005cd   Thumb Code     0  startup_stm32f407xx.o(.text)
    CAN1_TX_IRQHandler                       0x080005cd   Thumb Code     0  startup_stm32f407xx.o(.text)
    CAN2_RX0_IRQHandler                      0x080005cd   Thumb Code     0  startup_stm32f407xx.o(.text)
    CAN2_RX1_IRQHandler                      0x080005cd   Thumb Code     0  startup_stm32f407xx.o(.text)
    CAN2_SCE_IRQHandler                      0x080005cd   Thumb Code     0  startup_stm32f407xx.o(.text)
    CAN2_TX_IRQHandler                       0x080005cd   Thumb Code     0  startup_stm32f407xx.o(.text)
    DCMI_IRQHandler                          0x080005cd   Thumb Code     0  startup_stm32f407xx.o(.text)
    DMA1_Stream0_IRQHandler                  0x080005cd   Thumb Code     0  startup_stm32f407xx.o(.text)
    DMA1_Stream1_IRQHandler                  0x080005cd   Thumb Code     0  startup_stm32f407xx.o(.text)
    DMA1_Stream2_IRQHandler                  0x080005cd   Thumb Code     0  startup_stm32f407xx.o(.text)
    DMA1_Stream3_IRQHandler                  0x080005cd   Thumb Code     0  startup_stm32f407xx.o(.text)
    DMA1_Stream4_IRQHandler                  0x080005cd   Thumb Code     0  startup_stm32f407xx.o(.text)
    DMA1_Stream5_IRQHandler                  0x080005cd   Thumb Code     0  startup_stm32f407xx.o(.text)
    DMA1_Stream6_IRQHandler                  0x080005cd   Thumb Code     0  startup_stm32f407xx.o(.text)
    DMA1_Stream7_IRQHandler                  0x080005cd   Thumb Code     0  startup_stm32f407xx.o(.text)
    DMA2_Stream0_IRQHandler                  0x080005cd   Thumb Code     0  startup_stm32f407xx.o(.text)
    DMA2_Stream1_IRQHandler                  0x080005cd   Thumb Code     0  startup_stm32f407xx.o(.text)
    DMA2_Stream2_IRQHandler                  0x080005cd   Thumb Code     0  startup_stm32f407xx.o(.text)
    DMA2_Stream3_IRQHandler                  0x080005cd   Thumb Code     0  startup_stm32f407xx.o(.text)
    DMA2_Stream4_IRQHandler                  0x080005cd   Thumb Code     0  startup_stm32f407xx.o(.text)
    DMA2_Stream5_IRQHandler                  0x080005cd   Thumb Code     0  startup_stm32f407xx.o(.text)
    DMA2_Stream6_IRQHandler                  0x080005cd   Thumb Code     0  startup_stm32f407xx.o(.text)
    DMA2_Stream7_IRQHandler                  0x080005cd   Thumb Code     0  startup_stm32f407xx.o(.text)
    ETH_IRQHandler                           0x080005cd   Thumb Code     0  startup_stm32f407xx.o(.text)
    ETH_WKUP_IRQHandler                      0x080005cd   Thumb Code     0  startup_stm32f407xx.o(.text)
    EXTI0_IRQHandler                         0x080005cd   Thumb Code     0  startup_stm32f407xx.o(.text)
    EXTI15_10_IRQHandler                     0x080005cd   Thumb Code     0  startup_stm32f407xx.o(.text)
    EXTI1_IRQHandler                         0x080005cd   Thumb Code     0  startup_stm32f407xx.o(.text)
    EXTI2_IRQHandler                         0x080005cd   Thumb Code     0  startup_stm32f407xx.o(.text)
    EXTI3_IRQHandler                         0x080005cd   Thumb Code     0  startup_stm32f407xx.o(.text)
    EXTI4_IRQHandler                         0x080005cd   Thumb Code     0  startup_stm32f407xx.o(.text)
    EXTI9_5_IRQHandler                       0x080005cd   Thumb Code     0  startup_stm32f407xx.o(.text)
    FLASH_IRQHandler                         0x080005cd   Thumb Code     0  startup_stm32f407xx.o(.text)
    FMC_IRQHandler                           0x080005cd   Thumb Code     0  startup_stm32f407xx.o(.text)
    FPU_IRQHandler                           0x080005cd   Thumb Code     0  startup_stm32f407xx.o(.text)
    HASH_RNG_IRQHandler                      0x080005cd   Thumb Code     0  startup_stm32f407xx.o(.text)
    I2C1_ER_IRQHandler                       0x080005cd   Thumb Code     0  startup_stm32f407xx.o(.text)
    I2C1_EV_IRQHandler                       0x080005cd   Thumb Code     0  startup_stm32f407xx.o(.text)
    I2C2_ER_IRQHandler                       0x080005cd   Thumb Code     0  startup_stm32f407xx.o(.text)
    I2C2_EV_IRQHandler                       0x080005cd   Thumb Code     0  startup_stm32f407xx.o(.text)
    I2C3_ER_IRQHandler                       0x080005cd   Thumb Code     0  startup_stm32f407xx.o(.text)
    I2C3_EV_IRQHandler                       0x080005cd   Thumb Code     0  startup_stm32f407xx.o(.text)
    OTG_FS_IRQHandler                        0x080005cd   Thumb Code     0  startup_stm32f407xx.o(.text)
    OTG_FS_WKUP_IRQHandler                   0x080005cd   Thumb Code     0  startup_stm32f407xx.o(.text)
    OTG_HS_EP1_IN_IRQHandler                 0x080005cd   Thumb Code     0  startup_stm32f407xx.o(.text)
    OTG_HS_EP1_OUT_IRQHandler                0x080005cd   Thumb Code     0  startup_stm32f407xx.o(.text)
    OTG_HS_IRQHandler                        0x080005cd   Thumb Code     0  startup_stm32f407xx.o(.text)
    OTG_HS_WKUP_IRQHandler                   0x080005cd   Thumb Code     0  startup_stm32f407xx.o(.text)
    PVD_IRQHandler                           0x080005cd   Thumb Code     0  startup_stm32f407xx.o(.text)
    RCC_IRQHandler                           0x080005cd   Thumb Code     0  startup_stm32f407xx.o(.text)
    RTC_Alarm_IRQHandler                     0x080005cd   Thumb Code     0  startup_stm32f407xx.o(.text)
    RTC_WKUP_IRQHandler                      0x080005cd   Thumb Code     0  startup_stm32f407xx.o(.text)
    SDIO_IRQHandler                          0x080005cd   Thumb Code     0  startup_stm32f407xx.o(.text)
    SPI1_IRQHandler                          0x080005cd   Thumb Code     0  startup_stm32f407xx.o(.text)
    SPI2_IRQHandler                          0x080005cd   Thumb Code     0  startup_stm32f407xx.o(.text)
    SPI3_IRQHandler                          0x080005cd   Thumb Code     0  startup_stm32f407xx.o(.text)
    TAMP_STAMP_IRQHandler                    0x080005cd   Thumb Code     0  startup_stm32f407xx.o(.text)
    TIM1_BRK_TIM9_IRQHandler                 0x080005cd   Thumb Code     0  startup_stm32f407xx.o(.text)
    TIM1_CC_IRQHandler                       0x080005cd   Thumb Code     0  startup_stm32f407xx.o(.text)
    TIM1_TRG_COM_TIM11_IRQHandler            0x080005cd   Thumb Code     0  startup_stm32f407xx.o(.text)
    TIM1_UP_TIM10_IRQHandler                 0x080005cd   Thumb Code     0  startup_stm32f407xx.o(.text)
    TIM2_IRQHandler                          0x080005cd   Thumb Code     0  startup_stm32f407xx.o(.text)
    TIM3_IRQHandler                          0x080005cd   Thumb Code     0  startup_stm32f407xx.o(.text)
    TIM4_IRQHandler                          0x080005cd   Thumb Code     0  startup_stm32f407xx.o(.text)
    TIM5_IRQHandler                          0x080005cd   Thumb Code     0  startup_stm32f407xx.o(.text)
    TIM6_DAC_IRQHandler                      0x080005cd   Thumb Code     0  startup_stm32f407xx.o(.text)
    TIM7_IRQHandler                          0x080005cd   Thumb Code     0  startup_stm32f407xx.o(.text)
    TIM8_BRK_TIM12_IRQHandler                0x080005cd   Thumb Code     0  startup_stm32f407xx.o(.text)
    TIM8_CC_IRQHandler                       0x080005cd   Thumb Code     0  startup_stm32f407xx.o(.text)
    TIM8_TRG_COM_TIM14_IRQHandler            0x080005cd   Thumb Code     0  startup_stm32f407xx.o(.text)
    TIM8_UP_TIM13_IRQHandler                 0x080005cd   Thumb Code     0  startup_stm32f407xx.o(.text)
    UART4_IRQHandler                         0x080005cd   Thumb Code     0  startup_stm32f407xx.o(.text)
    UART5_IRQHandler                         0x080005cd   Thumb Code     0  startup_stm32f407xx.o(.text)
    USART1_IRQHandler                        0x080005cd   Thumb Code     0  startup_stm32f407xx.o(.text)
    USART2_IRQHandler                        0x080005cd   Thumb Code     0  startup_stm32f407xx.o(.text)
    USART3_IRQHandler                        0x080005cd   Thumb Code     0  startup_stm32f407xx.o(.text)
    USART6_IRQHandler                        0x080005cd   Thumb Code     0  startup_stm32f407xx.o(.text)
    WWDG_IRQHandler                          0x080005cd   Thumb Code     0  startup_stm32f407xx.o(.text)
    __user_initial_stackheap                 0x080005d1   Thumb Code     0  startup_stm32f407xx.o(.text)
    malloc                                   0x080005f9   Thumb Code    94  h1_alloc.o(.text)
    free                                     0x08000657   Thumb Code    78  h1_free.o(.text)
    __2printf                                0x080006a5   Thumb Code    20  noretval__2printf.o(.text)
    __printf                                 0x080006bd   Thumb Code   104  __printf.o(.text)
    _printf_int_dec                          0x08000725   Thumb Code   104  _printf_dec.o(.text)
    __aeabi_memcpy4                          0x0800079d   Thumb Code     0  rt_memcpy_w.o(.text)
    __aeabi_memcpy8                          0x0800079d   Thumb Code     0  rt_memcpy_w.o(.text)
    __rt_memcpy_w                            0x0800079d   Thumb Code   100  rt_memcpy_w.o(.text)
    _memcpy_lastbytes_aligned                0x080007e5   Thumb Code     0  rt_memcpy_w.o(.text)
    __use_two_region_memory                  0x08000801   Thumb Code     2  heapauxi.o(.text)
    __rt_heap_escrow                         0x08000803   Thumb Code     2  heapauxi.o(.text)
    __rt_heap_expand                         0x08000805   Thumb Code     2  heapauxi.o(.text)
    __rt_heap_descriptor                     0x08000809   Thumb Code     8  rt_heap_descriptor_intlibspace.o(.text)
    __use_no_heap                            0x08000811   Thumb Code     2  hguard.o(.text)
    __heap$guard                             0x08000813   Thumb Code     2  hguard.o(.text)
    _terminate_user_alloc                    0x08000815   Thumb Code     2  init_alloc.o(.text)
    _init_user_alloc                         0x08000817   Thumb Code     2  init_alloc.o(.text)
    __Heap_Full                              0x08000819   Thumb Code    34  init_alloc.o(.text)
    __Heap_Broken                            0x0800083b   Thumb Code     6  init_alloc.o(.text)
    _init_alloc                              0x08000841   Thumb Code    94  init_alloc.o(.text)
    __Heap_Initialize                        0x0800089f   Thumb Code    10  h1_init.o(.text)
    __Heap_DescSize                          0x080008a9   Thumb Code     4  h1_init.o(.text)
    __read_errno                             0x080008ad   Thumb Code    10  _rserrno.o(.text)
    __set_errno                              0x080008b7   Thumb Code    12  _rserrno.o(.text)
    _printf_int_common                       0x080008c3   Thumb Code   178  _printf_intcommon.o(.text)
    __lib_sel_fp_printf                      0x08000975   Thumb Code     2  _printf_fp_dec.o(.text)
    _printf_fp_dec_real                      0x08000b23   Thumb Code   620  _printf_fp_dec.o(.text)
    _printf_char_file                        0x08000d91   Thumb Code    32  _printf_char_file.o(.text)
    __user_libspace                          0x08000db5   Thumb Code     8  libspace.o(.text)
    __user_perproc_libspace                  0x08000db5   Thumb Code     0  libspace.o(.text)
    __user_perthread_libspace                0x08000db5   Thumb Code     0  libspace.o(.text)
    __rt_locale                              0x08000dbd   Thumb Code     8  rt_locale_intlibspace.o(.text)
    __aeabi_errno_addr                       0x08000dc5   Thumb Code     8  rt_errno_addr_intlibspace.o(.text)
    __errno$intlibspace                      0x08000dc5   Thumb Code     0  rt_errno_addr_intlibspace.o(.text)
    __rt_errno_addr$intlibspace              0x08000dc5   Thumb Code     0  rt_errno_addr_intlibspace.o(.text)
    __Heap_ProvideMemory                     0x08000dcd   Thumb Code    52  h1_extend.o(.text)
    _ll_udiv10                               0x08000e01   Thumb Code   138  lludiv10.o(.text)
    _printf_char_common                      0x08000e97   Thumb Code    32  _printf_char_common.o(.text)
    _printf_fp_infnan                        0x08000ebd   Thumb Code   112  _printf_fp_infnan.o(.text)
    _btod_etento                             0x08000f3d   Thumb Code   216  bigflt0.o(.text)
    ferror                                   0x08001019   Thumb Code     8  ferror.o(.text)
    _initio                                  0x08001021   Thumb Code   210  initio.o(.text)
    _terminateio                             0x080010f3   Thumb Code    56  initio.o(.text)
    __rt_SIGRTMEM                            0x08001159   Thumb Code    14  defsig_rtmem_outer.o(.text)
    _sys_open                                0x08001167   Thumb Code    20  sys_io.o(.text)
    _sys_close                               0x0800117b   Thumb Code    12  sys_io.o(.text)
    _sys_write                               0x08001187   Thumb Code    16  sys_io.o(.text)
    _sys_read                                0x08001197   Thumb Code    14  sys_io.o(.text)
    _sys_istty                               0x080011a5   Thumb Code    12  sys_io.o(.text)
    _sys_seek                                0x080011b1   Thumb Code    14  sys_io.o(.text)
    _sys_ensure                              0x080011bf   Thumb Code     2  sys_io.o(.text)
    _sys_flen                                0x080011c1   Thumb Code    12  sys_io.o(.text)
    __I$use$semihosting                      0x080011cd   Thumb Code     0  use_no_semi.o(.text)
    __use_no_semihosting_swi                 0x080011cd   Thumb Code     2  use_no_semi.o(.text)
    __semihosting_library_function           0x080011cf   Thumb Code     0  indicate_semi.o(.text)
    __user_setup_stackheap                   0x080011cf   Thumb Code    74  sys_stackheap_outer.o(.text)
    setvbuf                                  0x08001219   Thumb Code    70  setvbuf.o(.text)
    freopen                                  0x08001261   Thumb Code   158  fopen.o(.text)
    fopen                                    0x080012ff   Thumb Code    74  fopen.o(.text)
    _fclose_internal                         0x0800134d   Thumb Code    76  fclose.o(.text)
    fclose                                   0x0800134d   Thumb Code     0  fclose.o(.text)
    exit                                     0x08001399   Thumb Code    12  exit.o(.text)
    __sig_exit                               0x080013a5   Thumb Code    10  defsig_exit.o(.text)
    __rt_SIGRTRED                            0x080013af   Thumb Code    14  defsig_rtred_outer.o(.text)
    __rt_SIGRTMEM_inner                      0x080013bd   Thumb Code    22  defsig_rtmem_inner.o(.text)
    __aeabi_memclr4                          0x0800140d   Thumb Code     0  rt_memclr_w.o(.text)
    __aeabi_memclr8                          0x0800140d   Thumb Code     0  rt_memclr_w.o(.text)
    __rt_memclr_w                            0x0800140d   Thumb Code    78  rt_memclr_w.o(.text)
    _memset_w                                0x08001411   Thumb Code     0  rt_memclr_w.o(.text)
    strcmp                                   0x0800145d   Thumb Code   128  strcmpv7m.o(.text)
    _sys_exit                                0x080014dd   Thumb Code     8  sys_exit.o(.text)
    _fseek                                   0x080014e9   Thumb Code   242  fseek.o(.text)
    fseek                                    0x080014e9   Thumb Code     0  fseek.o(.text)
    _seterr                                  0x080015e1   Thumb Code    20  stdio.o(.text)
    _writebuf                                0x080015f5   Thumb Code    84  stdio.o(.text)
    _fflush                                  0x08001649   Thumb Code    70  stdio.o(.text)
    _deferredlazyseek                        0x0800168f   Thumb Code    60  stdio.o(.text)
    __default_signal_display                 0x080016d1   Thumb Code    50  defsig_general.o(.text)
    __rt_SIGRTRED_inner                      0x08001705   Thumb Code    14  defsig_rtred_inner.o(.text)
    strlen                                   0x08001739   Thumb Code    62  strlen.o(.text)
    _ttywrch                                 0x08001777   Thumb Code    14  sys_wrch.o(.text)
    _ftell_internal                          0x08001785   Thumb Code    66  ftell.o(.text)
    ftell                                    0x08001785   Thumb Code     0  ftell.o(.text)
    _btod_d2e                                0x080017c7   Thumb Code    62  btod.o(CL$$btod_d2e)
    _d2e_denorm_low                          0x08001805   Thumb Code    70  btod.o(CL$$btod_d2e_denorm_low)
    _d2e_norm_op1                            0x0800184b   Thumb Code    96  btod.o(CL$$btod_d2e_norm_op1)
    __btod_div_common                        0x080018ab   Thumb Code   696  btod.o(CL$$btod_div_common)
    _e2e                                     0x08001be3   Thumb Code   198  btod.o(CL$$btod_e2e)
    _btod_ediv                               0x08001ca9   Thumb Code    40  btod.o(CL$$btod_ediv)
    _btod_emul                               0x08001cd1   Thumb Code    40  btod.o(CL$$btod_emul)
    __btod_mult_common                       0x08001cf9   Thumb Code   580  btod.o(CL$$btod_mult_common)
    __ARM_fpclassify                         0x08001f3d   Thumb Code    48  fpclassify.o(i.__ARM_fpclassify)
    __hardfp_sqrt                            0x08001f6d   Thumb Code   122  sqrt.o(i.__hardfp_sqrt)
    _get_lc_numeric                          0x08001fe9   Thumb Code    44  lc_numeric_c.o(locale$$code)
    FIR_asm                                  0x08002015   Thumb Code     0  assembly.o(text)
    __aeabi_d2f                              0x0800207d   Thumb Code     0  d2f.o(x$fpl$d2f)
    _d2f                                     0x0800207d   Thumb Code    98  d2f.o(x$fpl$d2f)
    __fpl_dnaninf                            0x080020df   Thumb Code   156  dnaninf.o(x$fpl$dnaninf)
    __fpl_dretinf                            0x0800217b   Thumb Code    12  dretinf.o(x$fpl$dretinf)
    _dsqrt                                   0x08002189   Thumb Code   404  dsqrt_umaal.o(x$fpl$dsqrt)
    __aeabi_f2d                              0x08002321   Thumb Code     0  f2d.o(x$fpl$f2d)
    _f2d                                     0x08002321   Thumb Code    86  f2d.o(x$fpl$f2d)
    __fpl_fnaninf                            0x08002377   Thumb Code   140  fnaninf.o(x$fpl$fnaninf)
    _fp_init                                 0x08002403   Thumb Code    10  fpinit.o(x$fpl$fpinit)
    __fplib_config_fpu_vfp                   0x0800240b   Thumb Code     0  fpinit.o(x$fpl$fpinit)
    __fplib_config_pureend_doubles           0x0800240b   Thumb Code     0  fpinit.o(x$fpl$fpinit)
    __fpl_fretinf                            0x0800240d   Thumb Code    10  fretinf.o(x$fpl$fretinf)
    _printf_fp_dec                           0x08002417   Thumb Code     4  printf1.o(x$fpl$printf1)
    __I$use$fp                               0x0800241a   Number         0  usenofp.o(x$fpl$usenofp)
    __stdin_name                             0x080024f0   Data           4  sys_io.o(.constdata)
    __stdout_name                            0x080024f4   Data           4  sys_io.o(.constdata)
    __stderr_name                            0x080024f8   Data           4  sys_io.o(.constdata)
    Region$$Table$$Base                      0x080024fc   Number         0  anon$$obj.o(Region$$Table)
    Region$$Table$$Limit                     0x0800251c   Number         0  anon$$obj.o(Region$$Table)
    __aeabi_stdin                            0x20000000   Data           4  stdio_streams.o(.data)
    __aeabi_stdout                           0x20000004   Data           4  stdio_streams.o(.data)
    __aeabi_stderr                           0x20000008   Data           4  stdio_streams.o(.data)
    __stdin                                  0x2000000c   Data          84  stdio_streams.o(.bss)
    __stdout                                 0x20000060   Data          84  stdio_streams.o(.bss)
    __stderr                                 0x200000b4   Data          84  stdio_streams.o(.bss)
    __libspace_start                         0x20000108   Data          96  libspace.o(.bss)
    __temporary_stack_top$libspace           0x20000168   Data           0  libspace.o(.bss)



==============================================================================

Memory Map of the image

  Image Entry point : 0x08000189

  Load Region LR_IROM1 (Base: 0x08000000, Size: 0x00002544, Max: 0x00100000, ABSOLUTE)

    Execution Region ER_IROM1 (Base: 0x08000000, Size: 0x00002538, Max: 0x00100000, ABSOLUTE)

    Base Addr    Size         Type   Attr      Idx    E Section Name        Object

    0x08000000   0x00000188   Data   RO           77    RESET               startup_stm32f407xx.o
    0x08000188   0x00000008   Code   RO          218  * !!!main             c_w.l(__main.o)
    0x08000190   0x00000034   Code   RO          556    !!!scatter          c_w.l(__scatter.o)
    0x080001c4   0x0000001a   Code   RO          558    !!handler_copy      c_w.l(__scatter_copy.o)
    0x080001de   0x00000002   PAD
    0x080001e0   0x0000001c   Code   RO          560    !!handler_zi        c_w.l(__scatter_zi.o)
    0x080001fc   0x00000000   Code   RO          213    .ARM.Collect$$_printf_percent$$00000000  c_w.l(_printf_percent.o)
    0x080001fc   0x00000006   Code   RO          212    .ARM.Collect$$_printf_percent$$00000003  c_w.l(_printf_f.o)
    0x08000202   0x00000006   Code   RO          210    .ARM.Collect$$_printf_percent$$00000008  c_w.l(_printf_i.o)
    0x08000208   0x00000006   Code   RO          211    .ARM.Collect$$_printf_percent$$00000009  c_w.l(_printf_d.o)
    0x0800020e   0x00000004   Code   RO          274    .ARM.Collect$$_printf_percent$$00000017  c_w.l(_printf_percent_end.o)
    0x08000212   0x00000002   Code   RO          488    .ARM.Collect$$libinit$$00000000  c_w.l(libinit.o)
    0x08000214   0x00000004   Code   RO          283    .ARM.Collect$$libinit$$00000001  c_w.l(libinit2.o)
    0x08000218   0x00000000   Code   RO          286    .ARM.Collect$$libinit$$00000004  c_w.l(libinit2.o)
    0x08000218   0x00000008   Code   RO          287    .ARM.Collect$$libinit$$00000005  c_w.l(libinit2.o)
    0x08000220   0x00000000   Code   RO          289    .ARM.Collect$$libinit$$0000000A  c_w.l(libinit2.o)
    0x08000220   0x00000000   Code   RO          291    .ARM.Collect$$libinit$$0000000C  c_w.l(libinit2.o)
    0x08000220   0x00000000   Code   RO          293    .ARM.Collect$$libinit$$0000000E  c_w.l(libinit2.o)
    0x08000220   0x00000006   Code   RO          294    .ARM.Collect$$libinit$$0000000F  c_w.l(libinit2.o)
    0x08000226   0x00000000   Code   RO          296    .ARM.Collect$$libinit$$00000011  c_w.l(libinit2.o)
    0x08000226   0x00000000   Code   RO          298    .ARM.Collect$$libinit$$00000013  c_w.l(libinit2.o)
    0x08000226   0x00000000   Code   RO          300    .ARM.Collect$$libinit$$00000015  c_w.l(libinit2.o)
    0x08000226   0x0000000a   Code   RO          301    .ARM.Collect$$libinit$$00000016  c_w.l(libinit2.o)
    0x08000230   0x00000000   Code   RO          302    .ARM.Collect$$libinit$$00000017  c_w.l(libinit2.o)
    0x08000230   0x00000000   Code   RO          304    .ARM.Collect$$libinit$$00000019  c_w.l(libinit2.o)
    0x08000230   0x00000000   Code   RO          306    .ARM.Collect$$libinit$$0000001B  c_w.l(libinit2.o)
    0x08000230   0x00000000   Code   RO          308    .ARM.Collect$$libinit$$0000001D  c_w.l(libinit2.o)
    0x08000230   0x00000000   Code   RO          310    .ARM.Collect$$libinit$$0000001F  c_w.l(libinit2.o)
    0x08000230   0x00000000   Code   RO          312    .ARM.Collect$$libinit$$00000021  c_w.l(libinit2.o)
    0x08000230   0x00000000   Code   RO          314    .ARM.Collect$$libinit$$00000023  c_w.l(libinit2.o)
    0x08000230   0x00000004   Code   RO          315    .ARM.Collect$$libinit$$00000024  c_w.l(libinit2.o)
    0x08000234   0x00000000   Code   RO          316    .ARM.Collect$$libinit$$00000025  c_w.l(libinit2.o)
    0x08000234   0x00000000   Code   RO          320    .ARM.Collect$$libinit$$0000002C  c_w.l(libinit2.o)
    0x08000234   0x00000000   Code   RO          322    .ARM.Collect$$libinit$$0000002E  c_w.l(libinit2.o)
    0x08000234   0x00000000   Code   RO          324    .ARM.Collect$$libinit$$00000030  c_w.l(libinit2.o)
    0x08000234   0x00000000   Code   RO          326    .ARM.Collect$$libinit$$00000032  c_w.l(libinit2.o)
    0x08000234   0x00000002   Code   RO          327    .ARM.Collect$$libinit$$00000033  c_w.l(libinit2.o)
    0x08000236   0x00000002   Code   RO          553    .ARM.Collect$$libshutdown$$00000000  c_w.l(libshutdown.o)
    0x08000238   0x00000004   Code   RO          490    .ARM.Collect$$libshutdown$$00000002  c_w.l(libshutdown2.o)
    0x0800023c   0x00000000   Code   RO          491    .ARM.Collect$$libshutdown$$00000003  c_w.l(libshutdown2.o)
    0x0800023c   0x00000000   Code   RO          494    .ARM.Collect$$libshutdown$$00000006  c_w.l(libshutdown2.o)
    0x0800023c   0x00000000   Code   RO          497    .ARM.Collect$$libshutdown$$00000009  c_w.l(libshutdown2.o)
    0x0800023c   0x00000000   Code   RO          499    .ARM.Collect$$libshutdown$$0000000B  c_w.l(libshutdown2.o)
    0x0800023c   0x00000000   Code   RO          502    .ARM.Collect$$libshutdown$$0000000E  c_w.l(libshutdown2.o)
    0x0800023c   0x00000002   Code   RO          503    .ARM.Collect$$libshutdown$$0000000F  c_w.l(libshutdown2.o)
    0x0800023e   0x00000000   Code   RO          240    .ARM.Collect$$rtentry$$00000000  c_w.l(__rtentry.o)
    0x0800023e   0x00000000   Code   RO          347    .ARM.Collect$$rtentry$$00000002  c_w.l(__rtentry2.o)
    0x0800023e   0x00000006   Code   RO          359    .ARM.Collect$$rtentry$$00000004  c_w.l(__rtentry4.o)
    0x08000244   0x00000000   Code   RO          349    .ARM.Collect$$rtentry$$00000009  c_w.l(__rtentry2.o)
    0x08000244   0x00000004   Code   RO          350    .ARM.Collect$$rtentry$$0000000A  c_w.l(__rtentry2.o)
    0x08000248   0x00000000   Code   RO          352    .ARM.Collect$$rtentry$$0000000C  c_w.l(__rtentry2.o)
    0x08000248   0x00000008   Code   RO          353    .ARM.Collect$$rtentry$$0000000D  c_w.l(__rtentry2.o)
    0x08000250   0x00000002   Code   RO          506    .ARM.Collect$$rtexit$$00000000  c_w.l(rtexit.o)
    0x08000252   0x00000000   Code   RO          527    .ARM.Collect$$rtexit$$00000002  c_w.l(rtexit2.o)
    0x08000252   0x00000004   Code   RO          528    .ARM.Collect$$rtexit$$00000003  c_w.l(rtexit2.o)
    0x08000256   0x00000006   Code   RO          529    .ARM.Collect$$rtexit$$00000004  c_w.l(rtexit2.o)
    0x0800025c   0x00000000   Code   RO          373    .emb_text           c_w.l(maybetermalloc1.o)
    0x0800025c   0x00000308   Code   RO            1    .text               main.o
    0x08000564   0x00000038   Code   RO           31    .text               fput_debug.o
    0x0800059c   0x0000005c   Code   RO           78    .text               startup_stm32f407xx.o
    0x080005f8   0x0000005e   Code   RO          124    .text               c_w.l(h1_alloc.o)
    0x08000656   0x0000004e   Code   RO          126    .text               c_w.l(h1_free.o)
    0x080006a4   0x00000018   Code   RO          184    .text               c_w.l(noretval__2printf.o)
    0x080006bc   0x00000068   Code   RO          186    .text               c_w.l(__printf.o)
    0x08000724   0x00000078   Code   RO          188    .text               c_w.l(_printf_dec.o)
    0x0800079c   0x00000064   Code   RO          214    .text               c_w.l(rt_memcpy_w.o)
    0x08000800   0x00000006   Code   RO          216    .text               c_w.l(heapauxi.o)
    0x08000806   0x00000002   PAD
    0x08000808   0x00000008   Code   RO          244    .text               c_w.l(rt_heap_descriptor_intlibspace.o)
    0x08000810   0x00000004   Code   RO          246    .text               c_w.l(hguard.o)
    0x08000814   0x0000008a   Code   RO          248    .text               c_w.l(init_alloc.o)
    0x0800089e   0x0000000e   Code   RO          252    .text               c_w.l(h1_init.o)
    0x080008ac   0x00000016   Code   RO          266    .text               c_w.l(_rserrno.o)
    0x080008c2   0x000000b2   Code   RO          268    .text               c_w.l(_printf_intcommon.o)
    0x08000974   0x0000041a   Code   RO          270    .text               c_w.l(_printf_fp_dec.o)
    0x08000d8e   0x00000002   PAD
    0x08000d90   0x00000024   Code   RO          272    .text               c_w.l(_printf_char_file.o)
    0x08000db4   0x00000008   Code   RO          343    .text               c_w.l(libspace.o)
    0x08000dbc   0x00000008   Code   RO          364    .text               c_w.l(rt_locale_intlibspace.o)
    0x08000dc4   0x00000008   Code   RO          369    .text               c_w.l(rt_errno_addr_intlibspace.o)
    0x08000dcc   0x00000034   Code   RO          375    .text               c_w.l(h1_extend.o)
    0x08000e00   0x0000008a   Code   RO          379    .text               c_w.l(lludiv10.o)
    0x08000e8a   0x00000002   PAD
    0x08000e8c   0x00000030   Code   RO          381    .text               c_w.l(_printf_char_common.o)
    0x08000ebc   0x00000080   Code   RO          383    .text               c_w.l(_printf_fp_infnan.o)
    0x08000f3c   0x000000dc   Code   RO          385    .text               c_w.l(bigflt0.o)
    0x08001018   0x00000008   Code   RO          410    .text               c_w.l(ferror.o)
    0x08001020   0x00000138   Code   RO          412    .text               c_w.l(initio.o)
    0x08001158   0x0000000e   Code   RO          421    .text               c_w.l(defsig_rtmem_outer.o)
    0x08001166   0x00000066   Code   RO          438    .text               c_w.l(sys_io.o)
    0x080011cc   0x00000002   Code   RO          443    .text               c_w.l(use_no_semi.o)
    0x080011ce   0x00000000   Code   RO          445    .text               c_w.l(indicate_semi.o)
    0x080011ce   0x0000004a   Code   RO          446    .text               c_w.l(sys_stackheap_outer.o)
    0x08001218   0x00000046   Code   RO          454    .text               c_w.l(setvbuf.o)
    0x0800125e   0x00000002   PAD
    0x08001260   0x000000ec   Code   RO          457    .text               c_w.l(fopen.o)
    0x0800134c   0x0000004c   Code   RO          459    .text               c_w.l(fclose.o)
    0x08001398   0x0000000c   Code   RO          465    .text               c_w.l(exit.o)
    0x080013a4   0x0000000a   Code   RO          467    .text               c_w.l(defsig_exit.o)
    0x080013ae   0x0000000e   Code   RO          469    .text               c_w.l(defsig_rtred_outer.o)
    0x080013bc   0x00000050   Code   RO          473    .text               c_w.l(defsig_rtmem_inner.o)
    0x0800140c   0x0000004e   Code   RO          475    .text               c_w.l(rt_memclr_w.o)
    0x0800145a   0x00000002   PAD
    0x0800145c   0x00000080   Code   RO          477    .text               c_w.l(strcmpv7m.o)
    0x080014dc   0x0000000c   Code   RO          504    .text               c_w.l(sys_exit.o)
    0x080014e8   0x000000f8   Code   RO          512    .text               c_w.l(fseek.o)
    0x080015e0   0x000000f0   Code   RO          514    .text               c_w.l(stdio.o)
    0x080016d0   0x00000032   Code   RO          518    .text               c_w.l(defsig_general.o)
    0x08001702   0x00000002   PAD
    0x08001704   0x00000034   Code   RO          520    .text               c_w.l(defsig_rtred_inner.o)
    0x08001738   0x0000003e   Code   RO          522    .text               c_w.l(strlen.o)
    0x08001776   0x0000000e   Code   RO          524    .text               c_w.l(sys_wrch.o)
    0x08001784   0x00000042   Code   RO          533    .text               c_w.l(ftell.o)
    0x080017c6   0x0000003e   Code   RO          388    CL$$btod_d2e        c_w.l(btod.o)
    0x08001804   0x00000046   Code   RO          390    CL$$btod_d2e_denorm_low  c_w.l(btod.o)
    0x0800184a   0x00000060   Code   RO          389    CL$$btod_d2e_norm_op1  c_w.l(btod.o)
    0x080018aa   0x00000338   Code   RO          398    CL$$btod_div_common  c_w.l(btod.o)
    0x08001be2   0x000000c6   Code   RO          395    CL$$btod_e2e        c_w.l(btod.o)
    0x08001ca8   0x00000028   Code   RO          392    CL$$btod_ediv       c_w.l(btod.o)
    0x08001cd0   0x00000028   Code   RO          391    CL$$btod_emul       c_w.l(btod.o)
    0x08001cf8   0x00000244   Code   RO          397    CL$$btod_mult_common  c_w.l(btod.o)
    0x08001f3c   0x00000030   Code   RO          436    i.__ARM_fpclassify  m_wm.l(fpclassify.o)
    0x08001f6c   0x0000007a   Code   RO          226    i.__hardfp_sqrt     m_wm.l(sqrt.o)
    0x08001fe6   0x00000002   PAD
    0x08001fe8   0x0000002c   Code   RO          419    locale$$code        c_w.l(lc_numeric_c.o)
    0x08002014   0x00000068   Code   RO           24    text                assembly.o
    0x0800207c   0x00000062   Code   RO          220    x$fpl$d2f           fz_wm.l(d2f.o)
    0x080020de   0x0000009c   Code   RO          330    x$fpl$dnaninf       fz_wm.l(dnaninf.o)
    0x0800217a   0x0000000c   Code   RO          332    x$fpl$dretinf       fz_wm.l(dretinf.o)
    0x08002186   0x00000002   PAD
    0x08002188   0x00000198   Code   RO          334    x$fpl$dsqrt         fz_wm.l(dsqrt_umaal.o)
    0x08002320   0x00000056   Code   RO          222    x$fpl$f2d           fz_wm.l(f2d.o)
    0x08002376   0x0000008c   Code   RO          336    x$fpl$fnaninf       fz_wm.l(fnaninf.o)
    0x08002402   0x0000000a   Code   RO          432    x$fpl$fpinit        fz_wm.l(fpinit.o)
    0x0800240c   0x0000000a   Code   RO          338    x$fpl$fretinf       fz_wm.l(fretinf.o)
    0x08002416   0x00000004   Code   RO          224    x$fpl$printf1       fz_wm.l(printf1.o)
    0x0800241a   0x00000000   Code   RO          340    x$fpl$usenofp       fz_wm.l(usenofp.o)
    0x0800241a   0x00000002   PAD
    0x0800241c   0x00000040   Data   RO            2    .constdata          main.o
    0x0800245c   0x00000094   Data   RO          386    .constdata          c_w.l(bigflt0.o)
    0x080024f0   0x00000004   Data   RO          439    .constdata          c_w.l(sys_io.o)
    0x080024f4   0x00000004   Data   RO          440    .constdata          c_w.l(sys_io.o)
    0x080024f8   0x00000004   Data   RO          441    .constdata          c_w.l(sys_io.o)
    0x080024fc   0x00000020   Data   RO          554    Region$$Table       anon$$obj.o
    0x0800251c   0x0000001c   Data   RO          418    locale$$data        c_w.l(lc_numeric_c.o)


    Execution Region RW_IRAM1 (Base: 0x20000000, Size: 0x00000768, Max: 0x00020000, ABSOLUTE)

    Base Addr    Size         Type   Attr      Idx    E Section Name        Object

    0x20000000   0x00000004   Data   RW          278    .data               c_w.l(stdio_streams.o)
    0x20000004   0x00000004   Data   RW          279    .data               c_w.l(stdio_streams.o)
    0x20000008   0x00000004   Data   RW          280    .data               c_w.l(stdio_streams.o)
    0x2000000c   0x00000054   Zero   RW          275    .bss                c_w.l(stdio_streams.o)
    0x20000060   0x00000054   Zero   RW          276    .bss                c_w.l(stdio_streams.o)
    0x200000b4   0x00000054   Zero   RW          277    .bss                c_w.l(stdio_streams.o)
    0x20000108   0x00000060   Zero   RW          344    .bss                c_w.l(libspace.o)
    0x20000168   0x00000200   Zero   RW           76    HEAP                startup_stm32f407xx.o
    0x20000368   0x00000400   Zero   RW           75    STACK               startup_stm32f407xx.o


==============================================================================

Image component sizes


      Code (inc. data)   RO Data    RW Data    ZI Data      Debug   Object Name

       104          0          0          0          0        300   assembly.o
        56          4          0          0          0     584691   fput_debug.o
       776        152         64          0          0       5344   main.o
        92         32        392          0       1536        892   startup_stm32f407xx.o

    ----------------------------------------------------------------------
      1028        188        488          0       1536     591227   Object Totals
         0          0         32          0          0          0   (incl. Generated)
         0          0          0          0          0          0   (incl. Padding)

    ----------------------------------------------------------------------

      Code (inc. data)   RO Data    RW Data    ZI Data      Debug   Library Member Name

         8          0          0          0          0         68   __main.o
       104          0          0          0          0         84   __printf.o
         0          0          0          0          0          0   __rtentry.o
        12          0          0          0          0          0   __rtentry2.o
         6          0          0          0          0          0   __rtentry4.o
        52          8          0          0          0          0   __scatter.o
        26          0          0          0          0          0   __scatter_copy.o
        28          0          0          0          0          0   __scatter_zi.o
        48          6          0          0          0         96   _printf_char_common.o
        36          4          0          0          0         80   _printf_char_file.o
         6          0          0          0          0          0   _printf_d.o
       120         16          0          0          0         92   _printf_dec.o
         6          0          0          0          0          0   _printf_f.o
      1050          0          0          0          0        216   _printf_fp_dec.o
       128         16          0          0          0         84   _printf_fp_infnan.o
         6          0          0          0          0          0   _printf_i.o
       178          0          0          0          0         88   _printf_intcommon.o
         0          0          0          0          0          0   _printf_percent.o
         4          0          0          0          0          0   _printf_percent_end.o
        22          0          0          0          0        100   _rserrno.o
       220          4        148          0          0         96   bigflt0.o
      1910        128          0          0          0        672   btod.o
        10          0          0          0          0         68   defsig_exit.o
        50          0          0          0          0         88   defsig_general.o
        80         58          0          0          0         76   defsig_rtmem_inner.o
        14          0          0          0          0         80   defsig_rtmem_outer.o
        52         38          0          0          0         76   defsig_rtred_inner.o
        14          0          0          0          0         80   defsig_rtred_outer.o
        12          0          0          0          0         72   exit.o
        76          0          0          0          0         88   fclose.o
         8          0          0          0          0         68   ferror.o
       236          4          0          0          0        128   fopen.o
       248          6          0          0          0         84   fseek.o
        66          0          0          0          0         76   ftell.o
        94          0          0          0          0         80   h1_alloc.o
        52          0          0          0          0         68   h1_extend.o
        78          0          0          0          0         80   h1_free.o
        14          0          0          0          0         84   h1_init.o
         6          0          0          0          0        152   heapauxi.o
         4          0          0          0          0        136   hguard.o
         0          0          0          0          0          0   indicate_semi.o
       138          0          0          0          0        168   init_alloc.o
       312         46          0          0          0        112   initio.o
        44         10         28          0          0         76   lc_numeric_c.o
         2          0          0          0          0          0   libinit.o
        34          0          0          0          0          0   libinit2.o
         2          0          0          0          0          0   libshutdown.o
         6          0          0          0          0          0   libshutdown2.o
         8          4          0          0         96         68   libspace.o
       138          0          0          0          0         80   lludiv10.o
         0          0          0          0          0          0   maybetermalloc1.o
        24          4          0          0          0         84   noretval__2printf.o
         8          4          0          0          0         68   rt_errno_addr_intlibspace.o
         8          4          0          0          0         68   rt_heap_descriptor_intlibspace.o
         8          4          0          0          0         68   rt_locale_intlibspace.o
        78          0          0          0          0         80   rt_memclr_w.o
       100          0          0          0          0         80   rt_memcpy_w.o
         2          0          0          0          0          0   rtexit.o
        10          0          0          0          0          0   rtexit2.o
        70          0          0          0          0         80   setvbuf.o
       240          6          0          0          0        156   stdio.o
         0          0          0         12        252          0   stdio_streams.o
       128          0          0          0          0         68   strcmpv7m.o
        62          0          0          0          0         76   strlen.o
        12          4          0          0          0         68   sys_exit.o
       102          0         12          0          0        240   sys_io.o
        74          0          0          0          0         80   sys_stackheap_outer.o
        14          0          0          0          0         76   sys_wrch.o
         2          0          0          0          0         68   use_no_semi.o
        98          4          0          0          0        140   d2f.o
       156          4          0          0          0        140   dnaninf.o
        12          0          0          0          0        116   dretinf.o
       408         56          0          0          0        168   dsqrt_umaal.o
        86          4          0          0          0        132   f2d.o
       140          4          0          0          0        132   fnaninf.o
        10          0          0          0          0        116   fpinit.o
        10          0          0          0          0        116   fretinf.o
         4          0          0          0          0        116   printf1.o
         0          0          0          0          0          0   usenofp.o
        48          0          0          0          0        124   fpclassify.o
       122          0          0          0          0        148   sqrt.o

    ----------------------------------------------------------------------
      7824        446        188         12        348       6572   Library Totals
        20          0          0          0          0          0   (incl. Padding)

    ----------------------------------------------------------------------

      Code (inc. data)   RO Data    RW Data    ZI Data      Debug   Library Name

      6710        374        188         12        348       5124   c_w.l
       924         72          0          0          0       1176   fz_wm.l
       170          0          0          0          0        272   m_wm.l

    ----------------------------------------------------------------------
      7824        446        188         12        348       6572   Library Totals

    ----------------------------------------------------------------------

==============================================================================


      Code (inc. data)   RO Data    RW Data    ZI Data      Debug   

      8852        634        676         12       1884     593991   Grand Totals
      8852        634        676         12       1884     593991   ELF Image Totals
      8852        634        676         12          0          0   ROM Totals

==============================================================================

    Total RO  Size (Code + RO Data)                 9528 (   9.30kB)
    Total RW  Size (RW Data + ZI Data)              1896 (   1.85kB)
    Total ROM Size (Code + RO Data + RW Data)       9540 (   9.32kB)

==============================================================================

