Component: ARM Compiler 5.05 update 2 (build 169) Tool: armlink [4d0f33]

==============================================================================

Section Cross References

    main.o(i.SystemClock_Config) refers to stm32f4xx_hal_rcc.o(i.HAL_RCC_OscConfig) for HAL_RCC_OscConfig
    main.o(i.SystemClock_Config) refers to supporting_functions.o(i.Error_Handler) for Error_Handler
    main.o(i.SystemClock_Config) refers to stm32f4xx_hal_rcc.o(i.HAL_RCC_ClockConfig) for HAL_RCC_ClockConfig
    main.o(i.SystemClock_Config) refers to stm32f4xx_hal_rcc.o(i.HAL_RCC_GetHCLKFreq) for HAL_RCC_GetHCLKFreq
    main.o(i.SystemClock_Config) refers to stm32f4xx_hal_cortex.o(i.HAL_SYSTICK_Config) for HAL_SYSTICK_Config
    main.o(i.SystemClock_Config) refers to stm32f4xx_hal_cortex.o(i.HAL_SYSTICK_CLKSourceConfig) for HAL_SYSTICK_CLKSourceConfig
    main.o(i.SystemClock_Config) refers to stm32f4xx_hal_cortex.o(i.HAL_NVIC_SetPriority) for HAL_NVIC_SetPriority
    main.o(i.main) refers to stm32f4xx_hal.o(i.HAL_Init) for HAL_Init
    main.o(i.main) refers to main.o(i.SystemClock_Config) for SystemClock_Config
    main.o(i.main) refers to gpio.o(i.initialize_GPIO_led_lights) for initialize_GPIO_led_lights
    main.o(i.main) refers to gpio.o(i.deinitialize_GPIO_button) for deinitialize_GPIO_button
    main.o(i.main) refers to accelerometer.o(i.initialize_accel) for initialize_accel
    main.o(i.main) refers to timer.o(i.initialize_timer) for initialize_timer
    main.o(i.main) refers to printf1.o(i.__0printf$1) for __2printf
    main.o(i.main) refers to keypad.o(i.interpret_key) for interpret_key
    main.o(i.main) refers to keypad.o(i.reset_key) for reset_key
    main.o(i.main) refers to accelerometer.o(i.reading_accel_values) for reading_accel_values
    main.o(i.main) refers to accelerometer.o(i.calibration_accel) for calibration_accel
    main.o(i.main) refers to accelerometer.o(i.pitch_tilt_angle) for pitch_tilt_angle
    main.o(i.main) refers to accelerometer.o(i.roll_tilt_angle) for roll_tilt_angle
    main.o(i.main) refers to timer.o(i.change_pulse) for change_pulse
    main.o(i.main) refers to timer.o(i.turn_off_led) for turn_off_led
    main.o(i.main) refers to stm32f4xx_hal.o(i.HAL_GetTick) for HAL_GetTick
    main.o(i.main) refers to main.o(.data) for input_pitch
    main.o(i.main) refers to main.o(.bss) for acc
    supporting_functions.o(i.Error_Handler) refers to printf1.o(i.__0printf$1) for __2printf
    stm32f4xx_it.o(i.EXTI0_IRQHandler) refers to stm32f4xx_hal_gpio.o(i.HAL_GPIO_EXTI_IRQHandler) for HAL_GPIO_EXTI_IRQHandler
    stm32f4xx_it.o(i.EXTI0_IRQHandler) refers to main.o(.data) for flag
    stm32f4xx_it.o(i.SysTick_Handler) refers to stm32f4xx_hal.o(i.HAL_IncTick) for HAL_IncTick
    stm32f4xx_it.o(i.SysTick_Handler) refers to stm32f4xx_hal_cortex.o(i.HAL_SYSTICK_IRQHandler) for HAL_SYSTICK_IRQHandler
    stm32f4xx_it.o(i.SysTick_Handler) refers to main.o(.data) for systick_flag
    gpio.o(i.deinitialize_GPIO_button) refers to stm32f4xx_hal_gpio.o(i.HAL_GPIO_DeInit) for HAL_GPIO_DeInit
    gpio.o(i.initialize_GPIO_digits) refers to stm32f4xx_hal_gpio.o(i.HAL_GPIO_Init) for HAL_GPIO_Init
    gpio.o(i.initialize_GPIO_led_lights) refers to stm32f4xx_hal_gpio.o(i.HAL_GPIO_Init) for HAL_GPIO_Init
    gpio.o(i.initialize_GPIO_segments) refers to stm32f4xx_hal_gpio.o(i.HAL_GPIO_Init) for HAL_GPIO_Init
    gpio.o(i.led_display) refers to stm32f4xx_hal_gpio.o(i.HAL_GPIO_WritePin) for HAL_GPIO_WritePin
    gpio.o(i.led_display) refers to gpio.o(i.led_number) for led_number
    gpio.o(i.led_display) refers to gpio.o(i.led_unit) for led_unit
    gpio.o(i.led_lights) refers to stm32f4xx_hal_gpio.o(i.HAL_GPIO_WritePin) for HAL_GPIO_WritePin
    gpio.o(i.led_number) refers to stm32f4xx_hal_gpio.o(i.HAL_GPIO_WritePin) for HAL_GPIO_WritePin
    gpio.o(i.led_unit) refers to stm32f4xx_hal_gpio.o(i.HAL_GPIO_WritePin) for HAL_GPIO_WritePin
    timer.o(i.change_pulse) refers to dflti.o(.text) for __aeabi_i2d
    timer.o(i.change_pulse) refers to ddiv.o(.text) for __aeabi_ddiv
    timer.o(i.change_pulse) refers to dmul.o(.text) for __aeabi_dmul
    timer.o(i.change_pulse) refers to dfixui.o(.text) for __aeabi_d2uiz
    timer.o(i.change_pulse) refers to stm32f4xx_hal_tim.o(i.HAL_TIM_PWM_ConfigChannel) for HAL_TIM_PWM_ConfigChannel
    timer.o(i.change_pulse) refers to stm32f4xx_hal_tim.o(i.HAL_TIM_PWM_Start) for HAL_TIM_PWM_Start
    timer.o(i.change_pulse) refers to timer.o(.bss) for TIM_OCHandle
    timer.o(i.initialize_timer) refers to stm32f4xx_hal_tim.o(i.HAL_TIM_PWM_Init) for HAL_TIM_PWM_Init
    timer.o(i.initialize_timer) refers to stm32f4xx_hal_tim.o(i.HAL_TIM_PWM_ConfigChannel) for HAL_TIM_PWM_ConfigChannel
    timer.o(i.initialize_timer) refers to stm32f4xx_hal_tim.o(i.HAL_TIM_PWM_Start) for HAL_TIM_PWM_Start
    timer.o(i.initialize_timer) refers to timer.o(.bss) for TIM_Handle
    timer.o(i.turn_off_led) refers to stm32f4xx_hal_tim.o(i.HAL_TIM_PWM_Stop) for HAL_TIM_PWM_Stop
[...]
    Removing stm32f4xx_hal_tim.o(i.HAL_TIM_OnePulse_Start), (76 bytes).
    Removing stm32f4xx_hal_tim.o(i.HAL_TIM_OnePulse_Start_IT), (100 bytes).
    Removing stm32f4xx_hal_tim.o(i.HAL_TIM_OnePulse_Stop), (140 bytes).
    Removing stm32f4xx_hal_tim.o(i.HAL_TIM_OnePulse_Stop_IT), (164 bytes).
    Removing stm32f4xx_hal_tim.o(i.HAL_TIM_PWM_DeInit), (70 bytes).
    Removing stm32f4xx_hal_tim.o(i.HAL_TIM_PWM_GetState), (8 bytes).
    Removing stm32f4xx_hal_tim.o(i.HAL_TIM_PWM_MspDeInit), (2 bytes).
    Removing stm32f4xx_hal_tim.o(i.HAL_TIM_PWM_PulseFinishedCallback), (2 bytes).
    Removing stm32f4xx_hal_tim.o(i.HAL_TIM_PWM_Start_DMA), (312 bytes).
    Removing stm32f4xx_hal_tim.o(i.HAL_TIM_PWM_Start_IT), (152 bytes).
    Removing stm32f4xx_hal_tim.o(i.HAL_TIM_PWM_Stop_DMA), (212 bytes).
    Removing stm32f4xx_hal_tim.o(i.HAL_TIM_PWM_Stop_IT), (204 bytes).
    Removing stm32f4xx_hal_tim.o(i.HAL_TIM_PeriodElapsedCallback), (2 bytes).
    Removing stm32f4xx_hal_tim.o(i.HAL_TIM_ReadCapturedValue), (84 bytes).
    Removing stm32f4xx_hal_tim.o(i.HAL_TIM_SlaveConfigSynchronization), (86 bytes).
    Removing stm32f4xx_hal_tim.o(i.HAL_TIM_SlaveConfigSynchronization_IT), (86 bytes).
    Removing stm32f4xx_hal_tim.o(i.HAL_TIM_TriggerCallback), (2 bytes).
    Removing stm32f4xx_hal_tim.o(i.TIM_DMACaptureCplt), (70 bytes).
    Removing stm32f4xx_hal_tim.o(i.TIM_DMADelayPulseCplt), (70 bytes).
    Removing stm32f4xx_hal_tim.o(i.TIM_DMAError), (20 bytes).
    Removing stm32f4xx_hal_tim.o(i.TIM_DMAPeriodElapsedCplt), (20 bytes).
    Removing stm32f4xx_hal_tim.o(i.TIM_DMATriggerCplt), (20 bytes).
    Removing stm32f4xx_hal_tim.o(i.TIM_ETR_SetConfig), (24 bytes).
    Removing stm32f4xx_hal_tim.o(i.TIM_ITRx_SetConfig), (20 bytes).
    Removing stm32f4xx_hal_tim.o(i.TIM_SlaveTimer_SetConfig), (164 bytes).
    Removing stm32f4xx_hal_tim.o(i.TIM_TI1_ConfigInputStage), (42 bytes).
    Removing stm32f4xx_hal_tim.o(i.TIM_TI1_SetConfig), (152 bytes).
    Removing stm32f4xx_hal_tim.o(i.TIM_TI2_ConfigInputStage), (44 bytes).
    Removing stm32f4xx_hal_tim.o(i.TIM_TI2_SetConfig), (62 bytes).
    Removing stm32f4xx_hal_tim.o(i.TIM_TI3_SetConfig), (60 bytes).
    Removing stm32f4xx_hal_tim.o(i.TIM_TI4_SetConfig), (64 bytes).
    Removing stm32f4xx_hal_tim_ex.o(.rev16_text), (4 bytes).
    Removing stm32f4xx_hal_tim_ex.o(.revsh_text), (4 bytes).
    Removing stm32f4xx_hal_tim_ex.o(.rrx_text), (6 bytes).
    Removing stm32f4xx_hal_tim_ex.o(i.HAL_TIMEx_BreakCallback), (2 bytes).
    Removing stm32f4xx_hal_tim_ex.o(i.HAL_TIMEx_CommutationCallback), (2 bytes).
    Removing stm32f4xx_hal_tim_ex.o(i.HAL_TIMEx_ConfigBreakDeadTime), (80 bytes).
    Removing stm32f4xx_hal_tim_ex.o(i.HAL_TIMEx_ConfigCommutationEvent), (110 bytes).
    Removing stm32f4xx_hal_tim_ex.o(i.HAL_TIMEx_ConfigCommutationEvent_DMA), (144 bytes).
    Removing stm32f4xx_hal_tim_ex.o(i.HAL_TIMEx_ConfigCommutationEvent_IT), (122 bytes).
    Removing stm32f4xx_hal_tim_ex.o(i.HAL_TIMEx_HallSensor_DeInit), (70 bytes).
    Removing stm32f4xx_hal_tim_ex.o(i.HAL_TIMEx_HallSensor_GetState), (8 bytes).
    Removing stm32f4xx_hal_tim_ex.o(i.HAL_TIMEx_HallSensor_Init), (196 bytes).
    Removing stm32f4xx_hal_tim_ex.o(i.HAL_TIMEx_HallSensor_MspDeInit), (2 bytes).
    Removing stm32f4xx_hal_tim_ex.o(i.HAL_TIMEx_HallSensor_MspInit), (2 bytes).
    Removing stm32f4xx_hal_tim_ex.o(i.HAL_TIMEx_HallSensor_Start), (30 bytes).
    Removing stm32f4xx_hal_tim_ex.o(i.HAL_TIMEx_HallSensor_Start_DMA), (116 bytes).
    Removing stm32f4xx_hal_tim_ex.o(i.HAL_TIMEx_HallSensor_Start_IT), (42 bytes).
    Removing stm32f4xx_hal_tim_ex.o(i.HAL_TIMEx_HallSensor_Stop), (56 bytes).
    Removing stm32f4xx_hal_tim_ex.o(i.HAL_TIMEx_HallSensor_Stop_DMA), (68 bytes).
    Removing stm32f4xx_hal_tim_ex.o(i.HAL_TIMEx_HallSensor_Stop_IT), (68 bytes).
    Removing stm32f4xx_hal_tim_ex.o(i.HAL_TIMEx_MasterConfigSynchronization), (98 bytes).
    Removing stm32f4xx_hal_tim_ex.o(i.HAL_TIMEx_OCN_Start), (44 bytes).
    Removing stm32f4xx_hal_tim_ex.o(i.HAL_TIMEx_OCN_Start_DMA), (280 bytes).
    Removing stm32f4xx_hal_tim_ex.o(i.HAL_TIMEx_OCN_Start_IT), (132 bytes).
    Removing stm32f4xx_hal_tim_ex.o(i.HAL_TIMEx_OCN_Stop), (96 bytes).
    Removing stm32f4xx_hal_tim_ex.o(i.HAL_TIMEx_OCN_Stop_DMA), (178 bytes).
    Removing stm32f4xx_hal_tim_ex.o(i.HAL_TIMEx_OCN_Stop_IT), (196 bytes).
    Removing stm32f4xx_hal_tim_ex.o(i.HAL_TIMEx_OnePulseN_Start), (32 bytes).
    Removing stm32f4xx_hal_tim_ex.o(i.HAL_TIMEx_OnePulseN_Start_IT), (56 bytes).
    Removing stm32f4xx_hal_tim_ex.o(i.HAL_TIMEx_OnePulseN_Stop), (96 bytes).
    Removing stm32f4xx_hal_tim_ex.o(i.HAL_TIMEx_OnePulseN_Stop_IT), (120 bytes).
    Removing stm32f4xx_hal_tim_ex.o(i.HAL_TIMEx_PWMN_Start), (44 bytes).
    Removing stm32f4xx_hal_tim_ex.o(i.HAL_TIMEx_PWMN_Start_DMA), (280 bytes).
    Removing stm32f4xx_hal_tim_ex.o(i.HAL_TIMEx_PWMN_Start_IT), (132 bytes).
    Removing stm32f4xx_hal_tim_ex.o(i.HAL_TIMEx_PWMN_Stop), (96 bytes).
    Removing stm32f4xx_hal_tim_ex.o(i.HAL_TIMEx_PWMN_Stop_DMA), (178 bytes).
    Removing stm32f4xx_hal_tim_ex.o(i.HAL_TIMEx_PWMN_Stop_IT), (196 bytes).
    Removing stm32f4xx_hal_tim_ex.o(i.HAL_TIMEx_RemapConfig), (48 bytes).
    Removing stm32f4xx_hal_tim_ex.o(i.TIMEx_DMACommutationCplt), (20 bytes).
    Removing stm32f4xx_hal_tim_ex.o(i.TIM_CCxNChannelCmd), (28 bytes).
    Removing stm32f4xx_hal_uart.o(.rev16_text), (4 bytes).
    Removing stm32f4xx_hal_uart.o(.revsh_text), (4 bytes).
    Removing stm32f4xx_hal_uart.o(.rrx_text), (6 bytes).
    Removing stm32f4xx_hal_uart.o(i.HAL_HalfDuplex_EnableReceiver), (68 bytes).
    Removing stm32f4xx_hal_uart.o(i.HAL_HalfDuplex_EnableTransmitter), (68 bytes).
    Removing stm32f4xx_hal_uart.o(i.HAL_HalfDuplex_Init), (114 bytes).
    Removing stm32f4xx_hal_uart.o(i.HAL_LIN_Init), (138 bytes).
    Removing stm32f4xx_hal_uart.o(i.HAL_LIN_SendBreak), (62 bytes).
    Removing stm32f4xx_hal_uart.o(i.HAL_MultiProcessor_EnterMuteMode), (62 bytes).
    Removing stm32f4xx_hal_uart.o(i.HAL_MultiProcessor_ExitMuteMode), (62 bytes).
    Removing stm32f4xx_hal_uart.o(i.HAL_MultiProcessor_Init), (150 bytes).
    Removing stm32f4xx_hal_uart.o(i.HAL_UART_DMAPause), (114 bytes).
    Removing stm32f4xx_hal_uart.o(i.HAL_UART_DMAResume), (160 bytes).
    Removing stm32f4xx_hal_uart.o(i.HAL_UART_DMAStop), (58 bytes).
    Removing stm32f4xx_hal_uart.o(i.HAL_UART_DeInit), (42 bytes).
    Removing stm32f4xx_hal_uart.o(i.HAL_UART_ErrorCallback), (2 bytes).
    Removing stm32f4xx_hal_uart.o(i.HAL_UART_GetError), (6 bytes).
    Removing stm32f4xx_hal_uart.o(i.HAL_UART_GetState), (8 bytes).
    Removing stm32f4xx_hal_uart.o(i.HAL_UART_IRQHandler), (304 bytes).
    Removing stm32f4xx_hal_uart.o(i.HAL_UART_Init), (110 bytes).
    Removing stm32f4xx_hal_uart.o(i.HAL_UART_MspDeInit), (2 bytes).
    Removing stm32f4xx_hal_uart.o(i.HAL_UART_MspInit), (2 bytes).
    Removing stm32f4xx_hal_uart.o(i.HAL_UART_Receive), (248 bytes).
    Removing stm32f4xx_hal_uart.o(i.HAL_UART_Receive_DMA), (160 bytes).
    Removing stm32f4xx_hal_uart.o(i.HAL_UART_Receive_IT), (134 bytes).
    Removing stm32f4xx_hal_uart.o(i.HAL_UART_RxCpltCallback), (2 bytes).
    Removing stm32f4xx_hal_uart.o(i.HAL_UART_RxHalfCpltCallback), (2 bytes).
    Removing stm32f4xx_hal_uart.o(i.HAL_UART_Transmit), (240 bytes).
    Removing stm32f4xx_hal_uart.o(i.HAL_UART_Transmit_DMA), (168 bytes).
    Removing stm32f4xx_hal_uart.o(i.HAL_UART_Transmit_IT), (110 bytes).
    Removing stm32f4xx_hal_uart.o(i.HAL_UART_TxCpltCallback), (2 bytes).
    Removing stm32f4xx_hal_uart.o(i.HAL_UART_TxHalfCpltCallback), (2 bytes).
    Removing stm32f4xx_hal_uart.o(i.UART_DMAError), (34 bytes).
    Removing stm32f4xx_hal_uart.o(i.UART_DMAReceiveCplt), (62 bytes).
    Removing stm32f4xx_hal_uart.o(i.UART_DMARxHalfCplt), (14 bytes).
    Removing stm32f4xx_hal_uart.o(i.UART_DMATransmitCplt), (54 bytes).
    Removing stm32f4xx_hal_uart.o(i.UART_DMATxHalfCplt), (14 bytes).
    Removing stm32f4xx_hal_uart.o(i.UART_EndTransmit_IT), (48 bytes).
    Removing stm32f4xx_hal_uart.o(i.UART_Receive_IT), (188 bytes).
    Removing stm32f4xx_hal_uart.o(i.UART_SetConfig), (548 bytes).
    Removing stm32f4xx_hal_uart.o(i.UART_Transmit_IT), (112 bytes).
    Removing stm32f4xx_hal_uart.o(i.UART_WaitOnFlagUntilTimeout), (250 bytes).
    Removing stm32f4xx_hal_usart.o(.rev16_text), (4 bytes).
    Removing stm32f4xx_hal_usart.o(.revsh_text), (4 bytes).
    Removing stm32f4xx_hal_usart.o(.rrx_text), (6 bytes).
    Removing stm32f4xx_hal_usart.o(i.HAL_USART_DMAPause), (50 bytes).
    Removing stm32f4xx_hal_usart.o(i.HAL_USART_DMAResume), (50 bytes).
    Removing stm32f4xx_hal_usart.o(i.HAL_USART_DMAStop), (58 bytes).
    Removing stm32f4xx_hal_usart.o(i.HAL_USART_DeInit), (54 bytes).
    Removing stm32f4xx_hal_usart.o(i.HAL_USART_ErrorCallback), (2 bytes).
    Removing stm32f4xx_hal_usart.o(i.HAL_USART_GetError), (6 bytes).
    Removing stm32f4xx_hal_usart.o(i.HAL_USART_GetState), (8 bytes).
    Removing stm32f4xx_hal_usart.o(i.HAL_USART_IRQHandler), (336 bytes).
    Removing stm32f4xx_hal_usart.o(i.HAL_USART_Init), (90 bytes).
    Removing stm32f4xx_hal_usart.o(i.HAL_USART_MspDeInit), (2 bytes).
    Removing stm32f4xx_hal_usart.o(i.HAL_USART_MspInit), (2 bytes).
    Removing stm32f4xx_hal_usart.o(i.HAL_USART_Receive), (256 bytes).
    Removing stm32f4xx_hal_usart.o(i.HAL_USART_Receive_DMA), (196 bytes).
    Removing stm32f4xx_hal_usart.o(i.HAL_USART_Receive_IT), (120 bytes).
    Removing stm32f4xx_hal_usart.o(i.HAL_USART_RxCpltCallback), (2 bytes).
    Removing stm32f4xx_hal_usart.o(i.HAL_USART_RxHalfCpltCallback), (2 bytes).
    Removing stm32f4xx_hal_usart.o(i.HAL_USART_Transmit), (196 bytes).
    Removing stm32f4xx_hal_usart.o(i.HAL_USART_TransmitReceive), (294 bytes).
    Removing stm32f4xx_hal_usart.o(i.HAL_USART_TransmitReceive_DMA), (232 bytes).
    Removing stm32f4xx_hal_usart.o(i.HAL_USART_TransmitReceive_IT), (132 bytes).
    Removing stm32f4xx_hal_usart.o(i.HAL_USART_Transmit_DMA), (148 bytes).
    Removing stm32f4xx_hal_usart.o(i.HAL_USART_Transmit_IT), (88 bytes).
    Removing stm32f4xx_hal_usart.o(i.HAL_USART_TxCpltCallback), (2 bytes).
    Removing stm32f4xx_hal_usart.o(i.HAL_USART_TxHalfCpltCallback), (2 bytes).
    Removing stm32f4xx_hal_usart.o(i.HAL_USART_TxRxCpltCallback), (2 bytes).
    Removing stm32f4xx_hal_usart.o(i.USART_DMAError), (34 bytes).
    Removing stm32f4xx_hal_usart.o(i.USART_DMAReceiveCplt), (116 bytes).
    Removing stm32f4xx_hal_usart.o(i.USART_DMARxHalfCplt), (14 bytes).
    Removing stm32f4xx_hal_usart.o(i.USART_DMATransmitCplt), (70 bytes).
    Removing stm32f4xx_hal_usart.o(i.USART_DMATxHalfCplt), (14 bytes).
    Removing stm32f4xx_hal_usart.o(i.USART_EndTransmit_IT), (44 bytes).
    Removing stm32f4xx_hal_usart.o(i.USART_Receive_IT), (194 bytes).
    Removing stm32f4xx_hal_usart.o(i.USART_SetConfig), (332 bytes).
    Removing stm32f4xx_hal_usart.o(i.USART_TransmitReceive_IT), (270 bytes).
    Removing stm32f4xx_hal_usart.o(i.USART_Transmit_IT), (104 bytes).
    Removing stm32f4xx_hal_usart.o(i.USART_WaitOnFlagUntilTimeout), (250 bytes).
    Removing stm32f4xx_ll_fsmc.o(.rev16_text), (4 bytes).
    Removing stm32f4xx_ll_fsmc.o(.revsh_text), (4 bytes).
    Removing stm32f4xx_ll_fsmc.o(.rrx_text), (6 bytes).
    Removing stm32f4xx_ll_fsmc.o(i.FSMC_NAND_AttributeSpace_Timing_Init), (54 bytes).
    Removing stm32f4xx_ll_fsmc.o(i.FSMC_NAND_CommonSpace_Timing_Init), (54 bytes).
    Removing stm32f4xx_ll_fsmc.o(i.FSMC_NAND_DeInit), (66 bytes).
    Removing stm32f4xx_ll_fsmc.o(i.FSMC_NAND_ECC_Disable), (28 bytes).
    Removing stm32f4xx_ll_fsmc.o(i.FSMC_NAND_ECC_Enable), (28 bytes).
    Removing stm32f4xx_ll_fsmc.o(i.FSMC_NAND_GetECC), (88 bytes).
    Removing stm32f4xx_ll_fsmc.o(i.FSMC_NAND_Init), (76 bytes).
    Removing stm32f4xx_ll_fsmc.o(i.FSMC_NORSRAM_DeInit), (56 bytes).
    Removing stm32f4xx_ll_fsmc.o(i.FSMC_NORSRAM_Extended_Timing_Init), (72 bytes).
    Removing stm32f4xx_ll_fsmc.o(i.FSMC_NORSRAM_Init), (92 bytes).
    Removing stm32f4xx_ll_fsmc.o(i.FSMC_NORSRAM_Timing_Init), (68 bytes).
    Removing stm32f4xx_ll_fsmc.o(i.FSMC_NORSRAM_WriteOperation_Disable), (18 bytes).
    Removing stm32f4xx_ll_fsmc.o(i.FSMC_NORSRAM_WriteOperation_Enable), (18 bytes).
    Removing stm32f4xx_ll_fsmc.o(i.FSMC_PCCARD_AttributeSpace_Timing_Init), (38 bytes).
    Removing stm32f4xx_ll_fsmc.o(i.FSMC_PCCARD_CommonSpace_Timing_Init), (38 bytes).
    Removing stm32f4xx_ll_fsmc.o(i.FSMC_PCCARD_DeInit), (32 bytes).
    Removing stm32f4xx_ll_fsmc.o(i.FSMC_PCCARD_IOSpace_Timing_Init), (38 bytes).
    Removing stm32f4xx_ll_fsmc.o(i.FSMC_PCCARD_Init), (44 bytes).
    Removing startup_stm32f407xx.o(HEAP), (512 bytes).
    Removing system_stm32f4xx.o(.rev16_text), (4 bytes).
    Removing system_stm32f4xx.o(.revsh_text), (4 bytes).
    Removing system_stm32f4xx.o(.rrx_text), (6 bytes).
    Removing system_stm32f4xx.o(i.SystemCoreClockUpdate), (192 bytes).
    Removing system_stm32f4xx.o(.constdata), (16 bytes).
    Removing dfixul.o(.text), (48 bytes).
    Removing cdrcmple.o(.text), (48 bytes).

702 unused section(s) (total 64802 bytes) removed from the image.

==============================================================================

Image Symbol Table

    Local Symbols

    Symbol Name                              Value     Ov Type        Size  Object(Section)

    ../clib/microlib/division.c              0x00000000   Number         0  uidiv.o ABSOLUTE
    ../clib/microlib/division.c              0x00000000   Number         0  uldiv.o ABSOLUTE
    ../clib/microlib/errno.c                 0x00000000   Number         0  errno.o ABSOLUTE
    ../clib/microlib/init/entry.s            0x00000000   Number         0  entry.o ABSOLUTE
    ../clib/microlib/init/entry.s            0x00000000   Number         0  entry2.o ABSOLUTE
    ../clib/microlib/init/entry.s            0x00000000   Number         0  entry5.o ABSOLUTE
    ../clib/microlib/init/entry.s            0x00000000   Number         0  entry7a.o ABSOLUTE
    ../clib/microlib/init/entry.s            0x00000000   Number         0  entry7b.o ABSOLUTE
    ../clib/microlib/init/entry.s            0x00000000   Number         0  entry8a.o ABSOLUTE
    ../clib/microlib/init/entry.s            0x00000000   Number         0  entry9a.o ABSOLUTE
    ../clib/microlib/init/entry.s            0x00000000   Number         0  entry9b.o ABSOLUTE
    ../clib/microlib/init/entry.s            0x00000000   Number         0  entry10a.o ABSOLUTE
    ../clib/microlib/init/entry.s            0x00000000   Number         0  entry8b.o ABSOLUTE
    ../clib/microlib/init/entry.s            0x00000000   Number         0  entry10b.o ABSOLUTE
    ../clib/microlib/init/entry.s            0x00000000   Number         0  entry11a.o ABSOLUTE
    ../clib/microlib/init/entry.s            0x00000000   Number         0  entry11b.o ABSOLUTE
    ../clib/microlib/longlong.c              0x00000000   Number         0  llsshr.o ABSOLUTE
    ../clib/microlib/longlong.c              0x00000000   Number         0  llushr.o ABSOLUTE
    ../clib/microlib/longlong.c              0x00000000   Number         0  llshl.o ABSOLUTE
    ../clib/microlib/printf/printf.c         0x00000000   Number         0  printf8.o ABSOLUTE
    ../clib/microlib/printf/printf.c         0x00000000   Number         0  printf3.o ABSOLUTE
    ../clib/microlib/printf/printf.c         0x00000000   Number         0  printfb.o ABSOLUTE
    ../clib/microlib/printf/printf.c         0x00000000   Number         0  printf4.o ABSOLUTE
    ../clib/microlib/printf/printf.c         0x00000000   Number         0  printfa.o ABSOLUTE
    ../clib/microlib/printf/printf.c         0x00000000   Number         0  printf5.o ABSOLUTE
    ../clib/microlib/printf/printf.c         0x00000000   Number         0  printf2.o ABSOLUTE
    ../clib/microlib/printf/printf.c         0x00000000   Number         0  printf1.o ABSOLUTE
    ../clib/microlib/printf/printf.c         0x00000000   Number         0  printf6.o ABSOLUTE
    ../clib/microlib/printf/printf.c         0x00000000   Number         0  printf7.o ABSOLUTE
    ../clib/microlib/printf/printf.c         0x00000000   Number         0  printf0.o ABSOLUTE
    ../clib/microlib/printf/stubs.s          0x00000000   Number         0  stubs.o ABSOLUTE
    ../clib/microlib/stdio/streams.c         0x00000000   Number         0  stdout.o ABSOLUTE
    ../clib/microlib/string/memcpy.c         0x00000000   Number         0  memcpya.o ABSOLUTE
    ../clib/microlib/string/memcpy.c         0x00000000   Number         0  memcpyb.o ABSOLUTE
    ../clib/microlib/stubs.s                 0x00000000   Number         0  iusefp.o ABSOLUTE
    ../fplib/microlib/d2f.c                  0x00000000   Number         0  d2f.o ABSOLUTE
    ../fplib/microlib/f2d.c                  0x00000000   Number         0  f2d.o ABSOLUTE
    ../fplib/microlib/fpadd.c                0x00000000   Number         0  dadd.o ABSOLUTE
    ../fplib/microlib/fpdiv.c                0x00000000   Number         0  ddiv.o ABSOLUTE
    ../fplib/microlib/fpepilogue.c           0x00000000   Number         0  fepilogue.o ABSOLUTE
    ../fplib/microlib/fpepilogue.c           0x00000000   Number         0  depilogue.o ABSOLUTE
    ../fplib/microlib/fpfix.c                0x00000000   Number         0  dfixul.o ABSOLUTE
    ../fplib/microlib/fpfix.c                0x00000000   Number         0  dfixui.o ABSOLUTE
    ../fplib/microlib/fpflt.c                0x00000000   Number         0  dflti.o ABSOLUTE
    ../fplib/microlib/fpmul.c                0x00000000   Number         0  dmul.o ABSOLUTE
    ../mathlib/atan2f.c                      0x00000000   Number         0  atan2f.o ABSOLUTE
    ../mathlib/atan2f.c                      0x00000000   Number         0  atan2f_x.o ABSOLUTE
    ../mathlib/fpclassifyf.c                 0x00000000   Number         0  fpclassifyf.o ABSOLUTE
    ../mathlib/funder.c                      0x00000000   Number         0  funder.o ABSOLUTE
    ../mathlib/sqrtf.c                       0x00000000   Number         0  sqrtf_x.o ABSOLUTE
    ../mathlib/sqrtf.c                       0x00000000   Number         0  sqrtf.o ABSOLUTE
    Accelerometer\\src\\LIS3DSH.c            0x00000000   Number         0  lis3dsh.o ABSOLUTE
    Accelerometer\src\LIS3DSH.c              0x00000000   Number         0  lis3dsh.o ABSOLUTE
    C:\McGill\Software_Install\EDU\Keil_v5\ARM\PACK\Keil\STM32F4xx_DFP\2.8.0\Drivers\STM32F4xx_HAL_Driver\Src\stm32f4xx_hal.c 0x00000000   Number         0  stm32f4xx_hal.o ABSOLUTE
    C:\McGill\Software_Install\EDU\Keil_v5\ARM\PACK\Keil\STM32F4xx_DFP\2.8.0\Drivers\STM32F4xx_HAL_Driver\Src\stm32f4xx_hal_adc.c 0x00000000   Number         0  stm32f4xx_hal_adc.o ABSOLUTE
    C:\McGill\Software_Install\EDU\Keil_v5\ARM\PACK\Keil\STM32F4xx_DFP\2.8.0\Drivers\STM32F4xx_HAL_Driver\Src\stm32f4xx_hal_adc_ex.c 0x00000000   Number         0  stm32f4xx_hal_adc_ex.o ABSOLUTE
    C:\McGill\Software_Install\EDU\Keil_v5\ARM\PACK\Keil\STM32F4xx_DFP\2.8.0\Drivers\STM32F4xx_HAL_Driver\Src\stm32f4xx_hal_cortex.c 0x00000000   Number         0  stm32f4xx_hal_cortex.o ABSOLUTE
    C:\McGill\Software_Install\EDU\Keil_v5\ARM\PACK\Keil\STM32F4xx_DFP\2.8.0\Drivers\STM32F4xx_HAL_Driver\Src\stm32f4xx_hal_dma.c 0x00000000   Number         0  stm32f4xx_hal_dma.o ABSOLUTE
    C:\McGill\Software_Install\EDU\Keil_v5\ARM\PACK\Keil\STM32F4xx_DFP\2.8.0\Drivers\STM32F4xx_HAL_Driver\Src\stm32f4xx_hal_dma_ex.c 0x00000000   Number         0  stm32f4xx_hal_dma_ex.o ABSOLUTE
    C:\McGill\Software_Install\EDU\Keil_v5\ARM\PACK\Keil\STM32F4xx_DFP\2.8.0\Drivers\STM32F4xx_HAL_Driver\Src\stm32f4xx_hal_flash.c 0x00000000   Number         0  stm32f4xx_hal_flash.o ABSOLUTE
    C:\McGill\Software_Install\EDU\Keil_v5\ARM\PACK\Keil\STM32F4xx_DFP\2.8.0\Drivers\STM32F4xx_HAL_Driver\Src\stm32f4xx_hal_flash_ex.c 0x00000000   Number         0  stm32f4xx_hal_flash_ex.o ABSOLUTE
    C:\McGill\Software_Install\EDU\Keil_v5\ARM\PACK\Keil\STM32F4xx_DFP\2.8.0\Drivers\STM32F4xx_HAL_Driver\Src\stm32f4xx_hal_gpio.c 0x00000000   Number         0  stm32f4xx_hal_gpio.o ABSOLUTE
    C:\McGill\Software_Install\EDU\Keil_v5\ARM\PACK\Keil\STM32F4xx_DFP\2.8.0\Drivers\STM32F4xx_HAL_Driver\Src\stm32f4xx_hal_i2c.c 0x00000000   Number         0  stm32f4xx_hal_i2c.o ABSOLUTE
    C:\McGill\Software_Install\EDU\Keil_v5\ARM\PACK\Keil\STM32F4xx_DFP\2.8.0\Drivers\STM32F4xx_HAL_Driver\Src\stm32f4xx_hal_i2s.c 0x00000000   Number         0  stm32f4xx_hal_i2s.o ABSOLUTE
    C:\McGill\Software_Install\EDU\Keil_v5\ARM\PACK\Keil\STM32F4xx_DFP\2.8.0\Drivers\STM32F4xx_HAL_Driver\Src\stm32f4xx_hal_i2s_ex.c 0x00000000   Number         0  stm32f4xx_hal_i2s_ex.o ABSOLUTE
    C:\McGill\Software_Install\EDU\Keil_v5\ARM\PACK\Keil\STM32F4xx_DFP\2.8.0\Drivers\STM32F4xx_HAL_Driver\Src\stm32f4xx_hal_pwr.c 0x00000000   Number         0  stm32f4xx_hal_pwr.o ABSOLUTE
    C:\McGill\Software_Install\EDU\Keil_v5\ARM\PACK\Keil\STM32F4xx_DFP\2.8.0\Drivers\STM32F4xx_HAL_Driver\Src\stm32f4xx_hal_pwr_ex.c 0x00000000   Number         0  stm32f4xx_hal_pwr_ex.o ABSOLUTE
    C:\McGill\Software_Install\EDU\Keil_v5\ARM\PACK\Keil\STM32F4xx_DFP\2.8.0\Drivers\STM32F4xx_HAL_Driver\Src\stm32f4xx_hal_rcc.c 0x00000000   Number         0  stm32f4xx_hal_rcc.o ABSOLUTE
    C:\McGill\Software_Install\EDU\Keil_v5\ARM\PACK\Keil\STM32F4xx_DFP\2.8.0\Drivers\STM32F4xx_HAL_Driver\Src\stm32f4xx_hal_rcc_ex.c 0x00000000   Number         0  stm32f4xx_hal_rcc_ex.o ABSOLUTE
    C:\McGill\Software_Install\EDU\Keil_v5\ARM\PACK\Keil\STM32F4xx_DFP\2.8.0\Drivers\STM32F4xx_HAL_Driver\Src\stm32f4xx_hal_rtc.c 0x00000000   Number         0  stm32f4xx_hal_rtc.o ABSOLUTE
    C:\McGill\Software_Install\EDU\Keil_v5\ARM\PACK\Keil\STM32F4xx_DFP\2.8.0\Drivers\STM32F4xx_HAL_Driver\Src\stm32f4xx_hal_rtc_ex.c 0x00000000   Number         0  stm32f4xx_hal_rtc_ex.o ABSOLUTE
    C:\McGill\Software_Install\EDU\Keil_v5\ARM\PACK\Keil\STM32F4xx_DFP\2.8.0\Drivers\STM32F4xx_HAL_Driver\Src\stm32f4xx_hal_spi.c 0x00000000   Number         0  stm32f4xx_hal_spi.o ABSOLUTE
    C:\McGill\Software_Install\EDU\Keil_v5\ARM\PACK\Keil\STM32F4xx_DFP\2.8.0\Drivers\STM32F4xx_HAL_Driver\Src\stm32f4xx_hal_sram.c 0x00000000   Number         0  stm32f4xx_hal_sram.o ABSOLUTE
    C:\McGill\Software_Install\EDU\Keil_v5\ARM\PACK\Keil\STM32F4xx_DFP\2.8.0\Drivers\STM32F4xx_HAL_Driver\Src\stm32f4xx_hal_tim.c 0x00000000   Number         0  stm32f4xx_hal_tim.o ABSOLUTE
    C:\McGill\Software_Install\EDU\Keil_v5\ARM\PACK\Keil\STM32F4xx_DFP\2.8.0\Drivers\STM32F4xx_HAL_Driver\Src\stm32f4xx_hal_tim_ex.c 0x00000000   Number         0  stm32f4xx_hal_tim_ex.o ABSOLUTE
    C:\McGill\Software_Install\EDU\Keil_v5\ARM\PACK\Keil\STM32F4xx_DFP\2.8.0\Drivers\STM32F4xx_HAL_Driver\Src\stm32f4xx_hal_uart.c 0x00000000   Number         0  stm32f4xx_hal_uart.o ABSOLUTE
    C:\McGill\Software_Install\EDU\Keil_v5\ARM\PACK\Keil\STM32F4xx_DFP\2.8.0\Drivers\STM32F4xx_HAL_Driver\Src\stm32f4xx_hal_usart.c 0x00000000   Number         0  stm32f4xx_hal_usart.o ABSOLUTE
    C:\McGill\Software_Install\EDU\Keil_v5\ARM\PACK\Keil\STM32F4xx_DFP\2.8.0\Drivers\STM32F4xx_HAL_Driver\Src\stm32f4xx_ll_fsmc.c 0x00000000   Number         0  stm32f4xx_ll_fsmc.o ABSOLUTE
    C:\\McGill\\Software_Install\\EDU\\Keil_v5\\ARM\\PACK\\Keil\\STM32F4xx_DFP\\2.8.0\\Drivers\\STM32F4xx_HAL_Driver\\Src\\stm32f4xx_hal.c 0x00000000   Number         0  stm32f4xx_hal.o ABSOLUTE
    C:\\McGill\\Software_Install\\EDU\\Keil_v5\\ARM\\PACK\\Keil\\STM32F4xx_DFP\\2.8.0\\Drivers\\STM32F4xx_HAL_Driver\\Src\\stm32f4xx_hal_adc.c 0x00000000   Number         0  stm32f4xx_hal_adc.o ABSOLUTE
    C:\\McGill\\Software_Install\\EDU\\Keil_v5\\ARM\\PACK\\Keil\\STM32F4xx_DFP\\2.8.0\\Drivers\\STM32F4xx_HAL_Driver\\Src\\stm32f4xx_hal_adc_ex.c 0x00000000   Number         0  stm32f4xx_hal_adc_ex.o ABSOLUTE
    C:\\McGill\\Software_Install\\EDU\\Keil_v5\\ARM\\PACK\\Keil\\STM32F4xx_DFP\\2.8.0\\Drivers\\STM32F4xx_HAL_Driver\\Src\\stm32f4xx_hal_cortex.c 0x00000000   Number         0  stm32f4xx_hal_cortex.o ABSOLUTE
    C:\\McGill\\Software_Install\\EDU\\Keil_v5\\ARM\\PACK\\Keil\\STM32F4xx_DFP\\2.8.0\\Drivers\\STM32F4xx_HAL_Driver\\Src\\stm32f4xx_hal_dma.c 0x00000000   Number         0  stm32f4xx_hal_dma.o ABSOLUTE
    C:\\McGill\\Software_Install\\EDU\\Keil_v5\\ARM\\PACK\\Keil\\STM32F4xx_DFP\\2.8.0\\Drivers\\STM32F4xx_HAL_Driver\\Src\\stm32f4xx_hal_dma_ex.c 0x00000000   Number         0  stm32f4xx_hal_dma_ex.o ABSOLUTE
    C:\\McGill\\Software_Install\\EDU\\Keil_v5\\ARM\\PACK\\Keil\\STM32F4xx_DFP\\2.8.0\\Drivers\\STM32F4xx_HAL_Driver\\Src\\stm32f4xx_hal_flash.c 0x00000000   Number         0  stm32f4xx_hal_flash.o ABSOLUTE
    C:\\McGill\\Software_Install\\EDU\\Keil_v5\\ARM\\PACK\\Keil\\STM32F4xx_DFP\\2.8.0\\Drivers\\STM32F4xx_HAL_Driver\\Src\\stm32f4xx_hal_flash_ex.c 0x00000000   Number         0  stm32f4xx_hal_flash_ex.o ABSOLUTE
    C:\\McGill\\Software_Install\\EDU\\Keil_v5\\ARM\\PACK\\Keil\\STM32F4xx_DFP\\2.8.0\\Drivers\\STM32F4xx_HAL_Driver\\Src\\stm32f4xx_hal_gpio.c 0x00000000   Number         0  stm32f4xx_hal_gpio.o ABSOLUTE
    C:\\McGill\\Software_Install\\EDU\\Keil_v5\\ARM\\PACK\\Keil\\STM32F4xx_DFP\\2.8.0\\Drivers\\STM32F4xx_HAL_Driver\\Src\\stm32f4xx_hal_i2c.c 0x00000000   Number         0  stm32f4xx_hal_i2c.o ABSOLUTE
    C:\\McGill\\Software_Install\\EDU\\Keil_v5\\ARM\\PACK\\Keil\\STM32F4xx_DFP\\2.8.0\\Drivers\\STM32F4xx_HAL_Driver\\Src\\stm32f4xx_hal_i2s.c 0x00000000   Number         0  stm32f4xx_hal_i2s.o ABSOLUTE
    C:\\McGill\\Software_Install\\EDU\\Keil_v5\\ARM\\PACK\\Keil\\STM32F4xx_DFP\\2.8.0\\Drivers\\STM32F4xx_HAL_Driver\\Src\\stm32f4xx_hal_i2s_ex.c 0x00000000   Number         0  stm32f4xx_hal_i2s_ex.o ABSOLUTE
    C:\\McGill\\Software_Install\\EDU\\Keil_v5\\ARM\\PACK\\Keil\\STM32F4xx_DFP\\2.8.0\\Drivers\\STM32F4xx_HAL_Driver\\Src\\stm32f4xx_hal_pwr.c 0x00000000   Number         0  stm32f4xx_hal_pwr.o ABSOLUTE
    C:\\McGill\\Software_Install\\EDU\\Keil_v5\\ARM\\PACK\\Keil\\STM32F4xx_DFP\\2.8.0\\Drivers\\STM32F4xx_HAL_Driver\\Src\\stm32f4xx_hal_pwr_ex.c 0x00000000   Number         0  stm32f4xx_hal_pwr_ex.o ABSOLUTE
    C:\\McGill\\Software_Install\\EDU\\Keil_v5\\ARM\\PACK\\Keil\\STM32F4xx_DFP\\2.8.0\\Drivers\\STM32F4xx_HAL_Driver\\Src\\stm32f4xx_hal_rcc.c 0x00000000   Number         0  stm32f4xx_hal_rcc.o ABSOLUTE
    C:\\McGill\\Software_Install\\EDU\\Keil_v5\\ARM\\PACK\\Keil\\STM32F4xx_DFP\\2.8.0\\Drivers\\STM32F4xx_HAL_Driver\\Src\\stm32f4xx_hal_rcc_ex.c 0x00000000   Number         0  stm32f4xx_hal_rcc_ex.o ABSOLUTE
    C:\\McGill\\Software_Install\\EDU\\Keil_v5\\ARM\\PACK\\Keil\\STM32F4xx_DFP\\2.8.0\\Drivers\\STM32F4xx_HAL_Driver\\Src\\stm32f4xx_hal_rtc.c 0x00000000   Number         0  stm32f4xx_hal_rtc.o ABSOLUTE
    C:\\McGill\\Software_Install\\EDU\\Keil_v5\\ARM\\PACK\\Keil\\STM32F4xx_DFP\\2.8.0\\Drivers\\STM32F4xx_HAL_Driver\\Src\\stm32f4xx_hal_rtc_ex.c 0x00000000   Number         0  stm32f4xx_hal_rtc_ex.o ABSOLUTE
    C:\\McGill\\Software_Install\\EDU\\Keil_v5\\ARM\\PACK\\Keil\\STM32F4xx_DFP\\2.8.0\\Drivers\\STM32F4xx_HAL_Driver\\Src\\stm32f4xx_hal_spi.c 0x00000000   Number         0  stm32f4xx_hal_spi.o ABSOLUTE
    C:\\McGill\\Software_Install\\EDU\\Keil_v5\\ARM\\PACK\\Keil\\STM32F4xx_DFP\\2.8.0\\Drivers\\STM32F4xx_HAL_Driver\\Src\\stm32f4xx_hal_sram.c 0x00000000   Number         0  stm32f4xx_hal_sram.o ABSOLUTE
    C:\\McGill\\Software_Install\\EDU\\Keil_v5\\ARM\\PACK\\Keil\\STM32F4xx_DFP\\2.8.0\\Drivers\\STM32F4xx_HAL_Driver\\Src\\stm32f4xx_hal_tim.c 0x00000000   Number         0  stm32f4xx_hal_tim.o ABSOLUTE
    C:\\McGill\\Software_Install\\EDU\\Keil_v5\\ARM\\PACK\\Keil\\STM32F4xx_DFP\\2.8.0\\Drivers\\STM32F4xx_HAL_Driver\\Src\\stm32f4xx_hal_tim_ex.c 0x00000000   Number         0  stm32f4xx_hal_tim_ex.o ABSOLUTE
    C:\\McGill\\Software_Install\\EDU\\Keil_v5\\ARM\\PACK\\Keil\\STM32F4xx_DFP\\2.8.0\\Drivers\\STM32F4xx_HAL_Driver\\Src\\stm32f4xx_hal_uart.c 0x00000000   Number         0  stm32f4xx_hal_uart.o ABSOLUTE
    C:\\McGill\\Software_Install\\EDU\\Keil_v5\\ARM\\PACK\\Keil\\STM32F4xx_DFP\\2.8.0\\Drivers\\STM32F4xx_HAL_Driver\\Src\\stm32f4xx_hal_usart.c 0x00000000   Number         0  stm32f4xx_hal_usart.o ABSOLUTE
    C:\\McGill\\Software_Install\\EDU\\Keil_v5\\ARM\\PACK\\Keil\\STM32F4xx_DFP\\2.8.0\\Drivers\\STM32F4xx_HAL_Driver\\Src\\stm32f4xx_ll_fsmc.c 0x00000000   Number         0  stm32f4xx_ll_fsmc.o ABSOLUTE
    RTE\Device\STM32F407VGTx\startup_stm32f407xx.s 0x00000000   Number         0  startup_stm32f407xx.o ABSOLUTE
    RTE\Device\STM32F407VGTx\system_stm32f4xx.c 0x00000000   Number         0  system_stm32f4xx.o ABSOLUTE
    RTE\\Device\\STM32F407VGTx\\system_stm32f4xx.c 0x00000000   Number         0  system_stm32f4xx.o ABSOLUTE
    Sources\\accelerometer.c                 0x00000000   Number         0  accelerometer.o ABSOLUTE
    Sources\\fput_debug.c                    0x00000000   Number         0  fput_debug.o ABSOLUTE
    Sources\\gpio.c                          0x00000000   Number         0  gpio.o ABSOLUTE
    Sources\\keypad.c                        0x00000000   Number         0  keypad.o ABSOLUTE
    Sources\\main.c                          0x00000000   Number         0  main.o ABSOLUTE
    Sources\\stm32f4xx_it.c                  0x00000000   Number         0  stm32f4xx_it.o ABSOLUTE
    Sources\\timer.c                         0x00000000   Number         0  timer.o ABSOLUTE
    Sources\accelerometer.c                  0x00000000   Number         0  accelerometer.o ABSOLUTE
    Sources\fput_debug.c                     0x00000000   Number         0  fput_debug.o ABSOLUTE
    Sources\gpio.c                           0x00000000   Number         0  gpio.o ABSOLUTE
    Sources\keypad.c                         0x00000000   Number         0  keypad.o ABSOLUTE
    Sources\main.c                           0x00000000   Number         0  main.o ABSOLUTE
    Sources\stm32f4xx_it.c                   0x00000000   Number         0  stm32f4xx_it.o ABSOLUTE
    Sources\supporting_functions.c           0x00000000   Number         0  supporting_functions.o ABSOLUTE
    Sources\timer.c                          0x00000000   Number         0  timer.o ABSOLUTE
    cdrcmple.s                               0x00000000   Number         0  cdrcmple.o ABSOLUTE
    dc.s                                     0x00000000   Number         0  dc.o ABSOLUTE
    handlers.s                               0x00000000   Number         0  handlers.o ABSOLUTE
    init.s                                   0x00000000   Number         0  init.o ABSOLUTE
    RESET                                    0x08000000   Section      392  startup_stm32f407xx.o(RESET)
    .ARM.Collect$$$$00000000                 0x08000188   Section        0  entry.o(.ARM.Collect$$$$00000000)
    .ARM.Collect$$$$00000001                 0x08000188   Section        4  entry2.o(.ARM.Collect$$$$00000001)
    .ARM.Collect$$$$00000004                 0x0800018c   Section        4  entry5.o(.ARM.Collect$$$$00000004)
    .ARM.Collect$$$$00000008                 0x08000190   Section        0  entry7b.o(.ARM.Collect$$$$00000008)
    .ARM.Collect$$$$0000000A                 0x08000190   Section        0  entry8b.o(.ARM.Collect$$$$0000000A)
    .ARM.Collect$$$$0000000B                 0x08000190   Section        8  entry9a.o(.ARM.Collect$$$$0000000B)
    .ARM.Collect$$$$0000000D                 0x08000198   Section        0  entry10a.o(.ARM.Collect$$$$0000000D)
    .ARM.Collect$$$$0000000F                 0x08000198   Section        0  entry11a.o(.ARM.Collect$$$$0000000F)
    .ARM.Collect$$$$00002712                 0x08000198   Section        4  entry2.o(.ARM.Collect$$$$00002712)
    __lit__00000000                          0x08000198   Data           4  entry2.o(.ARM.Collect$$$$00002712)
    .text                                    0x0800019c   Section       36  startup_stm32f407xx.o(.text)
    $v0                                      0x0800019c   Number         0  startup_stm32f407xx.o(.text)
    .text                                    0x080001c0   Section        0  memcpya.o(.text)
    .text                                    0x080001e4   Section        0  dadd.o(.text)
    .text                                    0x08000332   Section        0  dmul.o(.text)
    .text                                    0x08000416   Section        0  ddiv.o(.text)
    .text                                    0x080004f4   Section        0  dflti.o(.text)
    .text                                    0x08000516   Section        0  dfixui.o(.text)
    .text                                    0x08000548   Section        0  f2d.o(.text)
    .text                                    0x0800056e   Section        0  d2f.o(.text)
    .text                                    0x080005a6   Section        0  uidiv.o(.text)
    .text                                    0x080005d2   Section        0  llshl.o(.text)
    .text                                    0x080005f0   Section        0  llushr.o(.text)
    .text                                    0x08000610   Section        0  llsshr.o(.text)
    .text                                    0x08000634   Section        0  iusefp.o(.text)
    .text                                    0x08000634   Section        0  fepilogue.o(.text)
    .text                                    0x080006a2   Section        0  depilogue.o(.text)
    .text                                    0x0800075c   Section       36  init.o(.text)
    i.BusFault_Handler                       0x08000780   Section        0  stm32f4xx_it.o(i.BusFault_Handler)
    i.DebugMon_Handler                       0x08000784   Section        0  stm32f4xx_it.o(i.DebugMon_Handler)
    i.EXTI0_IRQHandler                       0x08000788   Section        0  stm32f4xx_it.o(i.EXTI0_IRQHandler)
    i.Error_Handler                          0x0800079c   Section        0  supporting_functions.o(i.Error_Handler)
    i.HAL_GPIO_DeInit                        0x0800091c   Section        0  stm32f4xx_hal_gpio.o(i.HAL_GPIO_DeInit)
    i.HAL_GPIO_EXTI_Callback                 0x08000a90   Section        0  stm32f4xx_hal_gpio.o(i.HAL_GPIO_EXTI_Callback)
    i.HAL_GPIO_EXTI_IRQHandler               0x08000a9c   Section        0  stm32f4xx_hal_gpio.o(i.HAL_GPIO_EXTI_IRQHandler)
    i.HAL_GPIO_Init                          0x08000ab8   Section        0  stm32f4xx_hal_gpio.o(i.HAL_GPIO_Init)
    i.HAL_GPIO_ReadPin                       0x08000cc4   Section        0  stm32f4xx_hal_gpio.o(i.HAL_GPIO_ReadPin)
    i.HAL_GPIO_WritePin                      0x08000cd4   Section        0  stm32f4xx_hal_gpio.o(i.HAL_GPIO_WritePin)
    i.HAL_GetTick                            0x08000ce0   Section        0  stm32f4xx_hal.o(i.HAL_GetTick)
    i.HAL_IncTick                            0x08000cec   Section        0  stm32f4xx_hal.o(i.HAL_IncTick)
    i.HAL_Init                               0x08000cfc   Section        0  stm32f4xx_hal.o(i.HAL_Init)
    i.HAL_InitTick                           0x08000d38   Section        0  stm32f4xx_hal.o(i.HAL_InitTick)
    i.HAL_MspInit                            0x08000d5c   Section        0  stm32f4xx_hal.o(i.HAL_MspInit)
    i.HAL_NVIC_EnableIRQ                     0x08000d66   Section        0  stm32f4xx_hal_cortex.o(i.HAL_NVIC_EnableIRQ)
    i.HAL_NVIC_SetPriority                   0x08000d86   Section        0  stm32f4xx_hal_cortex.o(i.HAL_NVIC_SetPriority)
    i.HAL_NVIC_SetPriorityGrouping           0x08000e04   Section        0  stm32f4xx_hal_cortex.o(i.HAL_NVIC_SetPriorityGrouping)
    i.HAL_RCC_ClockConfig                    0x08000e2c   Section        0  stm32f4xx_hal_rcc.o(i.HAL_RCC_ClockConfig)
    i.HAL_RCC_GetHCLKFreq                    0x080010dc   Section        0  stm32f4xx_hal_rcc.o(i.HAL_RCC_GetHCLKFreq)
    i.HAL_RCC_GetSysClockFreq                0x08001114   Section        0  stm32f4xx_hal_rcc.o(i.HAL_RCC_GetSysClockFreq)
    i.HAL_RCC_OscConfig                      0x080011c8   Section        0  stm32f4xx_hal_rcc.o(i.HAL_RCC_OscConfig)
    i.HAL_SPI_DeInit                         0x080015d0   Section        0  stm32f4xx_hal_spi.o(i.HAL_SPI_DeInit)
    i.HAL_SPI_Init                           0x08001600   Section        0  stm32f4xx_hal_spi.o(i.HAL_SPI_Init)
    i.HAL_SPI_MspDeInit                      0x08001688   Section        0  stm32f4xx_hal_spi.o(i.HAL_SPI_MspDeInit)
    i.HAL_SPI_MspInit                        0x0800168c   Section        0  lis3dsh.o(i.HAL_SPI_MspInit)
    i.HAL_SYSTICK_CLKSourceConfig            0x08001778   Section        0  stm32f4xx_hal_cortex.o(i.HAL_SYSTICK_CLKSourceConfig)
    i.HAL_SYSTICK_Callback                   0x080017a0   Section        0  stm32f4xx_hal_cortex.o(i.HAL_SYSTICK_Callback)
    i.HAL_SYSTICK_Config                     0x080017aa   Section        0  stm32f4xx_hal_cortex.o(i.HAL_SYSTICK_Config)
    i.HAL_SYSTICK_IRQHandler                 0x080017de   Section        0  stm32f4xx_hal_cortex.o(i.HAL_SYSTICK_IRQHandler)
    i.HAL_TIM_PWM_ConfigChannel              0x080017e6   Section        0  stm32f4xx_hal_tim.o(i.HAL_TIM_PWM_ConfigChannel)
    i.HAL_TIM_PWM_Init                       0x080018ee   Section        0  stm32f4xx_hal_tim.o(i.HAL_TIM_PWM_Init)
    i.HAL_TIM_PWM_MspInit                    0x08001922   Section        0  stm32f4xx_hal_tim.o(i.HAL_TIM_PWM_MspInit)
    i.HAL_TIM_PWM_Start                      0x08001924   Section        0  stm32f4xx_hal_tim.o(i.HAL_TIM_PWM_Start)
    i.HAL_TIM_PWM_Stop                       0x08001970   Section        0  stm32f4xx_hal_tim.o(i.HAL_TIM_PWM_Stop)
    i.HardFault_Handler                      0x080019f8   Section        0  stm32f4xx_it.o(i.HardFault_Handler)
    i.LIS3DSH_DataReadyInterruptConfig       0x080019fc   Section        0  lis3dsh.o(i.LIS3DSH_DataReadyInterruptConfig)
    i.LIS3DSH_Init                           0x08001a28   Section        0  lis3dsh.o(i.LIS3DSH_Init)
    i.LIS3DSH_Read                           0x08001b04   Section        0  lis3dsh.o(i.LIS3DSH_Read)
    i.LIS3DSH_ReadACC                        0x08001b50   Section        0  lis3dsh.o(i.LIS3DSH_ReadACC)
    i.LIS3DSH_SendByte                       0x08001d94   Section        0  lis3dsh.o(i.LIS3DSH_SendByte)
    LIS3DSH_SendByte                         0x08001d95   Thumb Code   108  lis3dsh.o(i.LIS3DSH_SendByte)
    i.LIS3DSH_TIMEOUT_UserCallback           0x08001e08   Section        0  lis3dsh.o(i.LIS3DSH_TIMEOUT_UserCallback)
    i.LIS3DSH_Write                          0x08001e0c   Section        0  lis3dsh.o(i.LIS3DSH_Write)
    i.MemManage_Handler                      0x08001e50   Section        0  stm32f4xx_it.o(i.MemManage_Handler)
    i.NMI_Handler                            0x08001e54   Section        0  stm32f4xx_it.o(i.NMI_Handler)
    i.PendSV_Handler                         0x08001e56   Section        0  stm32f4xx_it.o(i.PendSV_Handler)
    i.SPI_ReceiveData                        0x08001e58   Section        0  lis3dsh.o(i.SPI_ReceiveData)
    i.SPI_SendData                           0x08001e62   Section        0  lis3dsh.o(i.SPI_SendData)
    i.SVC_Handler                            0x08001e68   Section        0  stm32f4xx_it.o(i.SVC_Handler)
    i.SysTick_Handler                        0x08001e6c   Section        0  stm32f4xx_it.o(i.SysTick_Handler)
    i.SystemClock_Config                     0x08001e84   Section        0  main.o(i.SystemClock_Config)
    i.SystemInit                             0x08001f4c   Section        0  system_stm32f4xx.o(i.SystemInit)
    i.TIM_Base_SetConfig                     0x08001fb0   Section        0  stm32f4xx_hal_tim.o(i.TIM_Base_SetConfig)
    i.TIM_CCxChannelCmd                      0x08002094   Section        0  stm32f4xx_hal_tim.o(i.TIM_CCxChannelCmd)
    i.TIM_OC1_SetConfig                      0x080020b0   Section        0  stm32f4xx_hal_tim.o(i.TIM_OC1_SetConfig)
    TIM_OC1_SetConfig                        0x080020b1   Thumb Code   102  stm32f4xx_hal_tim.o(i.TIM_OC1_SetConfig)
    i.TIM_OC2_SetConfig                      0x08002120   Section        0  stm32f4xx_hal_tim.o(i.TIM_OC2_SetConfig)
    i.TIM_OC3_SetConfig                      0x08002198   Section        0  stm32f4xx_hal_tim.o(i.TIM_OC3_SetConfig)
    TIM_OC3_SetConfig                        0x08002199   Thumb Code   110  stm32f4xx_hal_tim.o(i.TIM_OC3_SetConfig)
    i.TIM_OC4_SetConfig                      0x08002210   Section        0  stm32f4xx_hal_tim.o(i.TIM_OC4_SetConfig)
    TIM_OC4_SetConfig                        0x08002211   Thumb Code    88  stm32f4xx_hal_tim.o(i.TIM_OC4_SetConfig)
    i.UsageFault_Handler                     0x08002270   Section        0  stm32f4xx_it.o(i.UsageFault_Handler)
    i.__0printf$1                            0x08002274   Section        0  printf1.o(i.__0printf$1)
    i.__ARM_fpclassifyf                      0x08002294   Section        0  fpclassifyf.o(i.__ARM_fpclassifyf)
    i.__NVIC_GetPriorityGrouping             0x080022bc   Section        0  stm32f4xx_hal_cortex.o(i.__NVIC_GetPriorityGrouping)
    __NVIC_GetPriorityGrouping               0x080022bd   Thumb Code    10  stm32f4xx_hal_cortex.o(i.__NVIC_GetPriorityGrouping)
    i.__NVIC_SetPriority                     0x080022cc   Section        0  stm32f4xx_hal_cortex.o(i.__NVIC_SetPriority)
    __NVIC_SetPriority                       0x080022cd   Thumb Code    32  stm32f4xx_hal_cortex.o(i.__NVIC_SetPriority)
    i.__hardfp_atan2f                        0x080022f4   Section        0  atan2f.o(i.__hardfp_atan2f)
    i.__hardfp_sqrtf                         0x08002544   Section        0  sqrtf.o(i.__hardfp_sqrtf)
    i.__mathlib_flt_infnan2                  0x0800257e   Section        0  funder.o(i.__mathlib_flt_infnan2)
    i.__mathlib_flt_underflow                0x08002584   Section        0  funder.o(i.__mathlib_flt_underflow)
    i.__scatterload_copy                     0x08002594   Section       14  handlers.o(i.__scatterload_copy)
    i.__scatterload_null                     0x080025a2   Section        2  handlers.o(i.__scatterload_null)
    i.__scatterload_zeroinit                 0x080025a4   Section       14  handlers.o(i.__scatterload_zeroinit)
    i.__set_errno                            0x080025b4   Section        0  errno.o(i.__set_errno)
    i._printf_core                           0x080025c0   Section        0  printf1.o(i._printf_core)
    _printf_core                             0x080025c1   Thumb Code   336  printf1.o(i._printf_core)
    i.calibration_accel                      0x08002714   Section        0  accelerometer.o(i.calibration_accel)
    i.change_pulse                           0x080027d0   Section        0  timer.o(i.change_pulse)
    i.deinitialize_GPIO_button               0x0800283c   Section        0  gpio.o(i.deinitialize_GPIO_button)
    i.fputc                                  0x0800284c   Section        0  fput_debug.o(i.fputc)
    i.get_column                             0x08002884   Section        0  keypad.o(i.get_column)
    i.get_key                                0x080028c4   Section        0  keypad.o(i.get_key)
    i.get_row                                0x080028f8   Section        0  keypad.o(i.get_row)
    i.initialize_GPIO_led_lights             0x08002948   Section        0  gpio.o(i.initialize_GPIO_led_lights)
    i.initialize_accel                       0x080029bc   Section        0  accelerometer.o(i.initialize_accel)
    i.initialize_timer                       0x08002a54   Section        0  timer.o(i.initialize_timer)
    i.interpret_key                          0x08002b00   Section        0  keypad.o(i.interpret_key)
    i.main                                   0x08002bc4   Section        0  main.o(i.main)
    i.pitch_tilt_angle                       0x08002da8   Section        0  accelerometer.o(i.pitch_tilt_angle)
    i.reading_accel_values                   0x08002e48   Section        0  accelerometer.o(i.reading_accel_values)
    i.reset_key                              0x08002e54   Section        0  keypad.o(i.reset_key)
    i.roll_tilt_angle                        0x08002e8c   Section        0  accelerometer.o(i.roll_tilt_angle)
    i.set_keypad_column                      0x08002f2c   Section        0  keypad.o(i.set_keypad_column)
    i.set_keypad_row                         0x08002fb8   Section        0  keypad.o(i.set_keypad_row)
    i.turn_off_led                           0x08003044   Section        0  timer.o(i.turn_off_led)
    .constdata                               0x08003058   Section       48  keypad.o(.constdata)
    .constdata                               0x08003088   Section       48  accelerometer.o(.constdata)
    .constdata                               0x080030b8   Section       16  stm32f4xx_hal_rcc.o(.constdata)
    .data                                    0x20000000   Section       52  main.o(.data)
    .data                                    0x20000034   Section        9  accelerometer.o(.data)
    .data                                    0x20000040   Section        4  lis3dsh.o(.data)
    .data                                    0x20000044   Section        4  stm32f4xx_hal.o(.data)
    uwTick                                   0x20000044   Data           4  stm32f4xx_hal.o(.data)
    .data                                    0x20000048   Section        4  system_stm32f4xx.o(.data)
    .data                                    0x2000004c   Section        4  stdout.o(.data)
    .data                                    0x20000050   Section        4  errno.o(.data)
    _errno                                   0x20000050   Data           4  errno.o(.data)
    .bss                                     0x20000054   Section       12  main.o(.bss)
    .bss                                     0x20000060   Section       88  timer.o(.bss)
    .bss                                     0x200000b8   Section       40  keypad.o(.bss)
    .bss                                     0x200000e0   Section       88  lis3dsh.o(.bss)
    STACK                                    0x20000138   Section     1024  startup_stm32f407xx.o(STACK)

    Global Symbols

    Symbol Name                              Value     Ov Type        Size  Object(Section)

    BuildAttributes$$THM_ISAv4$E$P$D$K$B$S$7EM$VFPi3$EXTD16$VFPS$VFMA$PE$A:L22UL41UL21$X:L11$S22US41US21$IEEE1$IW$USESV6$~STKCKD$USESV7$~SHL$OTIME$ROPI$IEEEX$EBA8$MICROLIB$REQ8$PRES8$EABIv2 0x00000000   Number         0  anon$$obj.o ABSOLUTE
    __ARM_use_no_argv                        0x00000000   Number         0  main.o ABSOLUTE
    _printf_a                                0x00000000   Number         0  stubs.o ABSOLUTE
    _printf_c                                0x00000000   Number         0  stubs.o ABSOLUTE
    _printf_charcount                        0x00000000   Number         0  stubs.o ABSOLUTE
    _printf_d                                0x00000000   Number         0  stubs.o ABSOLUTE
    _printf_e                                0x00000000   Number         0  stubs.o ABSOLUTE
    _printf_f                                0x00000000   Number         0  stubs.o ABSOLUTE
    _printf_flags                            0x00000000   Number         0  stubs.o ABSOLUTE
    _printf_fp_dec                           0x00000000   Number         0  stubs.o ABSOLUTE
    _printf_fp_hex                           0x00000000   Number         0  stubs.o ABSOLUTE
    _printf_g                                0x00000000   Number         0  stubs.o ABSOLUTE
    _printf_i                                0x00000000   Number         0  stubs.o ABSOLUTE
    _printf_int_dec                          0x00000000   Number         0  stubs.o ABSOLUTE
    _printf_l                                0x00000000   Number         0  stubs.o ABSOLUTE
    _printf_lc                               0x00000000   Number         0  stubs.o ABSOLUTE
    _printf_ll                               0x00000000   Number         0  stubs.o ABSOLUTE
    _printf_lld                              0x00000000   Number         0  stubs.o ABSOLUTE
    _printf_lli                              0x00000000   Number         0  stubs.o ABSOLUTE
    _printf_llo                              0x00000000   Number         0  stubs.o ABSOLUTE
    _printf_llu                              0x00000000   Number         0  stubs.o ABSOLUTE
    _printf_llx                              0x00000000   Number         0  stubs.o ABSOLUTE
    _printf_longlong_dec                     0x00000000   Number         0  stubs.o ABSOLUTE
    _printf_longlong_hex                     0x00000000   Number         0  stubs.o ABSOLUTE
    _printf_longlong_oct                     0x00000000   Number         0  stubs.o ABSOLUTE
    _printf_ls                               0x00000000   Number         0  stubs.o ABSOLUTE
    _printf_mbtowc                           0x00000000   Number         0  stubs.o ABSOLUTE
    _printf_n                                0x00000000   Number         0  stubs.o ABSOLUTE
    _printf_o                                0x00000000   Number         0  stubs.o ABSOLUTE
    _printf_p                                0x00000000   Number         0  stubs.o ABSOLUTE
    _printf_percent                          0x00000000   Number         0  stubs.o ABSOLUTE
    _printf_pre_padding                      0x00000000   Number         0  stubs.o ABSOLUTE
    _printf_return_value                     0x00000000   Number         0  stubs.o ABSOLUTE
    _printf_s                                0x00000000   Number         0  stubs.o ABSOLUTE
    _printf_sizespec                         0x00000000   Number         0  stubs.o ABSOLUTE
    _printf_str                              0x00000000   Number         0  stubs.o ABSOLUTE
    _printf_truncate_signed                  0x00000000   Number         0  stubs.o ABSOLUTE
    _printf_truncate_unsigned                0x00000000   Number         0  stubs.o ABSOLUTE
    _printf_u                                0x00000000   Number         0  stubs.o ABSOLUTE
    _printf_wc                               0x00000000   Number         0  stubs.o ABSOLUTE
    _printf_wctomb                           0x00000000   Number         0  stubs.o ABSOLUTE
    _printf_widthprec                        0x00000000   Number         0  stubs.o ABSOLUTE
    _printf_x                                0x00000000   Number         0  stubs.o ABSOLUTE
    __cpp_initialize__aeabi_                  - Undefined Weak Reference
    __cxa_finalize                            - Undefined Weak Reference
    __decompress                              - Undefined Weak Reference
    _clock_init                               - Undefined Weak Reference
    _microlib_exit                            - Undefined Weak Reference
    __Vectors_Size                           0x00000188   Number         0  startup_stm32f407xx.o ABSOLUTE
    __Vectors                                0x08000000   Data           4  startup_stm32f407xx.o(RESET)
    __Vectors_End                            0x08000188   Data           0  startup_stm32f407xx.o(RESET)
    __main                                   0x08000189   Thumb Code     0  entry.o(.ARM.Collect$$$$00000000)
    _main_stk                                0x08000189   Thumb Code     0  entry2.o(.ARM.Collect$$$$00000001)
    _main_scatterload                        0x0800018d   Thumb Code     0  entry5.o(.ARM.Collect$$$$00000004)
    __main_after_scatterload                 0x08000191   Thumb Code     0  entry5.o(.ARM.Collect$$$$00000004)
    _main_clock                              0x08000191   Thumb Code     0  entry7b.o(.ARM.Collect$$$$00000008)
    _main_cpp_init                           0x08000191   Thumb Code     0  entry8b.o(.ARM.Collect$$$$0000000A)
    _main_init                               0x08000191   Thumb Code     0  entry9a.o(.ARM.Collect$$$$0000000B)
    __rt_final_cpp                           0x08000199   Thumb Code     0  entry10a.o(.ARM.Collect$$$$0000000D)
    __rt_final_exit                          0x08000199   Thumb Code     0  entry11a.o(.ARM.Collect$$$$0000000F)
    Reset_Handler                            0x0800019d   Thumb Code     8  startup_stm32f407xx.o(.text)
    ADC_IRQHandler                           0x080001b7   Thumb Code     0  startup_stm32f407xx.o(.text)
    CAN1_RX0_IRQHandler                      0x080001b7   Thumb Code     0  startup_stm32f407xx.o(.text)
    CAN1_RX1_IRQHandler                      0x080001b7   Thumb Code     0  startup_stm32f407xx.o(.text)
    CAN1_SCE_IRQHandler                      0x080001b7   Thumb Code     0  startup_stm32f407xx.o(.text)
    CAN1_TX_IRQHandler                       0x080001b7   Thumb Code     0  startup_stm32f407xx.o(.text)
    CAN2_RX0_IRQHandler                      0x080001b7   Thumb Code     0  startup_stm32f407xx.o(.text)
    CAN2_RX1_IRQHandler                      0x080001b7   Thumb Code     0  startup_stm32f407xx.o(.text)
    CAN2_SCE_IRQHandler                      0x080001b7   Thumb Code     0  startup_stm32f407xx.o(.text)
    CAN2_TX_IRQHandler                       0x080001b7   Thumb Code     0  startup_stm32f407xx.o(.text)
    DCMI_IRQHandler                          0x080001b7   Thumb Code     0  startup_stm32f407xx.o(.text)
    DMA1_Stream0_IRQHandler                  0x080001b7   Thumb Code     0  startup_stm32f407xx.o(.text)
    DMA1_Stream1_IRQHandler                  0x080001b7   Thumb Code     0  startup_stm32f407xx.o(.text)
    DMA1_Stream2_IRQHandler                  0x080001b7   Thumb Code     0  startup_stm32f407xx.o(.text)
    DMA1_Stream3_IRQHandler                  0x080001b7   Thumb Code     0  startup_stm32f407xx.o(.text)
    DMA1_Stream4_IRQHandler                  0x080001b7   Thumb Code     0  startup_stm32f407xx.o(.text)
    DMA1_Stream5_IRQHandler                  0x080001b7   Thumb Code     0  startup_stm32f407xx.o(.text)
    DMA1_Stream6_IRQHandler                  0x080001b7   Thumb Code     0  startup_stm32f407xx.o(.text)
    DMA1_Stream7_IRQHandler                  0x080001b7   Thumb Code     0  startup_stm32f407xx.o(.text)
    DMA2_Stream0_IRQHandler                  0x080001b7   Thumb Code     0  startup_stm32f407xx.o(.text)
    DMA2_Stream1_IRQHandler                  0x080001b7   Thumb Code     0  startup_stm32f407xx.o(.text)
    DMA2_Stream2_IRQHandler                  0x080001b7   Thumb Code     0  startup_stm32f407xx.o(.text)
    DMA2_Stream3_IRQHandler                  0x080001b7   Thumb Code     0  startup_stm32f407xx.o(.text)
    DMA2_Stream4_IRQHandler                  0x080001b7   Thumb Code     0  startup_stm32f407xx.o(.text)
    DMA2_Stream5_IRQHandler                  0x080001b7   Thumb Code     0  startup_stm32f407xx.o(.text)
    DMA2_Stream6_IRQHandler                  0x080001b7   Thumb Code     0  startup_stm32f407xx.o(.text)
    DMA2_Stream7_IRQHandler                  0x080001b7   Thumb Code     0  startup_stm32f407xx.o(.text)
    ETH_IRQHandler                           0x080001b7   Thumb Code     0  startup_stm32f407xx.o(.text)
    ETH_WKUP_IRQHandler                      0x080001b7   Thumb Code     0  startup_stm32f407xx.o(.text)
    EXTI15_10_IRQHandler                     0x080001b7   Thumb Code     0  startup_stm32f407xx.o(.text)
    EXTI1_IRQHandler                         0x080001b7   Thumb Code     0  startup_stm32f407xx.o(.text)
    EXTI2_IRQHandler                         0x080001b7   Thumb Code     0  startup_stm32f407xx.o(.text)
    EXTI3_IRQHandler                         0x080001b7   Thumb Code     0  startup_stm32f407xx.o(.text)
    EXTI4_IRQHandler                         0x080001b7   Thumb Code     0  startup_stm32f407xx.o(.text)
    EXTI9_5_IRQHandler                       0x080001b7   Thumb Code     0  startup_stm32f407xx.o(.text)
    FLASH_IRQHandler                         0x080001b7   Thumb Code     0  startup_stm32f407xx.o(.text)
    FMC_IRQHandler                           0x080001b7   Thumb Code     0  startup_stm32f407xx.o(.text)
    FPU_IRQHandler                           0x080001b7   Thumb Code     0  startup_stm32f407xx.o(.text)
    HASH_RNG_IRQHandler                      0x080001b7   Thumb Code     0  startup_stm32f407xx.o(.text)
    I2C1_ER_IRQHandler                       0x080001b7   Thumb Code     0  startup_stm32f407xx.o(.text)
    I2C1_EV_IRQHandler                       0x080001b7   Thumb Code     0  startup_stm32f407xx.o(.text)
    I2C2_ER_IRQHandler                       0x080001b7   Thumb Code     0  startup_stm32f407xx.o(.text)
    I2C2_EV_IRQHandler                       0x080001b7   Thumb Code     0  startup_stm32f407xx.o(.text)
    I2C3_ER_IRQHandler                       0x080001b7   Thumb Code     0  startup_stm32f407xx.o(.text)
    I2C3_EV_IRQHandler                       0x080001b7   Thumb Code     0  startup_stm32f407xx.o(.text)
    OTG_FS_IRQHandler                        0x080001b7   Thumb Code     0  startup_stm32f407xx.o(.text)
    OTG_FS_WKUP_IRQHandler                   0x080001b7   Thumb Code     0  startup_stm32f407xx.o(.text)
    OTG_HS_EP1_IN_IRQHandler                 0x080001b7   Thumb Code     0  startup_stm32f407xx.o(.text)
    OTG_HS_EP1_OUT_IRQHandler                0x080001b7   Thumb Code     0  startup_stm32f407xx.o(.text)
    OTG_HS_IRQHandler                        0x080001b7   Thumb Code     0  startup_stm32f407xx.o(.text)
    OTG_HS_WKUP_IRQHandler                   0x080001b7   Thumb Code     0  startup_stm32f407xx.o(.text)
    PVD_IRQHandler                           0x080001b7   Thumb Code     0  startup_stm32f407xx.o(.text)
    RCC_IRQHandler                           0x080001b7   Thumb Code     0  startup_stm32f407xx.o(.text)
    RTC_Alarm_IRQHandler                     0x080001b7   Thumb Code     0  startup_stm32f407xx.o(.text)
    RTC_WKUP_IRQHandler                      0x080001b7   Thumb Code     0  startup_stm32f407xx.o(.text)
    SDIO_IRQHandler                          0x080001b7   Thumb Code     0  startup_stm32f407xx.o(.text)
    SPI1_IRQHandler                          0x080001b7   Thumb Code     0  startup_stm32f407xx.o(.text)
    SPI2_IRQHandler                          0x080001b7   Thumb Code     0  startup_stm32f407xx.o(.text)
    SPI3_IRQHandler                          0x080001b7   Thumb Code     0  startup_stm32f407xx.o(.text)
    TAMP_STAMP_IRQHandler                    0x080001b7   Thumb Code     0  startup_stm32f407xx.o(.text)
    TIM1_BRK_TIM9_IRQHandler                 0x080001b7   Thumb Code     0  startup_stm32f407xx.o(.text)
    TIM1_CC_IRQHandler                       0x080001b7   Thumb Code     0  startup_stm32f407xx.o(.text)
    TIM1_TRG_COM_TIM11_IRQHandler            0x080001b7   Thumb Code     0  startup_stm32f407xx.o(.text)
    TIM1_UP_TIM10_IRQHandler                 0x080001b7   Thumb Code     0  startup_stm32f407xx.o(.text)
    TIM2_IRQHandler                          0x080001b7   Thumb Code     0  startup_stm32f407xx.o(.text)
    TIM3_IRQHandler                          0x080001b7   Thumb Code     0  startup_stm32f407xx.o(.text)
    TIM4_IRQHandler                          0x080001b7   Thumb Code     0  startup_stm32f407xx.o(.text)
    TIM5_IRQHandler                          0x080001b7   Thumb Code     0  startup_stm32f407xx.o(.text)
    TIM6_DAC_IRQHandler                      0x080001b7   Thumb Code     0  startup_stm32f407xx.o(.text)
    TIM7_IRQHandler                          0x080001b7   Thumb Code     0  startup_stm32f407xx.o(.text)
    TIM8_BRK_TIM12_IRQHandler                0x080001b7   Thumb Code     0  startup_stm32f407xx.o(.text)
    TIM8_CC_IRQHandler                       0x080001b7   Thumb Code     0  startup_stm32f407xx.o(.text)
    TIM8_TRG_COM_TIM14_IRQHandler            0x080001b7   Thumb Code     0  startup_stm32f407xx.o(.text)
    TIM8_UP_TIM13_IRQHandler                 0x080001b7   Thumb Code     0  startup_stm32f407xx.o(.text)
    UART4_IRQHandler                         0x080001b7   Thumb Code     0  startup_stm32f407xx.o(.text)
    UART5_IRQHandler                         0x080001b7   Thumb Code     0  startup_stm32f407xx.o(.text)
    USART1_IRQHandler                        0x080001b7   Thumb Code     0  startup_stm32f407xx.o(.text)
    USART2_IRQHandler                        0x080001b7   Thumb Code     0  startup_stm32f407xx.o(.text)
    USART3_IRQHandler                        0x080001b7   Thumb Code     0  startup_stm32f407xx.o(.text)
    USART6_IRQHandler                        0x080001b7   Thumb Code     0  startup_stm32f407xx.o(.text)
    WWDG_IRQHandler                          0x080001b7   Thumb Code     0  startup_stm32f407xx.o(.text)
    __aeabi_memcpy                           0x080001c1   Thumb Code    36  memcpya.o(.text)
    __aeabi_memcpy4                          0x080001c1   Thumb Code     0  memcpya.o(.text)
    __aeabi_memcpy8                          0x080001c1   Thumb Code     0  memcpya.o(.text)
    __aeabi_dadd                             0x080001e5   Thumb Code   322  dadd.o(.text)
    __aeabi_dsub                             0x08000327   Thumb Code     6  dadd.o(.text)
    __aeabi_drsub                            0x0800032d   Thumb Code     6  dadd.o(.text)
    __aeabi_dmul                             0x08000333   Thumb Code   228  dmul.o(.text)
    __aeabi_ddiv                             0x08000417   Thumb Code   222  ddiv.o(.text)
    __aeabi_i2d                              0x080004f5   Thumb Code    34  dflti.o(.text)
    __aeabi_d2uiz                            0x08000517   Thumb Code    50  dfixui.o(.text)
    __aeabi_f2d                              0x08000549   Thumb Code    38  f2d.o(.text)
    __aeabi_d2f                              0x0800056f   Thumb Code    56  d2f.o(.text)
    __aeabi_uidiv                            0x080005a7   Thumb Code     0  uidiv.o(.text)
    __aeabi_uidivmod                         0x080005a7   Thumb Code    44  uidiv.o(.text)
    __aeabi_llsl                             0x080005d3   Thumb Code    30  llshl.o(.text)
    _ll_shift_l                              0x080005d3   Thumb Code     0  llshl.o(.text)
    __aeabi_llsr                             0x080005f1   Thumb Code    32  llushr.o(.text)
    _ll_ushift_r                             0x080005f1   Thumb Code     0  llushr.o(.text)
    __aeabi_lasr                             0x08000611   Thumb Code    36  llsshr.o(.text)
    _ll_sshift_r                             0x08000611   Thumb Code     0  llsshr.o(.text)
    __I$use$fp                               0x08000635   Thumb Code     0  iusefp.o(.text)
    _float_round                             0x08000635   Thumb Code    18  fepilogue.o(.text)
    _float_epilogue                          0x08000647   Thumb Code    92  fepilogue.o(.text)
    _double_round                            0x080006a3   Thumb Code    30  depilogue.o(.text)
    _double_epilogue                         0x080006c1   Thumb Code   156  depilogue.o(.text)
    __scatterload                            0x0800075d   Thumb Code    28  init.o(.text)
    __scatterload_rt2                        0x0800075d   Thumb Code     0  init.o(.text)
    BusFault_Handler                         0x08000781   Thumb Code     4  stm32f4xx_it.o(i.BusFault_Handler)
    DebugMon_Handler                         0x08000785   Thumb Code     2  stm32f4xx_it.o(i.DebugMon_Handler)
    EXTI0_IRQHandler                         0x08000789   Thumb Code    16  stm32f4xx_it.o(i.EXTI0_IRQHandler)
    Error_Handler                            0x0800079d   Thumb Code    78  supporting_functions.o(i.Error_Handler)
    HAL_GPIO_DeInit                          0x0800091d   Thumb Code   326  stm32f4xx_hal_gpio.o(i.HAL_GPIO_DeInit)
    HAL_GPIO_EXTI_Callback                   0x08000a91   Thumb Code    10  stm32f4xx_hal_gpio.o(i.HAL_GPIO_EXTI_Callback)
    HAL_GPIO_EXTI_IRQHandler                 0x08000a9d   Thumb Code    24  stm32f4xx_hal_gpio.o(i.HAL_GPIO_EXTI_IRQHandler)
    HAL_GPIO_Init                            0x08000ab9   Thumb Code   476  stm32f4xx_hal_gpio.o(i.HAL_GPIO_Init)
    HAL_GPIO_ReadPin                         0x08000cc5   Thumb Code    16  stm32f4xx_hal_gpio.o(i.HAL_GPIO_ReadPin)
    HAL_GPIO_WritePin                        0x08000cd5   Thumb Code    12  stm32f4xx_hal_gpio.o(i.HAL_GPIO_WritePin)
    HAL_GetTick                              0x08000ce1   Thumb Code     6  stm32f4xx_hal.o(i.HAL_GetTick)
    HAL_IncTick                              0x08000ced   Thumb Code    12  stm32f4xx_hal.o(i.HAL_IncTick)
    HAL_Init                                 0x08000cfd   Thumb Code    54  stm32f4xx_hal.o(i.HAL_Init)
    HAL_InitTick                             0x08000d39   Thumb Code    36  stm32f4xx_hal.o(i.HAL_InitTick)
    HAL_MspInit                              0x08000d5d   Thumb Code    10  stm32f4xx_hal.o(i.HAL_MspInit)
    HAL_NVIC_EnableIRQ                       0x08000d67   Thumb Code    32  stm32f4xx_hal_cortex.o(i.HAL_NVIC_EnableIRQ)
    HAL_NVIC_SetPriority                     0x08000d87   Thumb Code   124  stm32f4xx_hal_cortex.o(i.HAL_NVIC_SetPriority)
    HAL_NVIC_SetPriorityGrouping             0x08000e05   Thumb Code    32  stm32f4xx_hal_cortex.o(i.HAL_NVIC_SetPriorityGrouping)
    HAL_RCC_ClockConfig                      0x08000e2d   Thumb Code   680  stm32f4xx_hal_rcc.o(i.HAL_RCC_ClockConfig)
    HAL_RCC_GetHCLKFreq                      0x080010dd   Thumb Code    42  stm32f4xx_hal_rcc.o(i.HAL_RCC_GetHCLKFreq)
    HAL_RCC_GetSysClockFreq                  0x08001115   Thumb Code   168  stm32f4xx_hal_rcc.o(i.HAL_RCC_GetSysClockFreq)
    HAL_RCC_OscConfig                        0x080011c9   Thumb Code  1032  stm32f4xx_hal_rcc.o(i.HAL_RCC_OscConfig)
    HAL_SPI_DeInit                           0x080015d1   Thumb Code    48  stm32f4xx_hal_spi.o(i.HAL_SPI_DeInit)
    HAL_SPI_Init                             0x08001601   Thumb Code   136  stm32f4xx_hal_spi.o(i.HAL_SPI_Init)
    HAL_SPI_MspDeInit                        0x08001689   Thumb Code     2  stm32f4xx_hal_spi.o(i.HAL_SPI_MspDeInit)
    HAL_SPI_MspInit                          0x0800168d   Thumb Code   218  lis3dsh.o(i.HAL_SPI_MspInit)
    HAL_SYSTICK_CLKSourceConfig              0x08001779   Thumb Code    40  stm32f4xx_hal_cortex.o(i.HAL_SYSTICK_CLKSourceConfig)
    HAL_SYSTICK_Callback                     0x080017a1   Thumb Code    10  stm32f4xx_hal_cortex.o(i.HAL_SYSTICK_Callback)
    HAL_SYSTICK_Config                       0x080017ab   Thumb Code    52  stm32f4xx_hal_cortex.o(i.HAL_SYSTICK_Config)
    HAL_SYSTICK_IRQHandler                   0x080017df   Thumb Code     8  stm32f4xx_hal_cortex.o(i.HAL_SYSTICK_IRQHandler)
    HAL_TIM_PWM_ConfigChannel                0x080017e7   Thumb Code   264  stm32f4xx_hal_tim.o(i.HAL_TIM_PWM_ConfigChannel)
    HAL_TIM_PWM_Init                         0x080018ef   Thumb Code    52  stm32f4xx_hal_tim.o(i.HAL_TIM_PWM_Init)
    HAL_TIM_PWM_MspInit                      0x08001923   Thumb Code     2  stm32f4xx_hal_tim.o(i.HAL_TIM_PWM_MspInit)
    HAL_TIM_PWM_Start                        0x08001925   Thumb Code    68  stm32f4xx_hal_tim.o(i.HAL_TIM_PWM_Start)
    HAL_TIM_PWM_Stop                         0x08001971   Thumb Code   126  stm32f4xx_hal_tim.o(i.HAL_TIM_PWM_Stop)
    HardFault_Handler                        0x080019f9   Thumb Code     4  stm32f4xx_it.o(i.HardFault_Handler)
    LIS3DSH_DataReadyInterruptConfig         0x080019fd   Thumb Code    42  lis3dsh.o(i.LIS3DSH_DataReadyInterruptConfig)
    LIS3DSH_Init                             0x08001a29   Thumb Code   170  lis3dsh.o(i.LIS3DSH_Init)
    LIS3DSH_Read                             0x08001b05   Thumb Code    70  lis3dsh.o(i.LIS3DSH_Read)
    LIS3DSH_ReadACC                          0x08001b51   Thumb Code   538  lis3dsh.o(i.LIS3DSH_ReadACC)
    LIS3DSH_TIMEOUT_UserCallback             0x08001e09   Thumb Code     4  lis3dsh.o(i.LIS3DSH_TIMEOUT_UserCallback)
    LIS3DSH_Write                            0x08001e0d   Thumb Code    62  lis3dsh.o(i.LIS3DSH_Write)
    MemManage_Handler                        0x08001e51   Thumb Code     4  stm32f4xx_it.o(i.MemManage_Handler)
    NMI_Handler                              0x08001e55   Thumb Code     2  stm32f4xx_it.o(i.NMI_Handler)
    PendSV_Handler                           0x08001e57   Thumb Code     2  stm32f4xx_it.o(i.PendSV_Handler)
    SPI_ReceiveData                          0x08001e59   Thumb Code    10  lis3dsh.o(i.SPI_ReceiveData)
    SPI_SendData                             0x08001e63   Thumb Code     6  lis3dsh.o(i.SPI_SendData)
    SVC_Handler                              0x08001e69   Thumb Code     2  stm32f4xx_it.o(i.SVC_Handler)
    SysTick_Handler                          0x08001e6d   Thumb Code    18  stm32f4xx_it.o(i.SysTick_Handler)
    SystemClock_Config                       0x08001e85   Thumb Code   192  main.o(i.SystemClock_Config)
    SystemInit                               0x08001f4d   Thumb Code    82  system_stm32f4xx.o(i.SystemInit)
    TIM_Base_SetConfig                       0x08001fb1   Thumb Code   184  stm32f4xx_hal_tim.o(i.TIM_Base_SetConfig)
    TIM_CCxChannelCmd                        0x08002095   Thumb Code    28  stm32f4xx_hal_tim.o(i.TIM_CCxChannelCmd)
    TIM_OC2_SetConfig                        0x08002121   Thumb Code   112  stm32f4xx_hal_tim.o(i.TIM_OC2_SetConfig)
    UsageFault_Handler                       0x08002271   Thumb Code     4  stm32f4xx_it.o(i.UsageFault_Handler)
    __0printf$1                              0x08002275   Thumb Code    22  printf1.o(i.__0printf$1)
    __1printf$1                              0x08002275   Thumb Code     0  printf1.o(i.__0printf$1)
    __2printf                                0x08002275   Thumb Code     0  printf1.o(i.__0printf$1)
    __ARM_fpclassifyf                        0x08002295   Thumb Code    38  fpclassifyf.o(i.__ARM_fpclassifyf)
    __hardfp_atan2f                          0x080022f5   Thumb Code   502  atan2f.o(i.__hardfp_atan2f)
    __hardfp_sqrtf                           0x08002545   Thumb Code    58  sqrtf.o(i.__hardfp_sqrtf)
    __mathlib_flt_infnan2                    0x0800257f   Thumb Code     6  funder.o(i.__mathlib_flt_infnan2)
    __mathlib_flt_underflow                  0x08002585   Thumb Code    10  funder.o(i.__mathlib_flt_underflow)
    __scatterload_copy                       0x08002595   Thumb Code    14  handlers.o(i.__scatterload_copy)
    __scatterload_null                       0x080025a3   Thumb Code     2  handlers.o(i.__scatterload_null)
    __scatterload_zeroinit                   0x080025a5   Thumb Code    14  handlers.o(i.__scatterload_zeroinit)
    __set_errno                              0x080025b5   Thumb Code     6  errno.o(i.__set_errno)
    calibration_accel                        0x08002715   Thumb Code   184  accelerometer.o(i.calibration_accel)
    change_pulse                             0x080027d1   Thumb Code    82  timer.o(i.change_pulse)
    deinitialize_GPIO_button                 0x0800283d   Thumb Code    12  gpio.o(i.deinitialize_GPIO_button)
    fputc                                    0x0800284d   Thumb Code    52  fput_debug.o(i.fputc)
    get_column                               0x08002885   Thumb Code    60  keypad.o(i.get_column)
    get_key                                  0x080028c5   Thumb Code    46  keypad.o(i.get_key)
    get_row                                  0x080028f9   Thumb Code    76  keypad.o(i.get_row)
    initialize_GPIO_led_lights               0x08002949   Thumb Code   106  gpio.o(i.initialize_GPIO_led_lights)
    initialize_accel                         0x080029bd   Thumb Code   130  accelerometer.o(i.initialize_accel)
    initialize_timer                         0x08002a55   Thumb Code   154  timer.o(i.initialize_timer)
    interpret_key                            0x08002b01   Thumb Code   140  keypad.o(i.interpret_key)
    main                                     0x08002bc5   Thumb Code   324  main.o(i.main)
    pitch_tilt_angle                         0x08002da9   Thumb Code   136  accelerometer.o(i.pitch_tilt_angle)
    reading_accel_values                     0x08002e49   Thumb Code    12  accelerometer.o(i.reading_accel_values)
    reset_key                                0x08002e55   Thumb Code    54  keypad.o(i.reset_key)
    roll_tilt_angle                          0x08002e8d   Thumb Code   136  accelerometer.o(i.roll_tilt_angle)
    set_keypad_column                        0x08002f2d   Thumb Code   120  keypad.o(i.set_keypad_column)
    set_keypad_row                           0x08002fb9   Thumb Code   120  keypad.o(i.set_keypad_row)
    turn_off_led                             0x08003045   Thumb Code    14  timer.o(i.turn_off_led)
    keypad_map                               0x08003058   Data          48  keypad.o(.constdata)
    APBAHBPrescTable                         0x080030b8   Data          16  stm32f4xx_hal_rcc.o(.constdata)
    Region$$Table$$Base                      0x080030c8   Number         0  anon$$obj.o(Region$$Table)
    Region$$Table$$Limit                     0x080030e8   Number         0  anon$$obj.o(Region$$Table)
    systick_flag                             0x20000000   Data           4  main.o(.data)
    flag                                     0x20000004   Data           4  main.o(.data)
    ax                                       0x20000008   Data           4  main.o(.data)
    ay                                       0x2000000c   Data           4  main.o(.data)
    az                                       0x20000010   Data           4  main.o(.data)
    displaying_count                         0x20000014   Data           4  main.o(.data)
    digit_count                              0x20000018   Data           4  main.o(.data)
    input_pitch                              0x2000001c   Data           4  main.o(.data)
    input_roll                               0x20000020   Data           4  main.o(.data)
    pitch                                    0x20000024   Data           4  main.o(.data)
    roll                                     0x20000028   Data           4  main.o(.data)
    pitch_degree_difference                  0x2000002c   Data           4  main.o(.data)
    roll_degree_difference                   0x20000030   Data           4  main.o(.data)
    LIS3DSH_InitType                         0x20000034   Data           6  accelerometer.o(.data)
    LIS3DSH_DRY                              0x2000003a   Data           3  accelerometer.o(.data)
    LIS3DSHTimeout                           0x20000040   Data           4  lis3dsh.o(.data)
    SystemCoreClock                          0x20000048   Data           4  system_stm32f4xx.o(.data)
    __stdout                                 0x2000004c   Data           4  stdout.o(.data)
    acc                                      0x20000054   Data          12  main.o(.bss)
    TIM_Handle                               0x20000060   Data          60  timer.o(.bss)
    TIM_OCHandle                             0x2000009c   Data          28  timer.o(.bss)
    GPIO_init1                               0x200000b8   Data          20  keypad.o(.bss)
    GPIO_init2                               0x200000cc   Data          20  keypad.o(.bss)
    SpiHandle                                0x200000e0   Data          88  lis3dsh.o(.bss)
    __initial_sp                             0x20000538   Data           0  startup_stm32f407xx.o(STACK)



==============================================================================

Memory Map of the image

  Image Entry point : 0x0800019d

  Load Region LR_1 (Base: 0x08000000, Size: 0x0000313c, Max: 0xffffffff, ABSOLUTE)

    Execution Region ER_RO (Base: 0x08000000, Size: 0x000030e8, Max: 0xffffffff, ABSOLUTE)

    Base Addr    Size         Type   Attr      Idx    E Section Name        Object

    0x08000000   0x00000188   Data   RO         4732    RESET               startup_stm32f407xx.o
    0x08000188   0x00000000   Code   RO         4798  * .ARM.Collect$$$$00000000  mc_w.l(entry.o)
    0x08000188   0x00000004   Code   RO         5096    .ARM.Collect$$$$00000001  mc_w.l(entry2.o)
    0x0800018c   0x00000004   Code   RO         5099    .ARM.Collect$$$$00000004  mc_w.l(entry5.o)
    0x08000190   0x00000000   Code   RO         5101    .ARM.Collect$$$$00000008  mc_w.l(entry7b.o)
    0x08000190   0x00000000   Code   RO         5103    .ARM.Collect$$$$0000000A  mc_w.l(entry8b.o)
    0x08000190   0x00000008   Code   RO         5104    .ARM.Collect$$$$0000000B  mc_w.l(entry9a.o)
    0x08000198   0x00000000   Code   RO         5106    .ARM.Collect$$$$0000000D  mc_w.l(entry10a.o)
    0x08000198   0x00000000   Code   RO         5108    .ARM.Collect$$$$0000000F  mc_w.l(entry11a.o)
    0x08000198   0x00000004   Code   RO         5097    .ARM.Collect$$$$00002712  mc_w.l(entry2.o)
    0x0800019c   0x00000024   Code   RO         4733  * .text               startup_stm32f407xx.o
    0x080001c0   0x00000024   Code   RO         4801    .text               mc_w.l(memcpya.o)
    0x080001e4   0x0000014e   Code   RO         5066    .text               mf_w.l(dadd.o)
    0x08000332   0x000000e4   Code   RO         5068    .text               mf_w.l(dmul.o)
    0x08000416   0x000000de   Code   RO         5070    .text               mf_w.l(ddiv.o)
    0x080004f4   0x00000022   Code   RO         5072    .text               mf_w.l(dflti.o)
    0x08000516   0x00000032   Code   RO         5074    .text               mf_w.l(dfixui.o)
    0x08000548   0x00000026   Code   RO         5076    .text               mf_w.l(f2d.o)
    0x0800056e   0x00000038   Code   RO         5078    .text               mf_w.l(d2f.o)
    0x080005a6   0x0000002c   Code   RO         5111    .text               mc_w.l(uidiv.o)
    0x080005d2   0x0000001e   Code   RO         5115    .text               mc_w.l(llshl.o)
    0x080005f0   0x00000020   Code   RO         5117    .text               mc_w.l(llushr.o)
    0x08000610   0x00000024   Code   RO         5119    .text               mc_w.l(llsshr.o)
    0x08000634   0x00000000   Code   RO         5128    .text               mc_w.l(iusefp.o)
    0x08000634   0x0000006e   Code   RO         5129    .text               mf_w.l(fepilogue.o)
    0x080006a2   0x000000ba   Code   RO         5131    .text               mf_w.l(depilogue.o)
    0x0800075c   0x00000024   Code   RO         5137    .text               mc_w.l(init.o)
    0x08000780   0x00000004   Code   RO          241    i.BusFault_Handler  stm32f4xx_it.o
    0x08000784   0x00000002   Code   RO          242    i.DebugMon_Handler  stm32f4xx_it.o
    0x08000786   0x00000002   PAD
    0x08000788   0x00000014   Code   RO          243    i.EXTI0_IRQHandler  stm32f4xx_it.o
    0x0800079c   0x00000180   Code   RO          226    i.Error_Handler     supporting_functions.o
    0x0800091c   0x00000174   Code   RO         1539    i.HAL_GPIO_DeInit   stm32f4xx_hal_gpio.o
    0x08000a90   0x0000000a   Code   RO         1540    i.HAL_GPIO_EXTI_Callback  stm32f4xx_hal_gpio.o
    0x08000a9a   0x00000002   PAD
    0x08000a9c   0x0000001c   Code   RO         1541    i.HAL_GPIO_EXTI_IRQHandler  stm32f4xx_hal_gpio.o
    0x08000ab8   0x0000020c   Code   RO         1542    i.HAL_GPIO_Init     stm32f4xx_hal_gpio.o
    0x08000cc4   0x00000010   Code   RO         1544    i.HAL_GPIO_ReadPin  stm32f4xx_hal_gpio.o
    0x08000cd4   0x0000000c   Code   RO         1546    i.HAL_GPIO_WritePin  stm32f4xx_hal_gpio.o
    0x08000ce0   0x0000000c   Code   RO          656    i.HAL_GetTick       stm32f4xx_hal.o
    0x08000cec   0x00000010   Code   RO          657    i.HAL_IncTick       stm32f4xx_hal.o
    0x08000cfc   0x0000003c   Code   RO          658    i.HAL_Init          stm32f4xx_hal.o
    0x08000d38   0x00000024   Code   RO          659    i.HAL_InitTick      stm32f4xx_hal.o
    0x08000d5c   0x0000000a   Code   RO          661    i.HAL_MspInit       stm32f4xx_hal.o
    0x08000d66   0x00000020   Code   RO         1067    i.HAL_NVIC_EnableIRQ  stm32f4xx_hal_cortex.o
    0x08000d86   0x0000007c   Code   RO         1073    i.HAL_NVIC_SetPriority  stm32f4xx_hal_cortex.o
    0x08000e02   0x00000002   PAD
    0x08000e04   0x00000028   Code   RO         1074    i.HAL_NVIC_SetPriorityGrouping  stm32f4xx_hal_cortex.o
    0x08000e2c   0x000002b0   Code   RO         2392    i.HAL_RCC_ClockConfig  stm32f4xx_hal_rcc.o
    0x080010dc   0x00000038   Code   RO         2397    i.HAL_RCC_GetHCLKFreq  stm32f4xx_hal_rcc.o
    0x08001114   0x000000b4   Code   RO         2401    i.HAL_RCC_GetSysClockFreq  stm32f4xx_hal_rcc.o
    0x080011c8   0x00000408   Code   RO         2404    i.HAL_RCC_OscConfig  stm32f4xx_hal_rcc.o
    0x080015d0   0x00000030   Code   RO         2901    i.HAL_SPI_DeInit    stm32f4xx_hal_spi.o
    0x08001600   0x00000088   Code   RO         2906    i.HAL_SPI_Init      stm32f4xx_hal_spi.o
    0x08001688   0x00000002   Code   RO         2907    i.HAL_SPI_MspDeInit  stm32f4xx_hal_spi.o
    0x0800168a   0x00000002   PAD
    0x0800168c   0x000000ec   Code   RO          544    i.HAL_SPI_MspInit   lis3dsh.o
    0x08001778   0x00000028   Code   RO         1076    i.HAL_SYSTICK_CLKSourceConfig  stm32f4xx_hal_cortex.o
    0x080017a0   0x0000000a   Code   RO         1077    i.HAL_SYSTICK_Callback  stm32f4xx_hal_cortex.o
    0x080017aa   0x00000034   Code   RO         1078    i.HAL_SYSTICK_Config  stm32f4xx_hal_cortex.o
    0x080017de   0x00000008   Code   RO         1079    i.HAL_SYSTICK_IRQHandler  stm32f4xx_hal_cortex.o
    0x080017e6   0x00000108   Code   RO         3330    i.HAL_TIM_PWM_ConfigChannel  stm32f4xx_hal_tim.o
    0x080018ee   0x00000034   Code   RO         3333    i.HAL_TIM_PWM_Init  stm32f4xx_hal_tim.o
    0x08001922   0x00000002   Code   RO         3335    i.HAL_TIM_PWM_MspInit  stm32f4xx_hal_tim.o
    0x08001924   0x0000004c   Code   RO         3337    i.HAL_TIM_PWM_Start  stm32f4xx_hal_tim.o
    0x08001970   0x00000088   Code   RO         3340    i.HAL_TIM_PWM_Stop  stm32f4xx_hal_tim.o
    0x080019f8   0x00000004   Code   RO          244    i.HardFault_Handler  stm32f4xx_it.o
    0x080019fc   0x0000002a   Code   RO          546    i.LIS3DSH_DataReadyInterruptConfig  lis3dsh.o
    0x08001a26   0x00000002   PAD
    0x08001a28   0x000000dc   Code   RO          548    i.LIS3DSH_Init      lis3dsh.o
    0x08001b04   0x0000004c   Code   RO          550    i.LIS3DSH_Read      lis3dsh.o
    0x08001b50   0x00000244   Code   RO          551    i.LIS3DSH_ReadACC   lis3dsh.o
    0x08001d94   0x00000074   Code   RO          552    i.LIS3DSH_SendByte  lis3dsh.o
    0x08001e08   0x00000004   Code   RO          553    i.LIS3DSH_TIMEOUT_UserCallback  lis3dsh.o
    0x08001e0c   0x00000044   Code   RO          554    i.LIS3DSH_Write     lis3dsh.o
    0x08001e50   0x00000004   Code   RO          245    i.MemManage_Handler  stm32f4xx_it.o
    0x08001e54   0x00000002   Code   RO          246    i.NMI_Handler       stm32f4xx_it.o
    0x08001e56   0x00000002   Code   RO          247    i.PendSV_Handler    stm32f4xx_it.o
    0x08001e58   0x0000000a   Code   RO          555    i.SPI_ReceiveData   lis3dsh.o
    0x08001e62   0x00000006   Code   RO          556    i.SPI_SendData      lis3dsh.o
    0x08001e68   0x00000002   Code   RO          248    i.SVC_Handler       stm32f4xx_it.o
    0x08001e6a   0x00000002   PAD
    0x08001e6c   0x00000018   Code   RO          249    i.SysTick_Handler   stm32f4xx_it.o
    0x08001e84   0x000000c8   Code   RO            5    i.SystemClock_Config  main.o
    0x08001f4c   0x00000064   Code   RO         4741    i.SystemInit        system_stm32f4xx.o
    0x08001fb0   0x000000e4   Code   RO         3348    i.TIM_Base_SetConfig  stm32f4xx_hal_tim.o
    0x08002094   0x0000001c   Code   RO         3349    i.TIM_CCxChannelCmd  stm32f4xx_hal_tim.o
    0x080020b0   0x00000070   Code   RO         3357    i.TIM_OC1_SetConfig  stm32f4xx_hal_tim.o
    0x08002120   0x00000078   Code   RO         3358    i.TIM_OC2_SetConfig  stm32f4xx_hal_tim.o
    0x08002198   0x00000078   Code   RO         3359    i.TIM_OC3_SetConfig  stm32f4xx_hal_tim.o
    0x08002210   0x00000060   Code   RO         3360    i.TIM_OC4_SetConfig  stm32f4xx_hal_tim.o
    0x08002270   0x00000004   Code   RO          250    i.UsageFault_Handler  stm32f4xx_it.o
    0x08002274   0x00000020   Code   RO         4850    i.__0printf$1       mc_w.l(printf1.o)
    0x08002294   0x00000026   Code   RO         5080    i.__ARM_fpclassifyf  m_wm.l(fpclassifyf.o)
    0x080022ba   0x00000002   PAD
    0x080022bc   0x00000010   Code   RO         1080    i.__NVIC_GetPriorityGrouping  stm32f4xx_hal_cortex.o
    0x080022cc   0x00000028   Code   RO         1081    i.__NVIC_SetPriority  stm32f4xx_hal_cortex.o
    0x080022f4   0x00000250   Code   RO         4774    i.__hardfp_atan2f   m_wm.l(atan2f.o)
    0x08002544   0x0000003a   Code   RO         4786    i.__hardfp_sqrtf    m_wm.l(sqrtf.o)
    0x0800257e   0x00000006   Code   RO         5084    i.__mathlib_flt_infnan2  m_wm.l(funder.o)
    0x08002584   0x00000010   Code   RO         5088    i.__mathlib_flt_underflow  m_wm.l(funder.o)
    0x08002594   0x0000000e   Code   RO         5141    i.__scatterload_copy  mc_w.l(handlers.o)
    0x080025a2   0x00000002   Code   RO         5142    i.__scatterload_null  mc_w.l(handlers.o)
    0x080025a4   0x0000000e   Code   RO         5143    i.__scatterload_zeroinit  mc_w.l(handlers.o)
    0x080025b2   0x00000002   PAD
    0x080025b4   0x0000000c   Code   RO         5123    i.__set_errno       mc_w.l(errno.o)
    0x080025c0   0x00000154   Code   RO         4857    i._printf_core      mc_w.l(printf1.o)
    0x08002714   0x000000bc   Code   RO          492    i.calibration_accel  accelerometer.o
    0x080027d0   0x0000006c   Code   RO          389    i.change_pulse      timer.o
    0x0800283c   0x00000010   Code   RO          323    i.deinitialize_GPIO_button  gpio.o
    0x0800284c   0x00000038   Code   RO          201    i.fputc             fput_debug.o
    0x08002884   0x00000040   Code   RO          428    i.get_column        keypad.o
    0x080028c4   0x00000034   Code   RO          429    i.get_key           keypad.o
    0x080028f8   0x00000050   Code   RO          430    i.get_row           keypad.o
    0x08002948   0x00000074   Code   RO          325    i.initialize_GPIO_led_lights  gpio.o
    0x080029bc   0x00000098   Code   RO          493    i.initialize_accel  accelerometer.o
    0x08002a54   0x000000ac   Code   RO          390    i.initialize_timer  timer.o
    0x08002b00   0x000000c4   Code   RO          431    i.interpret_key     keypad.o
    0x08002bc4   0x000001e4   Code   RO            6    i.main              main.o
    0x08002da8   0x000000a0   Code   RO          494    i.pitch_tilt_angle  accelerometer.o
    0x08002e48   0x0000000c   Code   RO          495    i.reading_accel_values  accelerometer.o
    0x08002e54   0x00000036   Code   RO          432    i.reset_key         keypad.o
    0x08002e8a   0x00000002   PAD
    0x08002e8c   0x000000a0   Code   RO          496    i.roll_tilt_angle   accelerometer.o
    0x08002f2c   0x0000008c   Code   RO          433    i.set_keypad_column  keypad.o
    0x08002fb8   0x0000008c   Code   RO          434    i.set_keypad_row    keypad.o
    0x08003044   0x00000014   Code   RO          391    i.turn_off_led      timer.o
    0x08003058   0x00000030   Data   RO          436    .constdata          keypad.o
    0x08003088   0x00000030   Data   RO          497    .constdata          accelerometer.o
    0x080030b8   0x00000010   Data   RO         2405    .constdata          stm32f4xx_hal_rcc.o
    0x080030c8   0x00000020   Data   RO         5139    Region$$Table       anon$$obj.o


    Execution Region ER_RW (Base: 0x20000000, Size: 0x00000054, Max: 0xffffffff, ABSOLUTE)

    Base Addr    Size         Type   Attr      Idx    E Section Name        Object

    0x20000000   0x00000034   Data   RW            8    .data               main.o
    0x20000034   0x00000009   Data   RW          498    .data               accelerometer.o
    0x2000003d   0x00000003   PAD
    0x20000040   0x00000004   Data   RW          558    .data               lis3dsh.o
    0x20000044   0x00000004   Data   RW          664    .data               stm32f4xx_hal.o
    0x20000048   0x00000004   Data   RW         4743    .data               system_stm32f4xx.o
    0x2000004c   0x00000004   Data   RW         5110    .data               mc_w.l(stdout.o)
    0x20000050   0x00000004   Data   RW         5124    .data               mc_w.l(errno.o)


    Execution Region ER_ZI (Base: 0x20000054, Size: 0x000004e4, Max: 0xffffffff, ABSOLUTE)

    Base Addr    Size         Type   Attr      Idx    E Section Name        Object

    0x20000054   0x0000000c   Zero   RW            7    .bss                main.o
    0x20000060   0x00000058   Zero   RW          392    .bss                timer.o
    0x200000b8   0x00000028   Zero   RW          435    .bss                keypad.o
    0x200000e0   0x00000058   Zero   RW          557    .bss                lis3dsh.o
    0x20000138   0x00000400   Zero   RW         4730    STACK               startup_stm32f407xx.o


==============================================================================

Image component sizes


      Code (inc. data)   RO Data    RW Data    ZI Data      Debug   Object Name

       672         74         48          9          0       4022   accelerometer.o
        56          4          0          0          0      30427   fput_debug.o
       132         14          0          0          0       1408   gpio.o
       726        110         48          0         40       5249   keypad.o
      1358        136          0          4         88       7424   lis3dsh.o
       684        168          0         52         12     378747   main.o
        36          8        392          0       1024        864   startup_stm32f407xx.o
       134         16          0          4          0       4788   stm32f4xx_hal.o
       362         22          0          0          0      37273   stm32f4xx_hal_cortex.o
       962         98          0          0          0       5901   stm32f4xx_hal_gpio.o
      1956         50         16          0          0       5353   stm32f4xx_hal_rcc.o
       186          0          0          0          0       2764   stm32f4xx_hal_spi.o
      1234         98          0          0          0       9505   stm32f4xx_hal_tim.o
        68         10          0          0          0       4717   stm32f4xx_it.o
       384        312          0          0          0        596   supporting_functions.o
       100         18          0          4          0       1281   system_stm32f4xx.o
       300         50          0          0         88       2419   timer.o

    ----------------------------------------------------------------------
      9364       1188        536         76       1252     502738   Object Totals
         0          0         32          0          0          0   (incl. Generated)
        14          0          0          3          0          0   (incl. Padding)

    ----------------------------------------------------------------------

      Code (inc. data)   RO Data    RW Data    ZI Data      Debug   Library Member Name

       592         90          0          0          0        184   atan2f.o
        38          0          0          0          0        116   fpclassifyf.o
        22          6          0          0          0        232   funder.o
        58          0          0          0          0        136   sqrtf.o
         0          0          0          0          0          0   entry.o
         0          0          0          0          0          0   entry10a.o
         0          0          0          0          0          0   entry11a.o
         8          4          0          0          0          0   entry2.o
         4          0          0          0          0          0   entry5.o
         0          0          0          0          0          0   entry7b.o
         0          0          0          0          0          0   entry8b.o
         8          4          0          0          0          0   entry9a.o
        12          6          0          4          0         68   errno.o
        30          0          0          0          0          0   handlers.o
        36          8          0          0          0         68   init.o
         0          0          0          0          0          0   iusefp.o
        30          0          0          0          0         68   llshl.o
        36          0          0          0          0         68   llsshr.o
        32          0          0          0          0         68   llushr.o
        36          0          0          0          0         68   memcpya.o
       372         14          0          0          0        184   printf1.o
         0          0          0          4          0          0   stdout.o
        44          0          0          0          0         80   uidiv.o
        56          0          0          0          0         88   d2f.o
       334          0          0          0          0        148   dadd.o
       222          0          0          0          0        100   ddiv.o
       186          0          0          0          0        176   depilogue.o
        50          0          0          0          0         76   dfixui.o
        34          0          0          0          0         76   dflti.o
       228          0          0          0          0         96   dmul.o
        38          0          0          0          0         68   f2d.o
       110          0          0          0          0        168   fepilogue.o

    ----------------------------------------------------------------------
      2620        132          0          8          0       2336   Library Totals
         4          0          0          0          0          0   (incl. Padding)

    ----------------------------------------------------------------------

      Code (inc. data)   RO Data    RW Data    ZI Data      Debug   Library Name

       710         96          0          0          0        668   m_wm.l
       648         36          0          8          0        672   mc_w.l
      1258          0          0          0          0        996   mf_w.l

    ----------------------------------------------------------------------
      2620        132          0          8          0       2336   Library Totals

    ----------------------------------------------------------------------

==============================================================================


      Code (inc. data)   RO Data    RW Data    ZI Data      Debug   

     11984       1320        536         84       1252     496598   Grand Totals
     11984       1320        536         84       1252     496598   ELF Image Totals
     11984       1320        536         84          0          0   ROM Totals

==============================================================================

    Total RO  Size (Code + RO Data)                12520 (  12.23kB)
    Total RW  Size (RW Data + ZI Data)              1336 (   1.30kB)
    Total ROM Size (Code + RO Data + RW Data)      12604 (  12.31kB)

==============================================================================

